Component: ARM Compiler 5.06 update 5 (build 528) Tool: armlink [4d35e2]

==============================================================================

Section Cross References

    startup_stm32f10x_md.o(STACK) refers (Special) to heapauxi.o(.text) for __use_two_region_memory
    startup_stm32f10x_md.o(HEAP) refers (Special) to heapauxi.o(.text) for __use_two_region_memory
    startup_stm32f10x_md.o(RESET) refers (Special) to heapauxi.o(.text) for __use_two_region_memory
    startup_stm32f10x_md.o(RESET) refers to startup_stm32f10x_md.o(STACK) for __initial_sp
    startup_stm32f10x_md.o(RESET) refers to startup_stm32f10x_md.o(.text) for Reset_Handler
    startup_stm32f10x_md.o(RESET) refers to stm32f10x_it.o(i.NMI_Handler) for NMI_Handler
    startup_stm32f10x_md.o(RESET) refers to stm32f10x_it.o(i.HardFault_Handler) for HardFault_Handler
    startup_stm32f10x_md.o(RESET) refers to stm32f10x_it.o(i.MemManage_Handler) for MemManage_Handler
    startup_stm32f10x_md.o(RESET) refers to stm32f10x_it.o(i.BusFault_Handler) for BusFault_Handler
    startup_stm32f10x_md.o(RESET) refers to stm32f10x_it.o(i.UsageFault_Handler) for UsageFault_Handler
    startup_stm32f10x_md.o(RESET) refers to stm32f10x_it.o(i.SVC_Handler) for SVC_Handler
    startup_stm32f10x_md.o(RESET) refers to stm32f10x_it.o(i.DebugMon_Handler) for DebugMon_Handler
    startup_stm32f10x_md.o(RESET) refers to stm32f10x_it.o(i.PendSV_Handler) for PendSV_Handler
    startup_stm32f10x_md.o(RESET) refers to stm32f10x_it.o(i.SysTick_Handler) for SysTick_Handler
    startup_stm32f10x_md.o(RESET) refers to uart.o(i.USART1_IRQHandler) for USART1_IRQHandler
    startup_stm32f10x_md.o(.text) refers (Special) to heapauxi.o(.text) for __use_two_region_memory
    startup_stm32f10x_md.o(.text) refers to system_stm32f10x.o(i.SystemInit) for SystemInit
    startup_stm32f10x_md.o(.text) refers to __main.o(!!!main) for __main
    startup_stm32f10x_md.o(.text) refers to startup_stm32f10x_md.o(HEAP) for Heap_Mem
    startup_stm32f10x_md.o(.text) refers to startup_stm32f10x_md.o(STACK) for Stack_Mem
    system_stm32f10x.o(i.SetSysClock) refers to system_stm32f10x.o(i.SetSysClockTo72) for SetSysClockTo72
    system_stm32f10x.o(i.SystemCoreClockUpdate) refers to system_stm32f10x.o(.data) for SystemCoreClock
    system_stm32f10x.o(i.SystemInit) refers to system_stm32f10x.o(i.SetSysClock) for SetSysClock
    stm32f10x_adc.o(i.ADC_DeInit) refers to stm32f10x_rcc.o(i.RCC_APB2PeriphResetCmd) for RCC_APB2PeriphResetCmd
    stm32f10x_bkp.o(i.BKP_DeInit) refers to stm32f10x_rcc.o(i.RCC_BackupResetCmd) for RCC_BackupResetCmd
    stm32f10x_can.o(i.CAN_DeInit) refers to stm32f10x_rcc.o(i.RCC_APB1PeriphResetCmd) for RCC_APB1PeriphResetCmd
    stm32f10x_can.o(i.CAN_GetITStatus) refers to stm32f10x_can.o(i.CheckITStatus) for CheckITStatus
    stm32f10x_cec.o(i.CEC_DeInit) refers to stm32f10x_rcc.o(i.RCC_APB1PeriphResetCmd) for RCC_APB1PeriphResetCmd
    stm32f10x_dac.o(i.DAC_DeInit) refers to stm32f10x_rcc.o(i.RCC_APB1PeriphResetCmd) for RCC_APB1PeriphResetCmd
    stm32f10x_flash.o(i.FLASH_EnableWriteProtection) refers to stm32f10x_flash.o(i.FLASH_WaitForLastOperation) for FLASH_WaitForLastOperation
    stm32f10x_flash.o(i.FLASH_EraseAllBank1Pages) refers to stm32f10x_flash.o(i.FLASH_WaitForLastBank1Operation) for FLASH_WaitForLastBank1Operation
    stm32f10x_flash.o(i.FLASH_EraseAllPages) refers to stm32f10x_flash.o(i.FLASH_WaitForLastOperation) for FLASH_WaitForLastOperation
    stm32f10x_flash.o(i.FLASH_EraseOptionBytes) refers to stm32f10x_flash.o(i.FLASH_GetReadOutProtectionStatus) for FLASH_GetReadOutProtectionStatus
    stm32f10x_flash.o(i.FLASH_EraseOptionBytes) refers to stm32f10x_flash.o(i.FLASH_WaitForLastOperation) for FLASH_WaitForLastOperation
    stm32f10x_flash.o(i.FLASH_ErasePage) refers to stm32f10x_flash.o(i.FLASH_WaitForLastOperation) for FLASH_WaitForLastOperation
    stm32f10x_flash.o(i.FLASH_ProgramHalfWord) refers to stm32f10x_flash.o(i.FLASH_WaitForLastOperation) for FLASH_WaitForLastOperation
    stm32f10x_flash.o(i.FLASH_ProgramOptionByteData) refers to stm32f10x_flash.o(i.FLASH_WaitForLastOperation) for FLASH_WaitForLastOperation
    stm32f10x_flash.o(i.FLASH_ProgramWord) refers to stm32f10x_flash.o(i.FLASH_WaitForLastOperation) for FLASH_WaitForLastOperation
    stm32f10x_flash.o(i.FLASH_ReadOutProtection) refers to stm32f10x_flash.o(i.FLASH_WaitForLastOperation) for FLASH_WaitForLastOperation
    stm32f10x_flash.o(i.FLASH_UserOptionByteConfig) refers to stm32f10x_flash.o(i.FLASH_WaitForLastOperation) for FLASH_WaitForLastOperation
    stm32f10x_flash.o(i.FLASH_WaitForLastBank1Operation) refers to stm32f10x_flash.o(i.FLASH_GetBank1Status) for FLASH_GetBank1Status
    stm32f10x_flash.o(i.FLASH_WaitForLastOperation) refers to stm32f10x_flash.o(i.FLASH_GetBank1Status) for FLASH_GetBank1Status
    stm32f10x_gpio.o(i.GPIO_AFIODeInit) refers to stm32f10x_rcc.o(i.RCC_APB2PeriphResetCmd) for RCC_APB2PeriphResetCmd
[...]
    .ARM.Collect$$libshutdown$$0000000F      0x08000198   Section        0  libshutdown2.o(.ARM.Collect$$libshutdown$$0000000F)
    .ARM.Collect$$libshutdown$$00000010      0x08000198   Section        2  libshutdown2.o(.ARM.Collect$$libshutdown$$00000010)
    .ARM.Collect$$rtentry$$00000000          0x0800019a   Section        0  __rtentry.o(.ARM.Collect$$rtentry$$00000000)
    .ARM.Collect$$rtentry$$00000002          0x0800019a   Section        0  __rtentry2.o(.ARM.Collect$$rtentry$$00000002)
    .ARM.Collect$$rtentry$$00000004          0x0800019a   Section        6  __rtentry4.o(.ARM.Collect$$rtentry$$00000004)
    .ARM.Collect$$rtentry$$00000009          0x080001a0   Section        0  __rtentry2.o(.ARM.Collect$$rtentry$$00000009)
    .ARM.Collect$$rtentry$$0000000A          0x080001a0   Section        4  __rtentry2.o(.ARM.Collect$$rtentry$$0000000A)
    .ARM.Collect$$rtentry$$0000000C          0x080001a4   Section        0  __rtentry2.o(.ARM.Collect$$rtentry$$0000000C)
    .ARM.Collect$$rtentry$$0000000D          0x080001a4   Section        8  __rtentry2.o(.ARM.Collect$$rtentry$$0000000D)
    .ARM.Collect$$rtexit$$00000000           0x080001ac   Section        2  rtexit.o(.ARM.Collect$$rtexit$$00000000)
    .ARM.Collect$$rtexit$$00000002           0x080001ae   Section        0  rtexit2.o(.ARM.Collect$$rtexit$$00000002)
    .ARM.Collect$$rtexit$$00000003           0x080001ae   Section        4  rtexit2.o(.ARM.Collect$$rtexit$$00000003)
    .ARM.Collect$$rtexit$$00000004           0x080001b2   Section        6  rtexit2.o(.ARM.Collect$$rtexit$$00000004)
    .text                                    0x080001b8   Section       64  startup_stm32f10x_md.o(.text)
    .text                                    0x080001f8   Section        0  __2sprintf.o(.text)
    .text                                    0x08000224   Section        0  _printf_str.o(.text)
    .text                                    0x08000278   Section        0  _printf_dec.o(.text)
    .text                                    0x080002f0   Section        0  __printf_wp.o(.text)
    .text                                    0x08000400   Section        0  __0sscanf.o(.text)
    .text                                    0x0800043c   Section        0  _scanf_int.o(.text)
    .text                                    0x08000588   Section      100  rt_memcpy_w.o(.text)
    .text                                    0x080005ec   Section        0  heapauxi.o(.text)
    .text                                    0x080005f2   Section        0  _printf_intcommon.o(.text)
    .text                                    0x080006a4   Section        0  _printf_fp_dec.o(.text)
    _fp_digits                               0x080006a7   Thumb Code   432  _printf_fp_dec.o(.text)
    .text                                    0x08000ac4   Section        0  _printf_char_common.o(.text)
    _printf_input_char                       0x08000ac5   Thumb Code    10  _printf_char_common.o(.text)
    .text                                    0x08000af4   Section        0  _sputc.o(.text)
    .text                                    0x08000afe   Section        0  _printf_char.o(.text)
    .text                                    0x08000b2a   Section        0  _chval.o(.text)
    .text                                    0x08000b48   Section        0  scanf_fp.o(.text)
    _fp_value                                0x08000b49   Thumb Code   588  scanf_fp.o(.text)
    .text                                    0x08001040   Section        0  scanf_char.o(.text)
    _scanf_char_input                        0x08001041   Thumb Code    12  scanf_char.o(.text)
    .text                                    0x0800106c   Section        0  _sgetc.o(.text)
    .text                                    0x080010ac   Section        8  rt_locale_intlibspace.o(.text)
    .text                                    0x080010b4   Section        8  rt_errno_addr_intlibspace.o(.text)
    .text                                    0x080010bc   Section      138  lludiv10.o(.text)
    .text                                    0x08001146   Section        0  isspace.o(.text)
    .text                                    0x08001158   Section        0  _printf_fp_infnan.o(.text)
    .text                                    0x080011d8   Section        0  _scanf.o(.text)
    .text                                    0x0800154c   Section        0  bigflt0.o(.text)
    .text                                    0x08001630   Section        8  libspace.o(.text)
    .text                                    0x08001638   Section       74  sys_stackheap_outer.o(.text)
    .text                                    0x08001684   Section       16  rt_ctype_table.o(.text)
    .text                                    0x08001694   Section        0  _rserrno.o(.text)
    .text                                    0x080016ac   Section        0  scanf_hexfp.o(.text)
    .text                                    0x080019cc   Section        0  scanf_infnan.o(.text)
    .text                                    0x08001b00   Section        0  exit.o(.text)
    .text                                    0x08001b14   Section      128  strcmpv7m.o(.text)
    .text                                    0x08001b94   Section       38  llshl.o(.text)
    .text                                    0x08001bbc   Section        0  sys_exit.o(.text)
    .text                                    0x08001bc8   Section        2  use_no_semi.o(.text)
    .text                                    0x08001bca   Section        0  indicate_semi.o(.text)
    CL$$btod_d2e                             0x08001bca   Section       62  btod.o(CL$$btod_d2e)
    CL$$btod_d2e_denorm_low                  0x08001c08   Section       70  btod.o(CL$$btod_d2e_denorm_low)
    CL$$btod_d2e_norm_op1                    0x08001c4e   Section       96  btod.o(CL$$btod_d2e_norm_op1)
    CL$$btod_div_common                      0x08001cae   Section      824  btod.o(CL$$btod_div_common)
    CL$$btod_e2d                             0x08001fe8   Section      132  btod.o(CL$$btod_e2d)
    CL$$btod_e2e                             0x0800206c   Section      220  btod.o(CL$$btod_e2e)
    CL$$btod_ediv                            0x08002148   Section       42  btod.o(CL$$btod_ediv)
    CL$$btod_edivd                           0x08002172   Section       42  btod.o(CL$$btod_edivd)
    CL$$btod_emul                            0x0800219c   Section       42  btod.o(CL$$btod_emul)
    CL$$btod_emuld                           0x080021c6   Section       42  btod.o(CL$$btod_emuld)
    CL$$btod_mult_common                     0x080021f0   Section      580  btod.o(CL$$btod_mult_common)
    i.ADCDMA_Init                            0x08002434   Section        0  adc.o(i.ADCDMA_Init)
    i.ADC_Cmd                                0x08002528   Section        0  stm32f10x_adc.o(i.ADC_Cmd)
    i.ADC_DMACmd                             0x0800253e   Section        0  stm32f10x_adc.o(i.ADC_DMACmd)
    i.ADC_GetCalibrationStatus               0x08002554   Section        0  stm32f10x_adc.o(i.ADC_GetCalibrationStatus)
    i.ADC_GetResetCalibrationStatus          0x08002568   Section        0  stm32f10x_adc.o(i.ADC_GetResetCalibrationStatus)
    i.ADC_Init                               0x0800257c   Section        0  stm32f10x_adc.o(i.ADC_Init)
    i.ADC_Pot_Init                           0x080025cc   Section        0  adc.o(i.ADC_Pot_Init)
    i.ADC_RegularChannelConfig               0x080025f0   Section        0  stm32f10x_adc.o(i.ADC_RegularChannelConfig)
    i.ADC_ResetCalibration                   0x080026a8   Section        0  stm32f10x_adc.o(i.ADC_ResetCalibration)
    i.ADC_SoftwareStartConvCmd               0x080026b2   Section        0  stm32f10x_adc.o(i.ADC_SoftwareStartConvCmd)
    i.ADC_StartCalibration                   0x080026c8   Section        0  stm32f10x_adc.o(i.ADC_StartCalibration)
    i.BusFault_Handler                       0x080026d2   Section        0  stm32f10x_it.o(i.BusFault_Handler)
    i.DMA_Cmd                                0x080026d6   Section        0  stm32f10x_dma.o(i.DMA_Cmd)
    i.DMA_Init                               0x080026ee   Section        0  stm32f10x_dma.o(i.DMA_Init)
    i.DebugMon_Handler                       0x0800272a   Section        0  stm32f10x_it.o(i.DebugMon_Handler)
    i.Delay_ms                               0x0800272c   Section        0  delay.o(i.Delay_ms)
    i.Delay_us                               0x08002744   Section        0  delay.o(i.Delay_us)
    i.GPIO_Init                              0x08002772   Section        0  stm32f10x_gpio.o(i.GPIO_Init)
    i.GPIO_ReadInputDataBit                  0x08002888   Section        0  stm32f10x_gpio.o(i.GPIO_ReadInputDataBit)
    i.GPIO_ResetBits                         0x0800289a   Section        0  stm32f10x_gpio.o(i.GPIO_ResetBits)
    i.GPIO_SetBits                           0x0800289e   Section        0  stm32f10x_gpio.o(i.GPIO_SetBits)
    i.GPIO_WriteBit                          0x080028a2   Section        0  stm32f10x_gpio.o(i.GPIO_WriteBit)
    i.Get_ADC_Average                        0x080028ac   Section        0  adc.o(i.Get_ADC_Average)
    i.Get_Averaged_Current                   0x080028d0   Section        0  main.o(i.Get_Averaged_Current)
    i.Get_Current_Amps                       0x08002948   Section        0  adc.o(i.Get_Current_Amps)
    i.HardFault_Handler                      0x08002988   Section        0  stm32f10x_it.o(i.HardFault_Handler)
    i.Key_GetNum                             0x0800298c   Section        0  key.o(i.Key_GetNum)
    i.Key_Init                               0x080029e8   Section        0  key.o(i.Key_Init)
    i.LED1_OFF                               0x08002a20   Section        0  led.o(i.LED1_OFF)
    i.LED1_ON                                0x08002a30   Section        0  led.o(i.LED1_ON)
    i.LED2_OFF                               0x08002a40   Section        0  led.o(i.LED2_OFF)
    i.LED2_ON                                0x08002a50   Section        0  led.o(i.LED2_ON)
    i.LED_Init                               0x08002a60   Section        0  led.o(i.LED_Init)
    i.MemManage_Handler                      0x08002a94   Section        0  stm32f10x_it.o(i.MemManage_Handler)
    i.NMI_Handler                            0x08002a98   Section        0  stm32f10x_it.o(i.NMI_Handler)
    i.NVIC_Init                              0x08002a9c   Section        0  misc.o(i.NVIC_Init)
    i.NVIC_PriorityGroupConfig               0x08002b0c   Section        0  misc.o(i.NVIC_PriorityGroupConfig)
    i.OLED_Clear                             0x08002b20   Section        0  oled.o(i.OLED_Clear)
    i.OLED_I2C_Init                          0x08002b4c   Section        0  oled.o(i.OLED_I2C_Init)
    i.OLED_I2C_SendByte                      0x08002b9c   Section        0  oled.o(i.OLED_I2C_SendByte)
    i.OLED_I2C_Start                         0x08002bf8   Section        0  oled.o(i.OLED_I2C_Start)
    i.OLED_I2C_Stop                          0x08002c2c   Section        0  oled.o(i.OLED_I2C_Stop)
    i.OLED_Init                              0x08002c54   Section        0  oled.o(i.OLED_Init)
    i.OLED_SetCursor                         0x08002d02   Section        0  oled.o(i.OLED_SetCursor)
    i.OLED_ShowChar                          0x08002d24   Section        0  oled.o(i.OLED_ShowChar)
    i.OLED_ShowPowerLine                     0x08002d98   Section        0  main.o(i.OLED_ShowPowerLine)
    OLED_ShowPowerLine                       0x08002d99   Thumb Code    96  main.o(i.OLED_ShowPowerLine)
    i.OLED_ShowString                        0x08002e0c   Section        0  oled.o(i.OLED_ShowString)
    i.OLED_WriteCommand                      0x08002e34   Section        0  oled.o(i.OLED_WriteCommand)
    i.OLED_WriteData                         0x08002e54   Section        0  oled.o(i.OLED_WriteData)
    i.PendSV_Handler                         0x08002e74   Section        0  stm32f10x_it.o(i.PendSV_Handler)
    i.RCC_ADCCLKConfig                       0x08002e78   Section        0  stm32f10x_rcc.o(i.RCC_ADCCLKConfig)
    i.RCC_AHBPeriphClockCmd                  0x08002e90   Section        0  stm32f10x_rcc.o(i.RCC_AHBPeriphClockCmd)
    i.RCC_APB2PeriphClockCmd                 0x08002eb0   Section        0  stm32f10x_rcc.o(i.RCC_APB2PeriphClockCmd)
    i.RCC_GetClocksFreq                      0x08002ed0   Section        0  stm32f10x_rcc.o(i.RCC_GetClocksFreq)
    i.SVC_Handler                            0x08002fa4   Section        0  stm32f10x_it.o(i.SVC_Handler)
    i.SetSysClock                            0x08002fa6   Section        0  system_stm32f10x.o(i.SetSysClock)
    SetSysClock                              0x08002fa7   Thumb Code     8  system_stm32f10x.o(i.SetSysClock)
    i.SetSysClockTo72                        0x08002fb0   Section        0  system_stm32f10x.o(i.SetSysClockTo72)
    SetSysClockTo72                          0x08002fb1   Thumb Code   214  system_stm32f10x.o(i.SetSysClockTo72)
    i.SysTick_Handler                        0x08003090   Section        0  stm32f10x_it.o(i.SysTick_Handler)
    i.SystemInit                             0x08003094   Section        0  system_stm32f10x.o(i.SystemInit)
    i.UART1_ClearRxFlag                      0x080030f4   Section        0  uart.o(i.UART1_ClearRxFlag)
    i.UART1_GetRxFlag                        0x08003108   Section        0  uart.o(i.UART1_GetRxFlag)
    i.UART1_GetRxLine                        0x08003114   Section        0  uart.o(i.UART1_GetRxLine)
    i.UART1_Init                             0x0800313c   Section        0  uart.o(i.UART1_Init)
    i.UART1_SendByte                         0x080031d8   Section        0  uart.o(i.UART1_SendByte)
    i.UART1_SendString                       0x08003208   Section        0  uart.o(i.UART1_SendString)
    i.USART1_IRQHandler                      0x08003220   Section        0  uart.o(i.USART1_IRQHandler)
    i.USART_ClearITPendingBit                0x08003288   Section        0  stm32f10x_usart.o(i.USART_ClearITPendingBit)
    i.USART_Cmd                              0x080032a6   Section        0  stm32f10x_usart.o(i.USART_Cmd)
    i.USART_GetFlagStatus                    0x080032be   Section        0  stm32f10x_usart.o(i.USART_GetFlagStatus)
    i.USART_GetITStatus                      0x080032d8   Section        0  stm32f10x_usart.o(i.USART_GetITStatus)
    i.USART_ITConfig                         0x0800332c   Section        0  stm32f10x_usart.o(i.USART_ITConfig)
    i.USART_Init                             0x08003378   Section        0  stm32f10x_usart.o(i.USART_Init)
    i.USART_ReceiveData                      0x08003450   Section        0  stm32f10x_usart.o(i.USART_ReceiveData)
    i.USART_SendData                         0x0800345a   Section        0  stm32f10x_usart.o(i.USART_SendData)
    i.UsageFault_Handler                     0x08003462   Section        0  stm32f10x_it.o(i.UsageFault_Handler)
    i.__ARM_fpclassify                       0x08003466   Section        0  fpclassify.o(i.__ARM_fpclassify)
    i.__mathlib_dbl_overflow                 0x0800348e   Section        0  dunder.o(i.__mathlib_dbl_overflow)
    i.__mathlib_dbl_underflow                0x0800349c   Section        0  dunder.o(i.__mathlib_dbl_underflow)
    i.__mathlib_narrow                       0x080034ac   Section        0  narrow.o(i.__mathlib_narrow)
    i.__mathlib_tofloat                      0x080034bc   Section        0  narrow.o(i.__mathlib_tofloat)
    i.__support_ldexp                        0x08003578   Section        0  ldexp.o(i.__support_ldexp)
    i._is_digit                              0x0800358e   Section        0  __printf_wp.o(i._is_digit)
    i.frexp                                  0x0800359c   Section        0  frexp.o(i.frexp)
    i.ldexp                                  0x080035f4   Section        0  ldexp.o(i.ldexp)
    i.main                                   0x08003668   Section        0  main.o(i.main)
    locale$$code                             0x08003bb0   Section       44  lc_numeric_c.o(locale$$code)
    locale$$code                             0x08003bdc   Section       44  lc_ctype_c.o(locale$$code)
    x$fpl$d2f                                0x08003c08   Section       98  d2f.o(x$fpl$d2f)
    x$fpl$dcheck1                            0x08003c6c   Section       16  dcheck1.o(x$fpl$dcheck1)
    x$fpl$dcmpinf                            0x08003c7c   Section       24  dcmpi.o(x$fpl$dcmpinf)
    x$fpl$deqf                               0x08003c94   Section      120  deqf.o(x$fpl$deqf)
    x$fpl$dleqf                              0x08003d0c   Section      120  dleqf.o(x$fpl$dleqf)
    x$fpl$dnaninf                            0x08003d84   Section      156  dnaninf.o(x$fpl$dnaninf)
    x$fpl$dretinf                            0x08003e20   Section       12  dretinf.o(x$fpl$dretinf)
    x$fpl$drleqf                             0x08003e2c   Section      108  drleqf.o(x$fpl$drleqf)
    x$fpl$f2d                                0x08003e98   Section       86  f2d.o(x$fpl$f2d)
    x$fpl$fadd                               0x08003ef0   Section      196  faddsub_clz.o(x$fpl$fadd)
    _fadd1                                   0x08003eff   Thumb Code     0  faddsub_clz.o(x$fpl$fadd)
    x$fpl$fdiv                               0x08003fb4   Section      388  fdiv.o(x$fpl$fdiv)
    _fdiv1                                   0x08003fb5   Thumb Code     0  fdiv.o(x$fpl$fdiv)
    x$fpl$ffltu                              0x08004138   Section       38  fflt_clz.o(x$fpl$ffltu)
    x$fpl$fmul                               0x08004160   Section      258  fmul.o(x$fpl$fmul)
    x$fpl$fnaninf                            0x08004262   Section      140  fnaninf.o(x$fpl$fnaninf)
    x$fpl$fretinf                            0x080042ee   Section       10  fretinf.o(x$fpl$fretinf)
    x$fpl$fsub                               0x080042f8   Section      234  faddsub_clz.o(x$fpl$fsub)
    _fsub1                                   0x08004307   Thumb Code     0  faddsub_clz.o(x$fpl$fsub)
    x$fpl$ieeestatus                         0x080043e2   Section        6  istatus.o(x$fpl$ieeestatus)
    x$fpl$printf1                            0x080043e8   Section        4  printf1.o(x$fpl$printf1)
    x$fpl$retnan                             0x080043ec   Section      100  retnan.o(x$fpl$retnan)
    x$fpl$scalbn                             0x08004450   Section       92  scalbn.o(x$fpl$scalbn)
    x$fpl$scanf1                             0x080044ac   Section        4  scanf1.o(x$fpl$scanf1)
    x$fpl$scanf2                             0x080044b0   Section        8  scanf2.o(x$fpl$scanf2)
    x$fpl$trapveneer                         0x080044b8   Section       48  trapv.o(x$fpl$trapveneer)
    .constdata                               0x080044e8   Section     1520  oled.o(.constdata)
    x$fpl$usenofp                            0x080044e8   Section        0  usenofp.o(x$fpl$usenofp)
    .constdata                               0x08004ad8   Section       32  main.o(.constdata)
    .constdata                               0x08004af8   Section      148  bigflt0.o(.constdata)
    tenpwrs_x                                0x08004af8   Data          60  bigflt0.o(.constdata)
    tenpwrs_i                                0x08004b34   Data          64  bigflt0.o(.constdata)
    .conststring                             0x08004b8c   Section       59  main.o(.conststring)
    c$$dinf                                  0x08004be8   Section        8  fpconst.o(c$$dinf)
    c$$dmax                                  0x08004bf0   Section        8  fpconst.o(c$$dmax)
    locale$$data                             0x08004bf8   Section       28  lc_numeric_c.o(locale$$data)
    __lcnum_c_name                           0x08004bfc   Data           2  lc_numeric_c.o(locale$$data)
    __lcnum_c_start                          0x08004c04   Data           0  lc_numeric_c.o(locale$$data)
    __lcnum_c_point                          0x08004c10   Data           0  lc_numeric_c.o(locale$$data)
    __lcnum_c_thousands                      0x08004c12   Data           0  lc_numeric_c.o(locale$$data)
    __lcnum_c_grouping                       0x08004c13   Data           0  lc_numeric_c.o(locale$$data)
    locale$$data                             0x08004c14   Section      272  lc_ctype_c.o(locale$$data)
    __lcnum_c_end                            0x08004c14   Data           0  lc_numeric_c.o(locale$$data)
    __lcctype_c_name                         0x08004c18   Data           2  lc_ctype_c.o(locale$$data)
    __lcctype_c_start                        0x08004c20   Data           0  lc_ctype_c.o(locale$$data)
    __lcctype_c_end                          0x08004d24   Data           0  lc_ctype_c.o(locale$$data)
    .data                                    0x20000000   Section       20  stm32f10x_rcc.o(.data)
    APBAHBPrescTable                         0x20000000   Data          16  stm32f10x_rcc.o(.data)
    ADCPrescTable                            0x20000010   Data           4  stm32f10x_rcc.o(.data)
    .data                                    0x20000014   Section        2  uart.o(.data)
    uart1_rx_index                           0x20000014   Data           1  uart.o(.data)
    uart1_rx_complete                        0x20000015   Data           1  uart.o(.data)
    .data                                    0x20000016   Section        2  main.o(.data)
    .bss                                     0x20000018   Section      200  adc.o(.bss)
    .bss                                     0x200000e0   Section       64  uart.o(.bss)
    uart1_rx_buf                             0x200000e0   Data          64  uart.o(.bss)
    .bss                                     0x20000120   Section       80  main.o(.bss)
    .bss                                     0x20000170   Section       96  libspace.o(.bss)
    HEAP                                     0x200001d0   Section      512  startup_stm32f10x_md.o(HEAP)
    Heap_Mem                                 0x200001d0   Data         512  startup_stm32f10x_md.o(HEAP)
    STACK                                    0x200003d0   Section     1024  startup_stm32f10x_md.o(STACK)
    Stack_Mem                                0x200003d0   Data        1024  startup_stm32f10x_md.o(STACK)
    __initial_sp                             0x200007d0   Data           0  startup_stm32f10x_md.o(STACK)

    Global Symbols

    Symbol Name                              Value     Ov Type        Size  Object(Section)

    BuildAttributes$$THM_ISAv4$P$D$K$B$S$PE$A:L22UL41UL21$X:L11$S22US41US21$IEEE1$IW$USESV6$~STKCKD$USESV7$~SHL$OTIME$ROPI$IEEEX$EBA8$UX$STANDARDLIB$REQ8$PRES8$EABIv2 0x00000000   Number         0  anon$$obj.o ABSOLUTE
    __ARM_use_no_argv                        0x00000000   Number         0  main.o ABSOLUTE
    _printf_flags                            0x00000000   Number         0  printf_stubs.o ABSOLUTE
    _printf_return_value                     0x00000000   Number         0  printf_stubs.o ABSOLUTE
    _printf_sizespec                         0x00000000   Number         0  printf_stubs.o ABSOLUTE
    _printf_widthprec                        0x00000000   Number         0  printf_stubs.o ABSOLUTE
    __ARM_exceptions_init                     - Undefined Weak Reference
    __alloca_initialize                       - Undefined Weak Reference
    __arm_preinit_                            - Undefined Weak Reference
    __cpp_initialize__aeabi_                  - Undefined Weak Reference
    __cxa_finalize                            - Undefined Weak Reference
    __sigvec_lookup                           - Undefined Weak Reference
    _atexit_init                              - Undefined Weak Reference
    _call_atexit_fns                          - Undefined Weak Reference
    _clock_init                               - Undefined Weak Reference
    _fp_trap_init                             - Undefined Weak Reference
    _fp_trap_shutdown                         - Undefined Weak Reference
    _get_lc_collate                           - Undefined Weak Reference
    _get_lc_monetary                          - Undefined Weak Reference
    _get_lc_time                              - Undefined Weak Reference
    _getenv_init                              - Undefined Weak Reference
    _handle_redirection                       - Undefined Weak Reference
    _init_alloc                               - Undefined Weak Reference
    _init_user_alloc                          - Undefined Weak Reference
    _initio                                   - Undefined Weak Reference
    _printf_mbtowc                            - Undefined Weak Reference
    _printf_post_padding                      - Undefined Weak Reference
    _printf_pre_padding                       - Undefined Weak Reference
    _printf_truncate_signed                   - Undefined Weak Reference
    _printf_truncate_unsigned                 - Undefined Weak Reference
    _rand_init                                - Undefined Weak Reference
    _scanf_longlong                           - Undefined Weak Reference
    _scanf_mbtowc                             - Undefined Weak Reference
    _scanf_string                             - Undefined Weak Reference
    _scanf_wctomb                             - Undefined Weak Reference
    _scanf_wstring                            - Undefined Weak Reference
    _signal_finish                            - Undefined Weak Reference
    _signal_init                              - Undefined Weak Reference
    _terminate_alloc                          - Undefined Weak Reference
    _terminate_user_alloc                     - Undefined Weak Reference
    _terminateio                              - Undefined Weak Reference
    __Vectors_Size                           0x000000ec   Number         0  startup_stm32f10x_md.o ABSOLUTE
    __Vectors                                0x08000000   Data           4  startup_stm32f10x_md.o(RESET)
    __Vectors_End                            0x080000ec   Data           0  startup_stm32f10x_md.o(RESET)
    __main                                   0x080000ed   Thumb Code     8  __main.o(!!!main)
    __scatterload                            0x080000f5   Thumb Code     0  __scatter.o(!!!scatter)
    __scatterload_rt2                        0x080000f5   Thumb Code    44  __scatter.o(!!!scatter)
    __scatterload_rt2_thumb_only             0x080000f5   Thumb Code     0  __scatter.o(!!!scatter)
    __scatterload_null                       0x08000103   Thumb Code     0  __scatter.o(!!!scatter)
    __scatterload_copy                       0x08000129   Thumb Code    26  __scatter_copy.o(!!handler_copy)
    __scatterload_zeroinit                   0x08000145   Thumb Code    28  __scatter_zi.o(!!handler_zi)
    _printf_f                                0x08000161   Thumb Code     0  _printf_f.o(.ARM.Collect$$_printf_percent$$00000003)
    _printf_percent                          0x08000161   Thumb Code     0  _printf_percent.o(.ARM.Collect$$_printf_percent$$00000000)
    _printf_d                                0x08000167   Thumb Code     0  _printf_d.o(.ARM.Collect$$_printf_percent$$00000009)
    _printf_s                                0x0800016d   Thumb Code     0  _printf_s.o(.ARM.Collect$$_printf_percent$$00000014)
    _printf_percent_end                      0x08000173   Thumb Code     0  _printf_percent_end.o(.ARM.Collect$$_printf_percent$$00000017)
    __rt_lib_init                            0x08000177   Thumb Code     0  libinit.o(.ARM.Collect$$libinit$$00000000)
    __rt_lib_init_fp_1                       0x08000179   Thumb Code     0  libinit2.o(.ARM.Collect$$libinit$$00000002)
    __rt_lib_init_heap_1                     0x08000179   Thumb Code     0  libinit2.o(.ARM.Collect$$libinit$$0000000A)
    __rt_lib_init_lc_common                  0x08000179   Thumb Code     0  libinit2.o(.ARM.Collect$$libinit$$0000000F)
    __rt_lib_init_preinit_1                  0x08000179   Thumb Code     0  libinit2.o(.ARM.Collect$$libinit$$00000004)
    __rt_lib_init_rand_1                     0x08000179   Thumb Code     0  libinit2.o(.ARM.Collect$$libinit$$0000000E)
    __rt_lib_init_user_alloc_1               0x08000179   Thumb Code     0  libinit2.o(.ARM.Collect$$libinit$$0000000C)
    __rt_lib_init_lc_collate_1               0x0800017f   Thumb Code     0  libinit2.o(.ARM.Collect$$libinit$$00000011)
    __rt_lib_init_lc_ctype_2                 0x0800017f   Thumb Code     0  libinit2.o(.ARM.Collect$$libinit$$00000012)
    __rt_lib_init_lc_ctype_1                 0x0800018b   Thumb Code     0  libinit2.o(.ARM.Collect$$libinit$$00000013)
    __rt_lib_init_lc_monetary_1              0x0800018b   Thumb Code     0  libinit2.o(.ARM.Collect$$libinit$$00000015)
    __rt_lib_init_lc_numeric_2               0x0800018b   Thumb Code     0  libinit2.o(.ARM.Collect$$libinit$$00000016)
    __rt_lib_init_alloca_1                   0x08000195   Thumb Code     0  libinit2.o(.ARM.Collect$$libinit$$0000002E)
    __rt_lib_init_argv_1                     0x08000195   Thumb Code     0  libinit2.o(.ARM.Collect$$libinit$$0000002C)
    __rt_lib_init_atexit_1                   0x08000195   Thumb Code     0  libinit2.o(.ARM.Collect$$libinit$$0000001B)
    __rt_lib_init_clock_1                    0x08000195   Thumb Code     0  libinit2.o(.ARM.Collect$$libinit$$00000021)
    __rt_lib_init_cpp_1                      0x08000195   Thumb Code     0  libinit2.o(.ARM.Collect$$libinit$$00000032)
    __rt_lib_init_exceptions_1               0x08000195   Thumb Code     0  libinit2.o(.ARM.Collect$$libinit$$00000030)
    __rt_lib_init_fp_trap_1                  0x08000195   Thumb Code     0  libinit2.o(.ARM.Collect$$libinit$$0000001F)
    __rt_lib_init_getenv_1                   0x08000195   Thumb Code     0  libinit2.o(.ARM.Collect$$libinit$$00000023)
    __rt_lib_init_lc_numeric_1               0x08000195   Thumb Code     0  libinit2.o(.ARM.Collect$$libinit$$00000017)
    __rt_lib_init_lc_time_1                  0x08000195   Thumb Code     0  libinit2.o(.ARM.Collect$$libinit$$00000019)
    __rt_lib_init_return                     0x08000195   Thumb Code     0  libinit2.o(.ARM.Collect$$libinit$$00000033)
    __rt_lib_init_signal_1                   0x08000195   Thumb Code     0  libinit2.o(.ARM.Collect$$libinit$$0000001D)
    __rt_lib_init_stdio_1                    0x08000195   Thumb Code     0  libinit2.o(.ARM.Collect$$libinit$$00000025)
    __rt_lib_shutdown                        0x08000197   Thumb Code     0  libshutdown.o(.ARM.Collect$$libshutdown$$00000000)
    __rt_lib_shutdown_cpp_1                  0x08000199   Thumb Code     0  libshutdown2.o(.ARM.Collect$$libshutdown$$00000002)
    __rt_lib_shutdown_fp_trap_1              0x08000199   Thumb Code     0  libshutdown2.o(.ARM.Collect$$libshutdown$$00000007)
    __rt_lib_shutdown_heap_1                 0x08000199   Thumb Code     0  libshutdown2.o(.ARM.Collect$$libshutdown$$0000000F)
    __rt_lib_shutdown_return                 0x08000199   Thumb Code     0  libshutdown2.o(.ARM.Collect$$libshutdown$$00000010)
    __rt_lib_shutdown_signal_1               0x08000199   Thumb Code     0  libshutdown2.o(.ARM.Collect$$libshutdown$$0000000A)
    __rt_lib_shutdown_stdio_1                0x08000199   Thumb Code     0  libshutdown2.o(.ARM.Collect$$libshutdown$$00000004)
    __rt_lib_shutdown_user_alloc_1           0x08000199   Thumb Code     0  libshutdown2.o(.ARM.Collect$$libshutdown$$0000000C)
    __rt_entry                               0x0800019b   Thumb Code     0  __rtentry.o(.ARM.Collect$$rtentry$$00000000)
    __rt_entry_presh_1                       0x0800019b   Thumb Code     0  __rtentry2.o(.ARM.Collect$$rtentry$$00000002)
    __rt_entry_sh                            0x0800019b   Thumb Code     0  __rtentry4.o(.ARM.Collect$$rtentry$$00000004)
    __rt_entry_li                            0x080001a1   Thumb Code     0  __rtentry2.o(.ARM.Collect$$rtentry$$0000000A)
    __rt_entry_postsh_1                      0x080001a1   Thumb Code     0  __rtentry2.o(.ARM.Collect$$rtentry$$00000009)
    __rt_entry_main                          0x080001a5   Thumb Code     0  __rtentry2.o(.ARM.Collect$$rtentry$$0000000D)
    __rt_entry_postli_1                      0x080001a5   Thumb Code     0  __rtentry2.o(.ARM.Collect$$rtentry$$0000000C)
    __rt_exit                                0x080001ad   Thumb Code     0  rtexit.o(.ARM.Collect$$rtexit$$00000000)
    __rt_exit_ls                             0x080001af   Thumb Code     0  rtexit2.o(.ARM.Collect$$rtexit$$00000003)
    __rt_exit_prels_1                        0x080001af   Thumb Code     0  rtexit2.o(.ARM.Collect$$rtexit$$00000002)
    __rt_exit_exit                           0x080001b3   Thumb Code     0  rtexit2.o(.ARM.Collect$$rtexit$$00000004)
    Reset_Handler                            0x080001b9   Thumb Code     8  startup_stm32f10x_md.o(.text)
    ADC1_2_IRQHandler                        0x080001d3   Thumb Code     0  startup_stm32f10x_md.o(.text)
    CAN1_RX1_IRQHandler                      0x080001d3   Thumb Code     0  startup_stm32f10x_md.o(.text)
    CAN1_SCE_IRQHandler                      0x080001d3   Thumb Code     0  startup_stm32f10x_md.o(.text)
    DMA1_Channel1_IRQHandler                 0x080001d3   Thumb Code     0  startup_stm32f10x_md.o(.text)
    DMA1_Channel2_IRQHandler                 0x080001d3   Thumb Code     0  startup_stm32f10x_md.o(.text)
    DMA1_Channel3_IRQHandler                 0x080001d3   Thumb Code     0  startup_stm32f10x_md.o(.text)
    DMA1_Channel4_IRQHandler                 0x080001d3   Thumb Code     0  startup_stm32f10x_md.o(.text)
    DMA1_Channel5_IRQHandler                 0x080001d3   Thumb Code     0  startup_stm32f10x_md.o(.text)
    DMA1_Channel6_IRQHandler                 0x080001d3   Thumb Code     0  startup_stm32f10x_md.o(.text)
    DMA1_Channel7_IRQHandler                 0x080001d3   Thumb Code     0  startup_stm32f10x_md.o(.text)
    EXTI0_IRQHandler                         0x080001d3   Thumb Code     0  startup_stm32f10x_md.o(.text)
    EXTI15_10_IRQHandler                     0x080001d3   Thumb Code     0  startup_stm32f10x_md.o(.text)
    EXTI1_IRQHandler                         0x080001d3   Thumb Code     0  startup_stm32f10x_md.o(.text)
    EXTI2_IRQHandler                         0x080001d3   Thumb Code     0  startup_stm32f10x_md.o(.text)
    EXTI3_IRQHandler                         0x080001d3   Thumb Code     0  startup_stm32f10x_md.o(.text)
    EXTI4_IRQHandler                         0x080001d3   Thumb Code     0  startup_stm32f10x_md.o(.text)
    EXTI9_5_IRQHandler                       0x080001d3   Thumb Code     0  startup_stm32f10x_md.o(.text)
    FLASH_IRQHandler                         0x080001d3   Thumb Code     0  startup_stm32f10x_md.o(.text)
    I2C1_ER_IRQHandler                       0x080001d3   Thumb Code     0  startup_stm32f10x_md.o(.text)
    I2C1_EV_IRQHandler                       0x080001d3   Thumb Code     0  startup_stm32f10x_md.o(.text)
    I2C2_ER_IRQHandler                       0x080001d3   Thumb Code     0  startup_stm32f10x_md.o(.text)
    I2C2_EV_IRQHandler                       0x080001d3   Thumb Code     0  startup_stm32f10x_md.o(.text)
    PVD_IRQHandler                           0x080001d3   Thumb Code     0  startup_stm32f10x_md.o(.text)
    RCC_IRQHandler                           0x080001d3   Thumb Code     0  startup_stm32f10x_md.o(.text)
    RTCAlarm_IRQHandler                      0x080001d3   Thumb Code     0  startup_stm32f10x_md.o(.text)
    RTC_IRQHandler                           0x080001d3   Thumb Code     0  startup_stm32f10x_md.o(.text)
    SPI1_IRQHandler                          0x080001d3   Thumb Code     0  startup_stm32f10x_md.o(.text)
    SPI2_IRQHandler                          0x080001d3   Thumb Code     0  startup_stm32f10x_md.o(.text)
    TAMPER_IRQHandler                        0x080001d3   Thumb Code     0  startup_stm32f10x_md.o(.text)
    TIM1_BRK_IRQHandler                      0x080001d3   Thumb Code     0  startup_stm32f10x_md.o(.text)
    TIM1_CC_IRQHandler                       0x080001d3   Thumb Code     0  startup_stm32f10x_md.o(.text)
    TIM1_TRG_COM_IRQHandler                  0x080001d3   Thumb Code     0  startup_stm32f10x_md.o(.text)
    TIM1_UP_IRQHandler                       0x080001d3   Thumb Code     0  startup_stm32f10x_md.o(.text)
    TIM2_IRQHandler                          0x080001d3   Thumb Code     0  startup_stm32f10x_md.o(.text)
    TIM3_IRQHandler                          0x080001d3   Thumb Code     0  startup_stm32f10x_md.o(.text)
    TIM4_IRQHandler                          0x080001d3   Thumb Code     0  startup_stm32f10x_md.o(.text)
    USART2_IRQHandler                        0x080001d3   Thumb Code     0  startup_stm32f10x_md.o(.text)
    USART3_IRQHandler                        0x080001d3   Thumb Code     0  startup_stm32f10x_md.o(.text)
    USBWakeUp_IRQHandler                     0x080001d3   Thumb Code     0  startup_stm32f10x_md.o(.text)
    USB_HP_CAN1_TX_IRQHandler                0x080001d3   Thumb Code     0  startup_stm32f10x_md.o(.text)
    USB_LP_CAN1_RX0_IRQHandler               0x080001d3   Thumb Code     0  startup_stm32f10x_md.o(.text)
    WWDG_IRQHandler                          0x080001d3   Thumb Code     0  startup_stm32f10x_md.o(.text)
    __user_initial_stackheap                 0x080001d5   Thumb Code     0  startup_stm32f10x_md.o(.text)
    __2sprintf                               0x080001f9   Thumb Code    38  __2sprintf.o(.text)
    _printf_str                              0x08000225   Thumb Code    82  _printf_str.o(.text)
    _printf_int_dec                          0x08000279   Thumb Code   104  _printf_dec.o(.text)
    __printf                                 0x080002f1   Thumb Code   270  __printf_wp.o(.text)
    __0sscanf                                0x08000401   Thumb Code    52  __0sscanf.o(.text)
    _scanf_int                               0x0800043d   Thumb Code   332  _scanf_int.o(.text)
    __aeabi_memcpy4                          0x08000589   Thumb Code     0  rt_memcpy_w.o(.text)
    __aeabi_memcpy8                          0x08000589   Thumb Code     0  rt_memcpy_w.o(.text)
    __rt_memcpy_w                            0x08000589   Thumb Code   100  rt_memcpy_w.o(.text)
    _memcpy_lastbytes_aligned                0x080005d1   Thumb Code     0  rt_memcpy_w.o(.text)
    __use_two_region_memory                  0x080005ed   Thumb Code     2  heapauxi.o(.text)
    __rt_heap_escrow$2region                 0x080005ef   Thumb Code     2  heapauxi.o(.text)
    __rt_heap_expand$2region                 0x080005f1   Thumb Code     2  heapauxi.o(.text)
    _printf_int_common                       0x080005f3   Thumb Code   178  _printf_intcommon.o(.text)
    __lib_sel_fp_printf                      0x080006a5   Thumb Code     2  _printf_fp_dec.o(.text)
    _printf_fp_dec_real                      0x08000857   Thumb Code   620  _printf_fp_dec.o(.text)
    _printf_char_common                      0x08000acf   Thumb Code    32  _printf_char_common.o(.text)
    _sputc                                   0x08000af5   Thumb Code    10  _sputc.o(.text)
    _printf_cs_common                        0x08000aff   Thumb Code    20  _printf_char.o(.text)
    _printf_char                             0x08000b13   Thumb Code    16  _printf_char.o(.text)
    _printf_string                           0x08000b23   Thumb Code     8  _printf_char.o(.text)
    _chval                                   0x08000b2b   Thumb Code    28  _chval.o(.text)
    _scanf_really_real                       0x08000d95   Thumb Code   684  scanf_fp.o(.text)
    __vfscanf_char                           0x0800104d   Thumb Code    24  scanf_char.o(.text)
    _sgetc                                   0x0800106d   Thumb Code    30  _sgetc.o(.text)
    _sbackspace                              0x0800108b   Thumb Code    34  _sgetc.o(.text)
    __rt_locale                              0x080010ad   Thumb Code     8  rt_locale_intlibspace.o(.text)
    __aeabi_errno_addr                       0x080010b5   Thumb Code     8  rt_errno_addr_intlibspace.o(.text)
    __errno$intlibspace                      0x080010b5   Thumb Code     0  rt_errno_addr_intlibspace.o(.text)
    __rt_errno_addr$intlibspace              0x080010b5   Thumb Code     0  rt_errno_addr_intlibspace.o(.text)
    _ll_udiv10                               0x080010bd   Thumb Code   138  lludiv10.o(.text)
    isspace                                  0x08001147   Thumb Code    18  isspace.o(.text)
    _printf_fp_infnan                        0x08001159   Thumb Code   112  _printf_fp_infnan.o(.text)
    __vfscanf                                0x080011d9   Thumb Code   878  _scanf.o(.text)
    _btod_etento                             0x0800154d   Thumb Code   224  bigflt0.o(.text)
    __user_libspace                          0x08001631   Thumb Code     8  libspace.o(.text)
    __user_perproc_libspace                  0x08001631   Thumb Code     0  libspace.o(.text)
    __user_perthread_libspace                0x08001631   Thumb Code     0  libspace.o(.text)
    __user_setup_stackheap                   0x08001639   Thumb Code    74  sys_stackheap_outer.o(.text)
    __rt_ctype_table                         0x08001685   Thumb Code    16  rt_ctype_table.o(.text)
    __read_errno                             0x08001695   Thumb Code    10  _rserrno.o(.text)
    __set_errno                              0x0800169f   Thumb Code    12  _rserrno.o(.text)
    _scanf_really_hex_real                   0x080016ad   Thumb Code   786  scanf_hexfp.o(.text)
    _scanf_really_infnan                     0x080019cd   Thumb Code   292  scanf_infnan.o(.text)
    exit                                     0x08001b01   Thumb Code    18  exit.o(.text)
    strcmp                                   0x08001b15   Thumb Code   128  strcmpv7m.o(.text)
    __aeabi_llsl                             0x08001b95   Thumb Code     0  llshl.o(.text)
    _ll_shift_l                              0x08001b95   Thumb Code    38  llshl.o(.text)
    _sys_exit                                0x08001bbd   Thumb Code     8  sys_exit.o(.text)
    __I$use$semihosting                      0x08001bc9   Thumb Code     0  use_no_semi.o(.text)
    __use_no_semihosting_swi                 0x08001bc9   Thumb Code     2  use_no_semi.o(.text)
    __semihosting_library_function           0x08001bcb   Thumb Code     0  indicate_semi.o(.text)
    _btod_d2e                                0x08001bcb   Thumb Code    62  btod.o(CL$$btod_d2e)
    _d2e_denorm_low                          0x08001c09   Thumb Code    70  btod.o(CL$$btod_d2e_denorm_low)
    _d2e_norm_op1                            0x08001c4f   Thumb Code    96  btod.o(CL$$btod_d2e_norm_op1)
    __btod_div_common                        0x08001caf   Thumb Code   696  btod.o(CL$$btod_div_common)
    _e2d                                     0x08001fe9   Thumb Code   122  btod.o(CL$$btod_e2d)
    _e2e                                     0x0800206d   Thumb Code   220  btod.o(CL$$btod_e2e)
    _btod_ediv                               0x08002149   Thumb Code    42  btod.o(CL$$btod_ediv)
    _btod_edivd                              0x08002173   Thumb Code    42  btod.o(CL$$btod_edivd)
    _btod_emul                               0x0800219d   Thumb Code    42  btod.o(CL$$btod_emul)
    _btod_emuld                              0x080021c7   Thumb Code    42  btod.o(CL$$btod_emuld)
    __btod_mult_common                       0x080021f1   Thumb Code   580  btod.o(CL$$btod_mult_common)
    ADCDMA_Init                              0x08002435   Thumb Code   226  adc.o(i.ADCDMA_Init)
    ADC_Cmd                                  0x08002529   Thumb Code    22  stm32f10x_adc.o(i.ADC_Cmd)
    ADC_DMACmd                               0x0800253f   Thumb Code    22  stm32f10x_adc.o(i.ADC_DMACmd)
    ADC_GetCalibrationStatus                 0x08002555   Thumb Code    20  stm32f10x_adc.o(i.ADC_GetCalibrationStatus)
    ADC_GetResetCalibrationStatus            0x08002569   Thumb Code    20  stm32f10x_adc.o(i.ADC_GetResetCalibrationStatus)
    ADC_Init                                 0x0800257d   Thumb Code    70  stm32f10x_adc.o(i.ADC_Init)
    ADC_Pot_Init                             0x080025cd   Thumb Code    32  adc.o(i.ADC_Pot_Init)
    ADC_RegularChannelConfig                 0x080025f1   Thumb Code   184  stm32f10x_adc.o(i.ADC_RegularChannelConfig)
    ADC_ResetCalibration                     0x080026a9   Thumb Code    10  stm32f10x_adc.o(i.ADC_ResetCalibration)
    ADC_SoftwareStartConvCmd                 0x080026b3   Thumb Code    22  stm32f10x_adc.o(i.ADC_SoftwareStartConvCmd)
    ADC_StartCalibration                     0x080026c9   Thumb Code    10  stm32f10x_adc.o(i.ADC_StartCalibration)
    BusFault_Handler                         0x080026d3   Thumb Code     4  stm32f10x_it.o(i.BusFault_Handler)
    DMA_Cmd                                  0x080026d7   Thumb Code    24  stm32f10x_dma.o(i.DMA_Cmd)
    DMA_Init                                 0x080026ef   Thumb Code    60  stm32f10x_dma.o(i.DMA_Init)
    DebugMon_Handler                         0x0800272b   Thumb Code     2  stm32f10x_it.o(i.DebugMon_Handler)
    Delay_ms                                 0x0800272d   Thumb Code    24  delay.o(i.Delay_ms)
    Delay_us                                 0x08002745   Thumb Code    46  delay.o(i.Delay_us)
    GPIO_Init                                0x08002773   Thumb Code   278  stm32f10x_gpio.o(i.GPIO_Init)
    GPIO_ReadInputDataBit                    0x08002889   Thumb Code    18  stm32f10x_gpio.o(i.GPIO_ReadInputDataBit)
    GPIO_ResetBits                           0x0800289b   Thumb Code     4  stm32f10x_gpio.o(i.GPIO_ResetBits)
    GPIO_SetBits                             0x0800289f   Thumb Code     4  stm32f10x_gpio.o(i.GPIO_SetBits)
    GPIO_WriteBit                            0x080028a3   Thumb Code    10  stm32f10x_gpio.o(i.GPIO_WriteBit)
    Get_ADC_Average                          0x080028ad   Thumb Code    30  adc.o(i.Get_ADC_Average)
    Get_Averaged_Current                     0x080028d1   Thumb Code   106  main.o(i.Get_Averaged_Current)
    Get_Current_Amps                         0x08002949   Thumb Code    50  adc.o(i.Get_Current_Amps)
    HardFault_Handler                        0x08002989   Thumb Code     4  stm32f10x_it.o(i.HardFault_Handler)
    Key_GetNum                               0x0800298d   Thumb Code    88  key.o(i.Key_GetNum)
    Key_Init                                 0x080029e9   Thumb Code    50  key.o(i.Key_Init)
    LED1_OFF                                 0x08002a21   Thumb Code    12  led.o(i.LED1_OFF)
    LED1_ON                                  0x08002a31   Thumb Code    12  led.o(i.LED1_ON)
    LED2_OFF                                 0x08002a41   Thumb Code    12  led.o(i.LED2_OFF)
    LED2_ON                                  0x08002a51   Thumb Code    12  led.o(i.LED2_ON)
    LED_Init                                 0x08002a61   Thumb Code    46  led.o(i.LED_Init)
    MemManage_Handler                        0x08002a95   Thumb Code     4  stm32f10x_it.o(i.MemManage_Handler)
    NMI_Handler                              0x08002a99   Thumb Code     2  stm32f10x_it.o(i.NMI_Handler)
    NVIC_Init                                0x08002a9d   Thumb Code   100  misc.o(i.NVIC_Init)
    NVIC_PriorityGroupConfig                 0x08002b0d   Thumb Code    10  misc.o(i.NVIC_PriorityGroupConfig)
    OLED_Clear                               0x08002b21   Thumb Code    42  oled.o(i.OLED_Clear)
    OLED_I2C_Init                            0x08002b4d   Thumb Code    76  oled.o(i.OLED_I2C_Init)
    OLED_I2C_SendByte                        0x08002b9d   Thumb Code    88  oled.o(i.OLED_I2C_SendByte)
    OLED_I2C_Start                           0x08002bf9   Thumb Code    48  oled.o(i.OLED_I2C_Start)
    OLED_I2C_Stop                            0x08002c2d   Thumb Code    36  oled.o(i.OLED_I2C_Stop)
    OLED_Init                                0x08002c55   Thumb Code   174  oled.o(i.OLED_Init)
    OLED_SetCursor                           0x08002d03   Thumb Code    34  oled.o(i.OLED_SetCursor)
    OLED_ShowChar                            0x08002d25   Thumb Code   110  oled.o(i.OLED_ShowChar)
    OLED_ShowString                          0x08002e0d   Thumb Code    40  oled.o(i.OLED_ShowString)
    OLED_WriteCommand                        0x08002e35   Thumb Code    32  oled.o(i.OLED_WriteCommand)
    OLED_WriteData                           0x08002e55   Thumb Code    32  oled.o(i.OLED_WriteData)
    PendSV_Handler                           0x08002e75   Thumb Code     2  stm32f10x_it.o(i.PendSV_Handler)
    RCC_ADCCLKConfig                         0x08002e79   Thumb Code    18  stm32f10x_rcc.o(i.RCC_ADCCLKConfig)
    RCC_AHBPeriphClockCmd                    0x08002e91   Thumb Code    26  stm32f10x_rcc.o(i.RCC_AHBPeriphClockCmd)
    RCC_APB2PeriphClockCmd                   0x08002eb1   Thumb Code    26  stm32f10x_rcc.o(i.RCC_APB2PeriphClockCmd)
    RCC_GetClocksFreq                        0x08002ed1   Thumb Code   192  stm32f10x_rcc.o(i.RCC_GetClocksFreq)
    SVC_Handler                              0x08002fa5   Thumb Code     2  stm32f10x_it.o(i.SVC_Handler)
    SysTick_Handler                          0x08003091   Thumb Code     2  stm32f10x_it.o(i.SysTick_Handler)
    SystemInit                               0x08003095   Thumb Code    78  system_stm32f10x.o(i.SystemInit)
    UART1_ClearRxFlag                        0x080030f5   Thumb Code    12  uart.o(i.UART1_ClearRxFlag)
    UART1_GetRxFlag                          0x08003109   Thumb Code     6  uart.o(i.UART1_GetRxFlag)
    UART1_GetRxLine                          0x08003115   Thumb Code    30  uart.o(i.UART1_GetRxLine)
    UART1_Init                               0x0800313d   Thumb Code   148  uart.o(i.UART1_Init)
    UART1_SendByte                           0x080031d9   Thumb Code    42  uart.o(i.UART1_SendByte)
    UART1_SendString                         0x08003209   Thumb Code    22  uart.o(i.UART1_SendString)
    USART1_IRQHandler                        0x08003221   Thumb Code    88  uart.o(i.USART1_IRQHandler)
    USART_ClearITPendingBit                  0x08003289   Thumb Code    30  stm32f10x_usart.o(i.USART_ClearITPendingBit)
    USART_Cmd                                0x080032a7   Thumb Code    24  stm32f10x_usart.o(i.USART_Cmd)
    USART_GetFlagStatus                      0x080032bf   Thumb Code    26  stm32f10x_usart.o(i.USART_GetFlagStatus)
    USART_GetITStatus                        0x080032d9   Thumb Code    84  stm32f10x_usart.o(i.USART_GetITStatus)
    USART_ITConfig                           0x0800332d   Thumb Code    74  stm32f10x_usart.o(i.USART_ITConfig)
    USART_Init                               0x08003379   Thumb Code   210  stm32f10x_usart.o(i.USART_Init)
    USART_ReceiveData                        0x08003451   Thumb Code    10  stm32f10x_usart.o(i.USART_ReceiveData)
    USART_SendData                           0x0800345b   Thumb Code     8  stm32f10x_usart.o(i.USART_SendData)
    UsageFault_Handler                       0x08003463   Thumb Code     4  stm32f10x_it.o(i.UsageFault_Handler)
    __ARM_fpclassify                         0x08003467   Thumb Code    40  fpclassify.o(i.__ARM_fpclassify)
    __mathlib_dbl_overflow                   0x0800348f   Thumb Code    14  dunder.o(i.__mathlib_dbl_overflow)
    __mathlib_dbl_underflow                  0x0800349d   Thumb Code    10  dunder.o(i.__mathlib_dbl_underflow)
    __mathlib_narrow                         0x080034ad   Thumb Code    16  narrow.o(i.__mathlib_narrow)
    __mathlib_tofloat                        0x080034bd   Thumb Code   184  narrow.o(i.__mathlib_tofloat)
    __support_ldexp                          0x08003579   Thumb Code    22  ldexp.o(i.__support_ldexp)
    _is_digit                                0x0800358f   Thumb Code    14  __printf_wp.o(i._is_digit)
    frexp                                    0x0800359d   Thumb Code    80  frexp.o(i.frexp)
    ldexp                                    0x080035f5   Thumb Code   116  ldexp.o(i.ldexp)
    main                                     0x08003669   Thumb Code   864  main.o(i.main)
    _get_lc_numeric                          0x08003bb1   Thumb Code    44  lc_numeric_c.o(locale$$code)
    _get_lc_ctype                            0x08003bdd   Thumb Code    44  lc_ctype_c.o(locale$$code)
    __aeabi_d2f                              0x08003c09   Thumb Code     0  d2f.o(x$fpl$d2f)
    _d2f                                     0x08003c09   Thumb Code    98  d2f.o(x$fpl$d2f)
    __fpl_dcheck_NaN1                        0x08003c6d   Thumb Code    10  dcheck1.o(x$fpl$dcheck1)
    __fpl_dcmp_Inf                           0x08003c7d   Thumb Code    24  dcmpi.o(x$fpl$dcmpinf)
    __aeabi_cdcmpeq                          0x08003c95   Thumb Code     0  deqf.o(x$fpl$deqf)
    _dcmpeq                                  0x08003c95   Thumb Code   120  deqf.o(x$fpl$deqf)
    __aeabi_cdcmple                          0x08003d0d   Thumb Code     0  dleqf.o(x$fpl$dleqf)
    _dcmple                                  0x08003d0d   Thumb Code   120  dleqf.o(x$fpl$dleqf)
    __fpl_dcmple_InfNaN                      0x08003d6f   Thumb Code     0  dleqf.o(x$fpl$dleqf)
    __fpl_dnaninf                            0x08003d85   Thumb Code   156  dnaninf.o(x$fpl$dnaninf)
    __fpl_dretinf                            0x08003e21   Thumb Code    12  dretinf.o(x$fpl$dretinf)
    __aeabi_cdrcmple                         0x08003e2d   Thumb Code     0  drleqf.o(x$fpl$drleqf)
    _drcmple                                 0x08003e2d   Thumb Code   108  drleqf.o(x$fpl$drleqf)
    __aeabi_f2d                              0x08003e99   Thumb Code     0  f2d.o(x$fpl$f2d)
    _f2d                                     0x08003e99   Thumb Code    86  f2d.o(x$fpl$f2d)
    __aeabi_fadd                             0x08003ef1   Thumb Code     0  faddsub_clz.o(x$fpl$fadd)
    _fadd                                    0x08003ef1   Thumb Code   196  faddsub_clz.o(x$fpl$fadd)
    __aeabi_fdiv                             0x08003fb5   Thumb Code     0  fdiv.o(x$fpl$fdiv)
    _fdiv                                    0x08003fb5   Thumb Code   384  fdiv.o(x$fpl$fdiv)
    __aeabi_ui2f                             0x08004139   Thumb Code     0  fflt_clz.o(x$fpl$ffltu)
    _ffltu                                   0x08004139   Thumb Code    38  fflt_clz.o(x$fpl$ffltu)
    __aeabi_fmul                             0x08004161   Thumb Code     0  fmul.o(x$fpl$fmul)
    _fmul                                    0x08004161   Thumb Code   258  fmul.o(x$fpl$fmul)
    __fpl_fnaninf                            0x08004263   Thumb Code   140  fnaninf.o(x$fpl$fnaninf)
    __fpl_fretinf                            0x080042ef   Thumb Code    10  fretinf.o(x$fpl$fretinf)
    __aeabi_fsub                             0x080042f9   Thumb Code     0  faddsub_clz.o(x$fpl$fsub)
    _fsub                                    0x080042f9   Thumb Code   234  faddsub_clz.o(x$fpl$fsub)
    __ieee_status                            0x080043e3   Thumb Code     6  istatus.o(x$fpl$ieeestatus)
    _printf_fp_dec                           0x080043e9   Thumb Code     4  printf1.o(x$fpl$printf1)
    __fpl_return_NaN                         0x080043ed   Thumb Code   100  retnan.o(x$fpl$retnan)
    __ARM_scalbn                             0x08004451   Thumb Code    92  scalbn.o(x$fpl$scalbn)
    _scanf_real                              0x080044ad   Thumb Code     4  scanf1.o(x$fpl$scanf1)
    _scanf_hex_real                          0x080044b1   Thumb Code     4  scanf2.o(x$fpl$scanf2)
    _scanf_infnan                            0x080044b5   Thumb Code     4  scanf2.o(x$fpl$scanf2)
    __fpl_cmpreturn                          0x080044b9   Thumb Code    48  trapv.o(x$fpl$trapveneer)
    OLED_F8x16                               0x080044e8   Data        1520  oled.o(.constdata)
    __I$use$fp                               0x080044e8   Number         0  usenofp.o(x$fpl$usenofp)
    Region$$Table$$Base                      0x08004bc8   Number         0  anon$$obj.o(Region$$Table)
    Region$$Table$$Limit                     0x08004be8   Number         0  anon$$obj.o(Region$$Table)
    __aeabi_HUGE_VAL                         0x08004be8   Data           0  fpconst.o(c$$dinf)
    __aeabi_HUGE_VALL                        0x08004be8   Data           0  fpconst.o(c$$dinf)
    __aeabi_INFINITY                         0x08004be8   Data           0  fpconst.o(c$$dinf)
    __dInf                                   0x08004be8   Data           0  fpconst.o(c$$dinf)
    __huge_val                               0x08004be8   Data           0  fpconst.o(c$$dinf)
    __dbl_max                                0x08004bf0   Data           0  fpconst.o(c$$dmax)
    __ctype                                  0x08004c21   Data           0  lc_ctype_c.o(locale$$data)
    current_idx                              0x20000016   Data           1  main.o(.data)
    current_filled                           0x20000017   Data           1  main.o(.data)
    ADC_Value                                0x20000018   Data         200  adc.o(.bss)
    current_buf                              0x20000120   Data          80  main.o(.bss)
    __libspace_start                         0x20000170   Data          96  libspace.o(.bss)
    __temporary_stack_top$libspace           0x200001d0   Data           0  libspace.o(.bss)



==============================================================================

Memory Map of the image

  Image Entry point : 0x080000ed

  Load Region LR_IROM1 (Base: 0x08000000, Size: 0x00004d3c, Max: 0x00010000, ABSOLUTE)

    Execution Region ER_IROM1 (Exec base: 0x08000000, Load base: 0x08000000, Size: 0x00004d24, Max: 0x00010000, ABSOLUTE)

    Exec Addr    Load Addr    Size         Type   Attr      Idx    E Section Name        Object

    0x08000000   0x08000000   0x000000ec   Data   RO            3    RESET               startup_stm32f10x_md.o
    0x080000ec   0x080000ec   0x00000008   Code   RO         3666  * !!!main             c_w.l(__main.o)
    0x080000f4   0x080000f4   0x00000034   Code   RO         4019    !!!scatter          c_w.l(__scatter.o)
    0x08000128   0x08000128   0x0000001a   Code   RO         4021    !!handler_copy      c_w.l(__scatter_copy.o)
    0x08000142   0x08000142   0x00000002   PAD
    0x08000144   0x08000144   0x0000001c   Code   RO         4023    !!handler_zi        c_w.l(__scatter_zi.o)
    0x08000160   0x08000160   0x00000000   Code   RO         3657    .ARM.Collect$$_printf_percent$$00000000  c_w.l(_printf_percent.o)
    0x08000160   0x08000160   0x00000006   Code   RO         3656    .ARM.Collect$$_printf_percent$$00000003  c_w.l(_printf_f.o)
    0x08000166   0x08000166   0x00000006   Code   RO         3655    .ARM.Collect$$_printf_percent$$00000009  c_w.l(_printf_d.o)
    0x0800016c   0x0800016c   0x00000006   Code   RO         3654    .ARM.Collect$$_printf_percent$$00000014  c_w.l(_printf_s.o)
    0x08000172   0x08000172   0x00000004   Code   RO         3703    .ARM.Collect$$_printf_percent$$00000017  c_w.l(_printf_percent_end.o)
    0x08000176   0x08000176   0x00000002   Code   RO         3824    .ARM.Collect$$libinit$$00000000  c_w.l(libinit.o)
    0x08000178   0x08000178   0x00000000   Code   RO         3826    .ARM.Collect$$libinit$$00000002  c_w.l(libinit2.o)
    0x08000178   0x08000178   0x00000000   Code   RO         3828    .ARM.Collect$$libinit$$00000004  c_w.l(libinit2.o)
    0x08000178   0x08000178   0x00000000   Code   RO         3831    .ARM.Collect$$libinit$$0000000A  c_w.l(libinit2.o)
    0x08000178   0x08000178   0x00000000   Code   RO         3833    .ARM.Collect$$libinit$$0000000C  c_w.l(libinit2.o)
    0x08000178   0x08000178   0x00000000   Code   RO         3835    .ARM.Collect$$libinit$$0000000E  c_w.l(libinit2.o)
    0x08000178   0x08000178   0x00000006   Code   RO         3836    .ARM.Collect$$libinit$$0000000F  c_w.l(libinit2.o)
    0x0800017e   0x0800017e   0x00000000   Code   RO         3838    .ARM.Collect$$libinit$$00000011  c_w.l(libinit2.o)
    0x0800017e   0x0800017e   0x0000000c   Code   RO         3839    .ARM.Collect$$libinit$$00000012  c_w.l(libinit2.o)
    0x0800018a   0x0800018a   0x00000000   Code   RO         3840    .ARM.Collect$$libinit$$00000013  c_w.l(libinit2.o)
    0x0800018a   0x0800018a   0x00000000   Code   RO         3842    .ARM.Collect$$libinit$$00000015  c_w.l(libinit2.o)
    0x0800018a   0x0800018a   0x0000000a   Code   RO         3843    .ARM.Collect$$libinit$$00000016  c_w.l(libinit2.o)
    0x08000194   0x08000194   0x00000000   Code   RO         3844    .ARM.Collect$$libinit$$00000017  c_w.l(libinit2.o)
    0x08000194   0x08000194   0x00000000   Code   RO         3846    .ARM.Collect$$libinit$$00000019  c_w.l(libinit2.o)
    0x08000194   0x08000194   0x00000000   Code   RO         3848    .ARM.Collect$$libinit$$0000001B  c_w.l(libinit2.o)
    0x08000194   0x08000194   0x00000000   Code   RO         3850    .ARM.Collect$$libinit$$0000001D  c_w.l(libinit2.o)
    0x08000194   0x08000194   0x00000000   Code   RO         3852    .ARM.Collect$$libinit$$0000001F  c_w.l(libinit2.o)
    0x08000194   0x08000194   0x00000000   Code   RO         3854    .ARM.Collect$$libinit$$00000021  c_w.l(libinit2.o)
    0x08000194   0x08000194   0x00000000   Code   RO         3856    .ARM.Collect$$libinit$$00000023  c_w.l(libinit2.o)
    0x08000194   0x08000194   0x00000000   Code   RO         3858    .ARM.Collect$$libinit$$00000025  c_w.l(libinit2.o)
    0x08000194   0x08000194   0x00000000   Code   RO         3862    .ARM.Collect$$libinit$$0000002C  c_w.l(libinit2.o)
    0x08000194   0x08000194   0x00000000   Code   RO         3864    .ARM.Collect$$libinit$$0000002E  c_w.l(libinit2.o)
    0x08000194   0x08000194   0x00000000   Code   RO         3866    .ARM.Collect$$libinit$$00000030  c_w.l(libinit2.o)
    0x08000194   0x08000194   0x00000000   Code   RO         3868    .ARM.Collect$$libinit$$00000032  c_w.l(libinit2.o)
    0x08000194   0x08000194   0x00000002   Code   RO         3869    .ARM.Collect$$libinit$$00000033  c_w.l(libinit2.o)
    0x08000196   0x08000196   0x00000002   Code   RO         3951    .ARM.Collect$$libshutdown$$00000000  c_w.l(libshutdown.o)
    0x08000198   0x08000198   0x00000000   Code   RO         3976    .ARM.Collect$$libshutdown$$00000002  c_w.l(libshutdown2.o)
    0x08000198   0x08000198   0x00000000   Code   RO         3978    .ARM.Collect$$libshutdown$$00000004  c_w.l(libshutdown2.o)
    0x08000198   0x08000198   0x00000000   Code   RO         3981    .ARM.Collect$$libshutdown$$00000007  c_w.l(libshutdown2.o)
    0x08000198   0x08000198   0x00000000   Code   RO         3984    .ARM.Collect$$libshutdown$$0000000A  c_w.l(libshutdown2.o)
    0x08000198   0x08000198   0x00000000   Code   RO         3986    .ARM.Collect$$libshutdown$$0000000C  c_w.l(libshutdown2.o)
    0x08000198   0x08000198   0x00000000   Code   RO         3989    .ARM.Collect$$libshutdown$$0000000F  c_w.l(libshutdown2.o)
    0x08000198   0x08000198   0x00000002   Code   RO         3990    .ARM.Collect$$libshutdown$$00000010  c_w.l(libshutdown2.o)
    0x0800019a   0x0800019a   0x00000000   Code   RO         3692    .ARM.Collect$$rtentry$$00000000  c_w.l(__rtentry.o)
    0x0800019a   0x0800019a   0x00000000   Code   RO         3720    .ARM.Collect$$rtentry$$00000002  c_w.l(__rtentry2.o)
    0x0800019a   0x0800019a   0x00000006   Code   RO         3732    .ARM.Collect$$rtentry$$00000004  c_w.l(__rtentry4.o)
    0x080001a0   0x080001a0   0x00000000   Code   RO         3722    .ARM.Collect$$rtentry$$00000009  c_w.l(__rtentry2.o)
    0x080001a0   0x080001a0   0x00000004   Code   RO         3723    .ARM.Collect$$rtentry$$0000000A  c_w.l(__rtentry2.o)
    0x080001a4   0x080001a4   0x00000000   Code   RO         3725    .ARM.Collect$$rtentry$$0000000C  c_w.l(__rtentry2.o)
    0x080001a4   0x080001a4   0x00000008   Code   RO         3726    .ARM.Collect$$rtentry$$0000000D  c_w.l(__rtentry2.o)
    0x080001ac   0x080001ac   0x00000002   Code   RO         3880    .ARM.Collect$$rtexit$$00000000  c_w.l(rtexit.o)
    0x080001ae   0x080001ae   0x00000000   Code   RO         3912    .ARM.Collect$$rtexit$$00000002  c_w.l(rtexit2.o)
    0x080001ae   0x080001ae   0x00000004   Code   RO         3913    .ARM.Collect$$rtexit$$00000003  c_w.l(rtexit2.o)
    0x080001b2   0x080001b2   0x00000006   Code   RO         3914    .ARM.Collect$$rtexit$$00000004  c_w.l(rtexit2.o)
    0x080001b8   0x080001b8   0x00000040   Code   RO            4    .text               startup_stm32f10x_md.o
    0x080001f8   0x080001f8   0x0000002c   Code   RO         3624    .text               c_w.l(__2sprintf.o)
    0x08000224   0x08000224   0x00000052   Code   RO         3630    .text               c_w.l(_printf_str.o)
    0x08000276   0x08000276   0x00000002   PAD
    0x08000278   0x08000278   0x00000078   Code   RO         3632    .text               c_w.l(_printf_dec.o)
    0x080002f0   0x080002f0   0x0000010e   Code   RO         3642    .text               c_w.l(__printf_wp.o)
    0x080003fe   0x080003fe   0x00000002   PAD
    0x08000400   0x08000400   0x0000003c   Code   RO         3658    .text               c_w.l(__0sscanf.o)
    0x0800043c   0x0800043c   0x0000014c   Code   RO         3660    .text               c_w.l(_scanf_int.o)
    0x08000588   0x08000588   0x00000064   Code   RO         3662    .text               c_w.l(rt_memcpy_w.o)
    0x080005ec   0x080005ec   0x00000006   Code   RO         3664    .text               c_w.l(heapauxi.o)
    0x080005f2   0x080005f2   0x000000b2   Code   RO         3693    .text               c_w.l(_printf_intcommon.o)
    0x080006a4   0x080006a4   0x0000041e   Code   RO         3695    .text               c_w.l(_printf_fp_dec.o)
    0x08000ac2   0x08000ac2   0x00000002   PAD
    0x08000ac4   0x08000ac4   0x00000030   Code   RO         3697    .text               c_w.l(_printf_char_common.o)
    0x08000af4   0x08000af4   0x0000000a   Code   RO         3699    .text               c_w.l(_sputc.o)
    0x08000afe   0x08000afe   0x0000002c   Code   RO         3701    .text               c_w.l(_printf_char.o)
    0x08000b2a   0x08000b2a   0x0000001c   Code   RO         3704    .text               c_w.l(_chval.o)
    0x08000b46   0x08000b46   0x00000002   PAD
    0x08000b48   0x08000b48   0x000004f8   Code   RO         3706    .text               c_w.l(scanf_fp.o)
    0x08001040   0x08001040   0x0000002c   Code   RO         3708    .text               c_w.l(scanf_char.o)
    0x0800106c   0x0800106c   0x00000040   Code   RO         3710    .text               c_w.l(_sgetc.o)
    0x080010ac   0x080010ac   0x00000008   Code   RO         3737    .text               c_w.l(rt_locale_intlibspace.o)
    0x080010b4   0x080010b4   0x00000008   Code   RO         3742    .text               c_w.l(rt_errno_addr_intlibspace.o)
    0x080010bc   0x080010bc   0x0000008a   Code   RO         3744    .text               c_w.l(lludiv10.o)
    0x08001146   0x08001146   0x00000012   Code   RO         3746    .text               c_w.l(isspace.o)
    0x08001158   0x08001158   0x00000080   Code   RO         3748    .text               c_w.l(_printf_fp_infnan.o)
    0x080011d8   0x080011d8   0x00000374   Code   RO         3752    .text               c_w.l(_scanf.o)
    0x0800154c   0x0800154c   0x000000e4   Code   RO         3754    .text               c_w.l(bigflt0.o)
    0x08001630   0x08001630   0x00000008   Code   RO         3802    .text               c_w.l(libspace.o)
    0x08001638   0x08001638   0x0000004a   Code   RO         3805    .text               c_w.l(sys_stackheap_outer.o)
    0x08001682   0x08001682   0x00000002   PAD
    0x08001684   0x08001684   0x00000010   Code   RO         3807    .text               c_w.l(rt_ctype_table.o)
    0x08001694   0x08001694   0x00000016   Code   RO         3809    .text               c_w.l(_rserrno.o)
    0x080016aa   0x080016aa   0x00000002   PAD
    0x080016ac   0x080016ac   0x00000320   Code   RO         3811    .text               c_w.l(scanf_hexfp.o)
    0x080019cc   0x080019cc   0x00000134   Code   RO         3813    .text               c_w.l(scanf_infnan.o)
    0x08001b00   0x08001b00   0x00000012   Code   RO         3815    .text               c_w.l(exit.o)
    0x08001b12   0x08001b12   0x00000002   PAD
    0x08001b14   0x08001b14   0x00000080   Code   RO         3817    .text               c_w.l(strcmpv7m.o)
    0x08001b94   0x08001b94   0x00000026   Code   RO         3882    .text               c_w.l(llshl.o)
    0x08001bba   0x08001bba   0x00000002   PAD
    0x08001bbc   0x08001bbc   0x0000000c   Code   RO         3941    .text               c_w.l(sys_exit.o)
    0x08001bc8   0x08001bc8   0x00000002   Code   RO         3966    .text               c_w.l(use_no_semi.o)
    0x08001bca   0x08001bca   0x00000000   Code   RO         3968    .text               c_w.l(indicate_semi.o)
    0x08001bca   0x08001bca   0x0000003e   Code   RO         3757    CL$$btod_d2e        c_w.l(btod.o)
    0x08001c08   0x08001c08   0x00000046   Code   RO         3759    CL$$btod_d2e_denorm_low  c_w.l(btod.o)
    0x08001c4e   0x08001c4e   0x00000060   Code   RO         3758    CL$$btod_d2e_norm_op1  c_w.l(btod.o)
    0x08001cae   0x08001cae   0x00000338   Code   RO         3767    CL$$btod_div_common  c_w.l(btod.o)
    0x08001fe6   0x08001fe6   0x00000002   PAD
    0x08001fe8   0x08001fe8   0x00000084   Code   RO         3765    CL$$btod_e2d        c_w.l(btod.o)
    0x0800206c   0x0800206c   0x000000dc   Code   RO         3764    CL$$btod_e2e        c_w.l(btod.o)
    0x08002148   0x08002148   0x0000002a   Code   RO         3761    CL$$btod_ediv       c_w.l(btod.o)
    0x08002172   0x08002172   0x0000002a   Code   RO         3763    CL$$btod_edivd      c_w.l(btod.o)
    0x0800219c   0x0800219c   0x0000002a   Code   RO         3760    CL$$btod_emul       c_w.l(btod.o)
    0x080021c6   0x080021c6   0x0000002a   Code   RO         3762    CL$$btod_emuld      c_w.l(btod.o)
    0x080021f0   0x080021f0   0x00000244   Code   RO         3766    CL$$btod_mult_common  c_w.l(btod.o)
    0x08002434   0x08002434   0x000000f4   Code   RO         3415    i.ADCDMA_Init       adc.o
    0x08002528   0x08002528   0x00000016   Code   RO          202    i.ADC_Cmd           stm32f10x_adc.o
    0x0800253e   0x0800253e   0x00000016   Code   RO          203    i.ADC_DMACmd        stm32f10x_adc.o
    0x08002554   0x08002554   0x00000014   Code   RO          210    i.ADC_GetCalibrationStatus  stm32f10x_adc.o
    0x08002568   0x08002568   0x00000014   Code   RO          216    i.ADC_GetResetCalibrationStatus  stm32f10x_adc.o
    0x0800257c   0x0800257c   0x00000050   Code   RO          220    i.ADC_Init          stm32f10x_adc.o
    0x080025cc   0x080025cc   0x00000024   Code   RO         3416    i.ADC_Pot_Init      adc.o
    0x080025f0   0x080025f0   0x000000b8   Code   RO          224    i.ADC_RegularChannelConfig  stm32f10x_adc.o
    0x080026a8   0x080026a8   0x0000000a   Code   RO          225    i.ADC_ResetCalibration  stm32f10x_adc.o
    0x080026b2   0x080026b2   0x00000016   Code   RO          227    i.ADC_SoftwareStartConvCmd  stm32f10x_adc.o
    0x080026c8   0x080026c8   0x0000000a   Code   RO          229    i.ADC_StartCalibration  stm32f10x_adc.o
    0x080026d2   0x080026d2   0x00000004   Code   RO         3559    i.BusFault_Handler  stm32f10x_it.o
    0x080026d6   0x080026d6   0x00000018   Code   RO          911    i.DMA_Cmd           stm32f10x_dma.o
    0x080026ee   0x080026ee   0x0000003c   Code   RO          917    i.DMA_Init          stm32f10x_dma.o
    0x0800272a   0x0800272a   0x00000002   Code   RO         3560    i.DebugMon_Handler  stm32f10x_it.o
    0x0800272c   0x0800272c   0x00000018   Code   RO         3196    i.Delay_ms          delay.o
    0x08002744   0x08002744   0x0000002e   Code   RO         3198    i.Delay_us          delay.o
    0x08002772   0x08002772   0x00000116   Code   RO         1347    i.GPIO_Init         stm32f10x_gpio.o
    0x08002888   0x08002888   0x00000012   Code   RO         1351    i.GPIO_ReadInputDataBit  stm32f10x_gpio.o
    0x0800289a   0x0800289a   0x00000004   Code   RO         1354    i.GPIO_ResetBits    stm32f10x_gpio.o
    0x0800289e   0x0800289e   0x00000004   Code   RO         1355    i.GPIO_SetBits      stm32f10x_gpio.o
    0x080028a2   0x080028a2   0x0000000a   Code   RO         1358    i.GPIO_WriteBit     stm32f10x_gpio.o
    0x080028ac   0x080028ac   0x00000024   Code   RO         3417    i.Get_ADC_Average   adc.o
    0x080028d0   0x080028d0   0x00000078   Code   RO         3508    i.Get_Averaged_Current  main.o
    0x08002948   0x08002948   0x00000040   Code   RO         3418    i.Get_Current_Amps  adc.o
    0x08002988   0x08002988   0x00000004   Code   RO         3561    i.HardFault_Handler  stm32f10x_it.o
    0x0800298c   0x0800298c   0x0000005c   Code   RO         3286    i.Key_GetNum        key.o
    0x080029e8   0x080029e8   0x00000038   Code   RO         3287    i.Key_Init          key.o
    0x08002a20   0x08002a20   0x00000010   Code   RO         3238    i.LED1_OFF          led.o
    0x08002a30   0x08002a30   0x00000010   Code   RO         3239    i.LED1_ON           led.o
    0x08002a40   0x08002a40   0x00000010   Code   RO         3241    i.LED2_OFF          led.o
    0x08002a50   0x08002a50   0x00000010   Code   RO         3242    i.LED2_ON           led.o
    0x08002a60   0x08002a60   0x00000034   Code   RO         3244    i.LED_Init          led.o
    0x08002a94   0x08002a94   0x00000004   Code   RO         3562    i.MemManage_Handler  stm32f10x_it.o
    0x08002a98   0x08002a98   0x00000002   Code   RO         3563    i.NMI_Handler       stm32f10x_it.o
    0x08002a9a   0x08002a9a   0x00000002   PAD
    0x08002a9c   0x08002a9c   0x00000070   Code   RO          137    i.NVIC_Init         misc.o
    0x08002b0c   0x08002b0c   0x00000014   Code   RO          138    i.NVIC_PriorityGroupConfig  misc.o
    0x08002b20   0x08002b20   0x0000002a   Code   RO         3307    i.OLED_Clear        oled.o
    0x08002b4a   0x08002b4a   0x00000002   PAD
    0x08002b4c   0x08002b4c   0x00000050   Code   RO         3308    i.OLED_I2C_Init     oled.o
    0x08002b9c   0x08002b9c   0x0000005c   Code   RO         3309    i.OLED_I2C_SendByte  oled.o
    0x08002bf8   0x08002bf8   0x00000034   Code   RO         3310    i.OLED_I2C_Start    oled.o
    0x08002c2c   0x08002c2c   0x00000028   Code   RO         3311    i.OLED_I2C_Stop     oled.o
    0x08002c54   0x08002c54   0x000000ae   Code   RO         3312    i.OLED_Init         oled.o
    0x08002d02   0x08002d02   0x00000022   Code   RO         3314    i.OLED_SetCursor    oled.o
    0x08002d24   0x08002d24   0x00000074   Code   RO         3316    i.OLED_ShowChar     oled.o
    0x08002d98   0x08002d98   0x00000074   Code   RO         3509    i.OLED_ShowPowerLine  main.o
    0x08002e0c   0x08002e0c   0x00000028   Code   RO         3320    i.OLED_ShowString   oled.o
    0x08002e34   0x08002e34   0x00000020   Code   RO         3321    i.OLED_WriteCommand  oled.o
    0x08002e54   0x08002e54   0x00000020   Code   RO         3322    i.OLED_WriteData    oled.o
    0x08002e74   0x08002e74   0x00000002   Code   RO         3564    i.PendSV_Handler    stm32f10x_it.o
    0x08002e76   0x08002e76   0x00000002   PAD
    0x08002e78   0x08002e78   0x00000018   Code   RO         1773    i.RCC_ADCCLKConfig  stm32f10x_rcc.o
    0x08002e90   0x08002e90   0x00000020   Code   RO         1774    i.RCC_AHBPeriphClockCmd  stm32f10x_rcc.o
    0x08002eb0   0x08002eb0   0x00000020   Code   RO         1777    i.RCC_APB2PeriphClockCmd  stm32f10x_rcc.o
    0x08002ed0   0x08002ed0   0x000000d4   Code   RO         1785    i.RCC_GetClocksFreq  stm32f10x_rcc.o
    0x08002fa4   0x08002fa4   0x00000002   Code   RO         3565    i.SVC_Handler       stm32f10x_it.o
    0x08002fa6   0x08002fa6   0x00000008   Code   RO           24    i.SetSysClock       system_stm32f10x.o
    0x08002fae   0x08002fae   0x00000002   PAD
    0x08002fb0   0x08002fb0   0x000000e0   Code   RO           25    i.SetSysClockTo72   system_stm32f10x.o
    0x08003090   0x08003090   0x00000002   Code   RO         3566    i.SysTick_Handler   stm32f10x_it.o
    0x08003092   0x08003092   0x00000002   PAD
    0x08003094   0x08003094   0x00000060   Code   RO           27    i.SystemInit        system_stm32f10x.o
    0x080030f4   0x080030f4   0x00000014   Code   RO         3454    i.UART1_ClearRxFlag  uart.o
    0x08003108   0x08003108   0x0000000c   Code   RO         3455    i.UART1_GetRxFlag   uart.o
    0x08003114   0x08003114   0x00000028   Code   RO         3456    i.UART1_GetRxLine   uart.o
    0x0800313c   0x0800313c   0x0000009c   Code   RO         3457    i.UART1_Init        uart.o
    0x080031d8   0x080031d8   0x00000030   Code   RO         3458    i.UART1_SendByte    uart.o
    0x08003208   0x08003208   0x00000016   Code   RO         3459    i.UART1_SendString  uart.o
    0x0800321e   0x0800321e   0x00000002   PAD
    0x08003220   0x08003220   0x00000068   Code   RO         3460    i.USART1_IRQHandler  uart.o
    0x08003288   0x08003288   0x0000001e   Code   RO         2957    i.USART_ClearITPendingBit  stm32f10x_usart.o
    0x080032a6   0x080032a6   0x00000018   Code   RO         2960    i.USART_Cmd         stm32f10x_usart.o
    0x080032be   0x080032be   0x0000001a   Code   RO         2963    i.USART_GetFlagStatus  stm32f10x_usart.o
    0x080032d8   0x080032d8   0x00000054   Code   RO         2964    i.USART_GetITStatus  stm32f10x_usart.o
    0x0800332c   0x0800332c   0x0000004a   Code   RO         2966    i.USART_ITConfig    stm32f10x_usart.o
    0x08003376   0x08003376   0x00000002   PAD
    0x08003378   0x08003378   0x000000d8   Code   RO         2967    i.USART_Init        stm32f10x_usart.o
    0x08003450   0x08003450   0x0000000a   Code   RO         2974    i.USART_ReceiveData  stm32f10x_usart.o
    0x0800345a   0x0800345a   0x00000008   Code   RO         2977    i.USART_SendData    stm32f10x_usart.o
    0x08003462   0x08003462   0x00000004   Code   RO         3567    i.UsageFault_Handler  stm32f10x_it.o
    0x08003466   0x08003466   0x00000028   Code   RO         3794    i.__ARM_fpclassify  m_ws.l(fpclassify.o)
    0x0800348e   0x0800348e   0x0000000e   Code   RO         3928    i.__mathlib_dbl_overflow  m_ws.l(dunder.o)
    0x0800349c   0x0800349c   0x00000010   Code   RO         3930    i.__mathlib_dbl_underflow  m_ws.l(dunder.o)
    0x080034ac   0x080034ac   0x00000010   Code   RO         3796    i.__mathlib_narrow  m_ws.l(narrow.o)
    0x080034bc   0x080034bc   0x000000bc   Code   RO         3797    i.__mathlib_tofloat  m_ws.l(narrow.o)
    0x08003578   0x08003578   0x00000016   Code   RO         3900    i.__support_ldexp   m_ws.l(ldexp.o)
    0x0800358e   0x0800358e   0x0000000e   Code   RO         3644    i._is_digit         c_w.l(__printf_wp.o)
    0x0800359c   0x0800359c   0x00000058   Code   RO         3877    i.frexp             m_ws.l(frexp.o)
    0x080035f4   0x080035f4   0x00000074   Code   RO         3901    i.ldexp             m_ws.l(ldexp.o)
    0x08003668   0x08003668   0x00000548   Code   RO         3510    i.main              main.o
    0x08003bb0   0x08003bb0   0x0000002c   Code   RO         3780    locale$$code        c_w.l(lc_numeric_c.o)
    0x08003bdc   0x08003bdc   0x0000002c   Code   RO         3885    locale$$code        c_w.l(lc_ctype_c.o)
    0x08003c08   0x08003c08   0x00000062   Code   RO         3870    x$fpl$d2f           fz_ws.l(d2f.o)
    0x08003c6a   0x08003c6a   0x00000002   PAD
    0x08003c6c   0x08003c6c   0x00000010   Code   RO         3922    x$fpl$dcheck1       fz_ws.l(dcheck1.o)
    0x08003c7c   0x08003c7c   0x00000018   Code   RO         3889    x$fpl$dcmpinf       fz_ws.l(dcmpi.o)
    0x08003c94   0x08003c94   0x00000078   Code   RO         3872    x$fpl$deqf          fz_ws.l(deqf.o)
    0x08003d0c   0x08003d0c   0x00000078   Code   RO         3891    x$fpl$dleqf         fz_ws.l(dleqf.o)
    0x08003d84   0x08003d84   0x0000009c   Code   RO         3893    x$fpl$dnaninf       fz_ws.l(dnaninf.o)
    0x08003e20   0x08003e20   0x0000000c   Code   RO         3712    x$fpl$dretinf       fz_ws.l(dretinf.o)
    0x08003e2c   0x08003e2c   0x0000006c   Code   RO         3874    x$fpl$drleqf        fz_ws.l(drleqf.o)
    0x08003e98   0x08003e98   0x00000056   Code   RO         3668    x$fpl$f2d           fz_ws.l(f2d.o)
    0x08003eee   0x08003eee   0x00000002   PAD
    0x08003ef0   0x08003ef0   0x000000c4   Code   RO         3670    x$fpl$fadd          fz_ws.l(faddsub_clz.o)
    0x08003fb4   0x08003fb4   0x00000184   Code   RO         3677    x$fpl$fdiv          fz_ws.l(fdiv.o)
    0x08004138   0x08004138   0x00000026   Code   RO         3680    x$fpl$ffltu         fz_ws.l(fflt_clz.o)
    0x0800415e   0x0800415e   0x00000002   PAD
    0x08004160   0x08004160   0x00000102   Code   RO         3686    x$fpl$fmul          fz_ws.l(fmul.o)
    0x08004262   0x08004262   0x0000008c   Code   RO         3714    x$fpl$fnaninf       fz_ws.l(fnaninf.o)
    0x080042ee   0x080042ee   0x0000000a   Code   RO         3716    x$fpl$fretinf       fz_ws.l(fretinf.o)
    0x080042f8   0x080042f8   0x000000ea   Code   RO         3672    x$fpl$fsub          fz_ws.l(faddsub_clz.o)
    0x080043e2   0x080043e2   0x00000006   Code   RO         3786    x$fpl$ieeestatus    fz_ws.l(istatus.o)
    0x080043e8   0x080043e8   0x00000004   Code   RO         3688    x$fpl$printf1       fz_ws.l(printf1.o)
    0x080043ec   0x080043ec   0x00000064   Code   RO         3964    x$fpl$retnan        fz_ws.l(retnan.o)
    0x08004450   0x08004450   0x0000005c   Code   RO         3897    x$fpl$scalbn        fz_ws.l(scalbn.o)
    0x080044ac   0x080044ac   0x00000004   Code   RO         3690    x$fpl$scanf1        fz_ws.l(scanf1.o)
    0x080044b0   0x080044b0   0x00000008   Code   RO         3788    x$fpl$scanf2        fz_ws.l(scanf2.o)
    0x080044b8   0x080044b8   0x00000030   Code   RO         3991    x$fpl$trapveneer    fz_ws.l(trapv.o)
    0x080044e8   0x080044e8   0x00000000   Code   RO         3718    x$fpl$usenofp       fz_ws.l(usenofp.o)
    0x080044e8   0x080044e8   0x000005f0   Data   RO         3323    .constdata          oled.o
    0x08004ad8   0x08004ad8   0x00000020   Data   RO         3512    .constdata          main.o
    0x08004af8   0x08004af8   0x00000094   Data   RO         3755    .constdata          c_w.l(bigflt0.o)
    0x08004b8c   0x08004b8c   0x0000003b   Data   RO         3513    .conststring        main.o
    0x08004bc7   0x08004bc7   0x00000001   PAD
    0x08004bc8   0x08004bc8   0x00000020   Data   RO         4017    Region$$Table       anon$$obj.o
    0x08004be8   0x08004be8   0x00000008   Data   RO         3782    c$$dinf             fz_ws.l(fpconst.o)
    0x08004bf0   0x08004bf0   0x00000008   Data   RO         3785    c$$dmax             fz_ws.l(fpconst.o)
    0x08004bf8   0x08004bf8   0x0000001c   Data   RO         3779    locale$$data        c_w.l(lc_numeric_c.o)
    0x08004c14   0x08004c14   0x00000110   Data   RO         3884    locale$$data        c_w.l(lc_ctype_c.o)


    Execution Region RW_IRAM1 (Exec base: 0x20000000, Load base: 0x08004d24, Size: 0x000007d0, Max: 0x00005000, ABSOLUTE)

    Exec Addr    Load Addr    Size         Type   Attr      Idx    E Section Name        Object

    0x20000000   0x08004d24   0x00000014   Data   RW         1805    .data               stm32f10x_rcc.o
    0x20000014   0x08004d38   0x00000002   Data   RW         3462    .data               uart.o
    0x20000016   0x08004d3a   0x00000002   Data   RW         3514    .data               main.o
    0x20000018        -       0x000000c8   Zero   RW         3420    .bss                adc.o
    0x200000e0        -       0x00000040   Zero   RW         3461    .bss                uart.o
    0x20000120        -       0x00000050   Zero   RW         3511    .bss                main.o
    0x20000170        -       0x00000060   Zero   RW         3803    .bss                c_w.l(libspace.o)
    0x200001d0        -       0x00000200   Zero   RW            2    HEAP                startup_stm32f10x_md.o
    0x200003d0        -       0x00000400   Zero   RW            1    STACK               startup_stm32f10x_md.o


==============================================================================

Image component sizes


      Code (inc. data)   RO Data    RW Data    ZI Data      Debug   Object Name

       380         42          0          0        200       2582   adc.o
         0          0          0          0          0       4500   core_cm3.o
        70          0          0          0          0        874   delay.o
       148         10          0          0          0        928   key.o
       116         22          0          0          0       2017   led.o
      1588        528         91          2         80       3447   main.o
       132         22          0          0          0     213623   misc.o
       734         22       1520          0          0       6055   oled.o
        64         26        236          0       1536        800   startup_stm32f10x_md.o
       390         10          0          0          0      17413   stm32f10x_adc.o
        84          0          0          0          0      12357   stm32f10x_dma.o
       314          0          0          0          0      12164   stm32f10x_gpio.o
        26          0          0          0          0       3522   stm32f10x_it.o
       300         38          0         20          0      13312   stm32f10x_rcc.o
       472          6          0          0          0      12231   stm32f10x_usart.o
       328         28          0          0          0      34501   system_stm32f10x.o
       402         54          0          2         64       3901   uart.o

    ----------------------------------------------------------------------
      5562        808       1880         24       1880     344227   Object Totals
         0          0         32          0          0          0   (incl. Generated)
        14          0          1          0          0          0   (incl. Padding)

    ----------------------------------------------------------------------

      Code (inc. data)   RO Data    RW Data    ZI Data      Debug   Library Member Name

        60          8          0          0          0         84   __0sscanf.o
        44          6          0          0          0         84   __2sprintf.o
         8          0          0          0          0         68   __main.o
       284          0          0          0          0        156   __printf_wp.o
         0          0          0          0          0          0   __rtentry.o
        12          0          0          0          0          0   __rtentry2.o
         6          0          0          0          0          0   __rtentry4.o
        52          8          0          0          0          0   __scatter.o
        26          0          0          0          0          0   __scatter_copy.o
        28          0          0          0          0          0   __scatter_zi.o
        28          0          0          0          0         68   _chval.o
        44          0          0          0          0        108   _printf_char.o
        48          6          0          0          0         96   _printf_char_common.o
         6          0          0          0          0          0   _printf_d.o
       120         16          0          0          0         92   _printf_dec.o
         6          0          0          0          0          0   _printf_f.o
      1054          0          0          0          0        216   _printf_fp_dec.o
       128         16          0          0          0         84   _printf_fp_infnan.o
       178          0          0          0          0         88   _printf_intcommon.o
         0          0          0          0          0          0   _printf_percent.o
         4          0          0          0          0          0   _printf_percent_end.o
         6          0          0          0          0          0   _printf_s.o
        82          0          0          0          0         80   _printf_str.o
        22          0          0          0          0        100   _rserrno.o
       884          6          0          0          0        100   _scanf.o
       332          0          0          0          0         96   _scanf_int.o
        64          0          0          0          0         84   _sgetc.o
        10          0          0          0          0         68   _sputc.o
       228          4        148          0          0         96   bigflt0.o
      2152        136          0          0          0        960   btod.o
        18          0          0          0          0         80   exit.o
         6          0          0          0          0        152   heapauxi.o
         0          0          0          0          0          0   indicate_semi.o
        18          0          0          0          0         76   isspace.o
        44         10        272          0          0         76   lc_ctype_c.o
        44         10         28          0          0         76   lc_numeric_c.o
         2          0          0          0          0          0   libinit.o
        30          0          0          0          0          0   libinit2.o
         2          0          0          0          0          0   libshutdown.o
         2          0          0          0          0          0   libshutdown2.o
         8          4          0          0         96         68   libspace.o
        38          0          0          0          0         68   llshl.o
       138          0          0          0          0         80   lludiv10.o
        16          4          0          0          0         76   rt_ctype_table.o
         8          4          0          0          0         68   rt_errno_addr_intlibspace.o
         8          4          0          0          0         68   rt_locale_intlibspace.o
       100          0          0          0          0         80   rt_memcpy_w.o
         2          0          0          0          0          0   rtexit.o
        10          0          0          0          0          0   rtexit2.o
        44          8          0          0          0         84   scanf_char.o
      1272         16          0          0          0        168   scanf_fp.o
       800         14          0          0          0        100   scanf_hexfp.o
       308         16          0          0          0        100   scanf_infnan.o
       128          0          0          0          0         68   strcmpv7m.o
        12          4          0          0          0         68   sys_exit.o
        74          0          0          0          0         80   sys_stackheap_outer.o
         2          0          0          0          0         68   use_no_semi.o
        98          4          0          0          0         92   d2f.o
        16          4          0          0          0         68   dcheck1.o
        24          0          0          0          0         68   dcmpi.o
       120          4          0          0          0         92   deqf.o
       120          4          0          0          0         92   dleqf.o
       156          4          0          0          0         92   dnaninf.o
        12          0          0          0          0         68   dretinf.o
       108          0          0          0          0         80   drleqf.o
        86          4          0          0          0         84   f2d.o
       430          8          0          0          0        168   faddsub_clz.o
       388         76          0          0          0         96   fdiv.o
        38          0          0          0          0         68   fflt_clz.o
       258          4          0          0          0         84   fmul.o
       140          4          0          0          0         84   fnaninf.o
         0          0         16          0          0          0   fpconst.o
        10          0          0          0          0         68   fretinf.o
         6          0          0          0          0         68   istatus.o
         4          0          0          0          0         68   printf1.o
       100          0          0          0          0         68   retnan.o
        92          0          0          0          0         68   scalbn.o
         4          0          0          0          0         68   scanf1.o
         8          0          0          0          0         84   scanf2.o
        48          0          0          0          0         68   trapv.o
         0          0          0          0          0          0   usenofp.o
        30          6          0          0          0        136   dunder.o
        40          0          0          0          0         68   fpclassify.o
        88          8          0          0          0         76   frexp.o
       138          0          0          0          0        160   ldexp.o
       204          4          0          0          0        168   narrow.o

    ----------------------------------------------------------------------
     11842        436        464          0         96       6836   Library Totals
        26          2          0          0          0          0   (incl. Padding)

    ----------------------------------------------------------------------

      Code (inc. data)   RO Data    RW Data    ZI Data      Debug   Library Name

      9050        300        448          0         96       4432   c_w.l
      2266        116         16          0          0       1796   fz_ws.l
       500         18          0          0          0        608   m_ws.l

    ----------------------------------------------------------------------
     11842        436        464          0         96       6836   Library Totals

    ----------------------------------------------------------------------

==============================================================================


      Code (inc. data)   RO Data    RW Data    ZI Data      Debug   

     17404       1244       2344         24       1976     343311   Grand Totals
     17404       1244       2344         24       1976     343311   ELF Image Totals
     17404       1244       2344         24          0          0   ROM Totals

==============================================================================

    Total RO  Size (Code + RO Data)                19748 (  19.29kB)
    Total RW  Size (RW Data + ZI Data)              2000 (   1.95kB)
    Total ROM Size (Code + RO Data + RW Data)      19772 (  19.31kB)

==============================================================================

