Component: Arm Compiler for Embedded 6.24 Tool: armlink [5f371500]

==============================================================================

Section Cross References

    startup_stm32f10x_md.o(STACK) refers (Special) to heapauxi.o(.text) for __use_two_region_memory
    startup_stm32f10x_md.o(HEAP) refers (Special) to heapauxi.o(.text) for __use_two_region_memory
    startup_stm32f10x_md.o(RESET) refers (Special) to heapauxi.o(.text) for __use_two_region_memory
    startup_stm32f10x_md.o(RESET) refers to startup_stm32f10x_md.o(STACK) for __initial_sp
    startup_stm32f10x_md.o(RESET) refers to startup_stm32f10x_md.o(.text) for Reset_Handler
    startup_stm32f10x_md.o(RESET) refers to stm32f10x_it.o(.text.NMI_Handler) for NMI_Handler
    startup_stm32f10x_md.o(RESET) refers to stm32f10x_it.o(.text.HardFault_Handler) for HardFault_Handler
    startup_stm32f10x_md.o(RESET) refers to stm32f10x_it.o(.text.MemManage_Handler) for MemManage_Handler
    startup_stm32f10x_md.o(RESET) refers to stm32f10x_it.o(.text.BusFault_Handler) for BusFault_Handler
    startup_stm32f10x_md.o(RESET) refers to stm32f10x_it.o(.text.UsageFault_Handler) for UsageFault_Handler
    startup_stm32f10x_md.o(RESET) refers to stm32f10x_it.o(.text.SVC_Handler) for SVC_Handler
    startup_stm32f10x_md.o(RESET) refers to stm32f10x_it.o(.text.DebugMon_Handler) for DebugMon_Handler
    startup_stm32f10x_md.o(RESET) refers to stm32f10x_it.o(.text.PendSV_Handler) for PendSV_Handler
    startup_stm32f10x_md.o(RESET) refers to stm32f10x_it.o(.text.SysTick_Handler) for SysTick_Handler
    startup_stm32f10x_md.o(RESET) refers to uart.o(.text.USART1_IRQHandler) for USART1_IRQHandler
    startup_stm32f10x_md.o(.text) refers (Special) to heapauxi.o(.text) for __use_two_region_memory
    startup_stm32f10x_md.o(.text) refers to system_stm32f10x.o(.text.SystemInit) for SystemInit
    startup_stm32f10x_md.o(.text) refers to __main.o(!!!main) for __main
    startup_stm32f10x_md.o(.text) refers to startup_stm32f10x_md.o(HEAP) for Heap_Mem
    startup_stm32f10x_md.o(.text) refers to startup_stm32f10x_md.o(STACK) for Stack_Mem
    core_cm3.o(.ARM.exidx.text.__get_PSP) refers to core_cm3.o(.text.__get_PSP) for [Anonymous Symbol]
    core_cm3.o(.ARM.exidx.text.__set_PSP) refers to core_cm3.o(.text.__set_PSP) for [Anonymous Symbol]
    core_cm3.o(.ARM.exidx.text.__get_MSP) refers to core_cm3.o(.text.__get_MSP) for [Anonymous Symbol]
    core_cm3.o(.ARM.exidx.text.__set_MSP) refers to core_cm3.o(.text.__set_MSP) for [Anonymous Symbol]
    core_cm3.o(.ARM.exidx.text.__get_BASEPRI) refers to core_cm3.o(.text.__get_BASEPRI) for [Anonymous Symbol]
    core_cm3.o(.ARM.exidx.text.__set_BASEPRI) refers to core_cm3.o(.text.__set_BASEPRI) for [Anonymous Symbol]
    core_cm3.o(.ARM.exidx.text.__get_PRIMASK) refers to core_cm3.o(.text.__get_PRIMASK) for [Anonymous Symbol]
    core_cm3.o(.ARM.exidx.text.__set_PRIMASK) refers to core_cm3.o(.text.__set_PRIMASK) for [Anonymous Symbol]
    core_cm3.o(.ARM.exidx.text.__get_FAULTMASK) refers to core_cm3.o(.text.__get_FAULTMASK) for [Anonymous Symbol]
    core_cm3.o(.ARM.exidx.text.__set_FAULTMASK) refers to core_cm3.o(.text.__set_FAULTMASK) for [Anonymous Symbol]
    core_cm3.o(.ARM.exidx.text.__get_CONTROL) refers to core_cm3.o(.text.__get_CONTROL) for [Anonymous Symbol]
    core_cm3.o(.ARM.exidx.text.__set_CONTROL) refers to core_cm3.o(.text.__set_CONTROL) for [Anonymous Symbol]
    core_cm3.o(.ARM.exidx.text.__REV) refers to core_cm3.o(.text.__REV) for [Anonymous Symbol]
    core_cm3.o(.ARM.exidx.text.__REV16) refers to core_cm3.o(.text.__REV16) for [Anonymous Symbol]
    core_cm3.o(.ARM.exidx.text.__REVSH) refers to core_cm3.o(.text.__REVSH) for [Anonymous Symbol]
    core_cm3.o(.ARM.exidx.text.__RBIT) refers to core_cm3.o(.text.__RBIT) for [Anonymous Symbol]
    core_cm3.o(.ARM.exidx.text.__LDREXB) refers to core_cm3.o(.text.__LDREXB) for [Anonymous Symbol]
    core_cm3.o(.ARM.exidx.text.__LDREXH) refers to core_cm3.o(.text.__LDREXH) for [Anonymous Symbol]
    core_cm3.o(.ARM.exidx.text.__LDREXW) refers to core_cm3.o(.text.__LDREXW) for [Anonymous Symbol]
    core_cm3.o(.ARM.exidx.text.__STREXB) refers to core_cm3.o(.text.__STREXB) for [Anonymous Symbol]
    core_cm3.o(.ARM.exidx.text.__STREXH) refers to core_cm3.o(.text.__STREXH) for [Anonymous Symbol]
    core_cm3.o(.ARM.exidx.text.__STREXW) refers to core_cm3.o(.text.__STREXW) for [Anonymous Symbol]
    system_stm32f10x.o(.ARM.exidx.text.SystemInit) refers to system_stm32f10x.o(.text.SystemInit) for [Anonymous Symbol]
    system_stm32f10x.o(.text.SystemCoreClockUpdate) refers to system_stm32f10x.o(.data.SystemCoreClock) for SystemCoreClock
    system_stm32f10x.o(.text.SystemCoreClockUpdate) refers to system_stm32f10x.o(.rodata.AHBPrescTable) for AHBPrescTable
    system_stm32f10x.o(.ARM.exidx.text.SystemCoreClockUpdate) refers to system_stm32f10x.o(.text.SystemCoreClockUpdate) for [Anonymous Symbol]
[...]
    .ARM.Collect$$libshutdown$$0000000F      0x080001a2   Section        0  libshutdown2.o(.ARM.Collect$$libshutdown$$0000000F)
    .ARM.Collect$$libshutdown$$00000010      0x080001a2   Section        2  libshutdown2.o(.ARM.Collect$$libshutdown$$00000010)
    .ARM.Collect$$rtentry$$00000000          0x080001a4   Section        0  __rtentry.o(.ARM.Collect$$rtentry$$00000000)
    .ARM.Collect$$rtentry$$00000002          0x080001a4   Section        0  __rtentry2.o(.ARM.Collect$$rtentry$$00000002)
    .ARM.Collect$$rtentry$$00000004          0x080001a4   Section        6  __rtentry4.o(.ARM.Collect$$rtentry$$00000004)
    .ARM.Collect$$rtentry$$00000009          0x080001aa   Section        0  __rtentry2.o(.ARM.Collect$$rtentry$$00000009)
    .ARM.Collect$$rtentry$$0000000A          0x080001aa   Section        4  __rtentry2.o(.ARM.Collect$$rtentry$$0000000A)
    .ARM.Collect$$rtentry$$0000000C          0x080001ae   Section        0  __rtentry2.o(.ARM.Collect$$rtentry$$0000000C)
    .ARM.Collect$$rtentry$$0000000D          0x080001ae   Section        8  __rtentry2.o(.ARM.Collect$$rtentry$$0000000D)
    .ARM.Collect$$rtexit$$00000000           0x080001b6   Section        2  rtexit.o(.ARM.Collect$$rtexit$$00000000)
    .ARM.Collect$$rtexit$$00000002           0x080001b8   Section        0  rtexit2.o(.ARM.Collect$$rtexit$$00000002)
    .ARM.Collect$$rtexit$$00000003           0x080001b8   Section        4  rtexit2.o(.ARM.Collect$$rtexit$$00000003)
    .ARM.Collect$$rtexit$$00000004           0x080001bc   Section        6  rtexit2.o(.ARM.Collect$$rtexit$$00000004)
    .text                                    0x080001c4   Section       64  startup_stm32f10x_md.o(.text)
    .text                                    0x08000204   Section        0  __2sprintf.o(.text)
    .text                                    0x08000230   Section        0  _printf_pad.o(.text)
    .text                                    0x0800027e   Section        0  _printf_str.o(.text)
    .text                                    0x080002d0   Section        0  _printf_dec.o(.text)
    .text                                    0x08000348   Section        0  __printf_flags_wp.o(.text)
    .text                                    0x08000480   Section        0  __0sscanf.o(.text)
    .text                                    0x080004bc   Section        0  _scanf_int.o(.text)
    .text                                    0x08000608   Section      138  rt_memcpy_v6.o(.text)
    .text                                    0x08000692   Section       16  aeabi_memset.o(.text)
    .text                                    0x080006a2   Section       78  rt_memclr_w.o(.text)
    .text                                    0x080006f0   Section        0  heapauxi.o(.text)
    .text                                    0x080006f6   Section        0  _printf_intcommon.o(.text)
    _printf_input_char                       0x080007a9   Thumb Code    10  _printf_char_common.o(.text)
    .text                                    0x080007a8   Section        0  _printf_char_common.o(.text)
    .text                                    0x080007d8   Section        0  _sputc.o(.text)
    .text                                    0x080007e2   Section        0  _printf_char.o(.text)
    .text                                    0x0800080e   Section        0  _chval.o(.text)
    _fp_value                                0x0800082d   Thumb Code   588  scanf_fp.o(.text)
    .text                                    0x0800082c   Section        0  scanf_fp.o(.text)
    _scanf_char_input                        0x08000d25   Thumb Code    12  scanf_char.o(.text)
    .text                                    0x08000d24   Section        0  scanf_char.o(.text)
    .text                                    0x08000d50   Section        0  _sgetc.o(.text)
    .text                                    0x08000d90   Section      100  rt_memcpy_w.o(.text)
    .text                                    0x08000df4   Section       68  rt_memclr.o(.text)
    .text                                    0x08000e38   Section        8  rt_locale_intlibspace.o(.text)
    .text                                    0x08000e40   Section        8  rt_errno_addr_intlibspace.o(.text)
    .text                                    0x08000e48   Section       38  llshl.o(.text)
    .text                                    0x08000e6e   Section        0  isspace.o(.text)
    .text                                    0x08000e80   Section        0  _scanf.o(.text)
    .text                                    0x080011f4   Section        0  bigflt0.o(.text)
    .text                                    0x080012d8   Section        8  libspace.o(.text)
    .text                                    0x080012e0   Section       74  sys_stackheap_outer.o(.text)
    .text                                    0x0800132c   Section       16  rt_ctype_table.o(.text)
    .text                                    0x0800133c   Section        0  _rserrno.o(.text)
    .text                                    0x08001354   Section        0  scanf_hexfp.o(.text)
    .text                                    0x08001674   Section        0  scanf_infnan.o(.text)
    .text                                    0x080017a8   Section        0  exit.o(.text)
    .text                                    0x080017bc   Section      128  strcmpv7m.o(.text)
    .text                                    0x0800183c   Section        0  sys_exit.o(.text)
    .text                                    0x08001848   Section        2  use_no_semi.o(.text)
    .text                                    0x0800184a   Section        0  indicate_semi.o(.text)
    [Anonymous Symbol]                       0x0800184c   Section        0  adc.o(.text.ADCDMA_Init)
    [Anonymous Symbol]                       0x08001940   Section        0  stm32f10x_adc.o(.text.ADC_Cmd)
    [Anonymous Symbol]                       0x08001950   Section        0  stm32f10x_adc.o(.text.ADC_DMACmd)
    [Anonymous Symbol]                       0x08001964   Section        0  stm32f10x_adc.o(.text.ADC_GetCalibrationStatus)
    [Anonymous Symbol]                       0x0800196c   Section        0  stm32f10x_adc.o(.text.ADC_GetResetCalibrationStatus)
    [Anonymous Symbol]                       0x08001974   Section        0  stm32f10x_adc.o(.text.ADC_Init)
    [Anonymous Symbol]                       0x080019c8   Section        0  stm32f10x_adc.o(.text.ADC_RegularChannelConfig)
    [Anonymous Symbol]                       0x08001a28   Section        0  stm32f10x_adc.o(.text.ADC_ResetCalibration)
    [Anonymous Symbol]                       0x08001a34   Section        0  stm32f10x_adc.o(.text.ADC_SoftwareStartConvCmd)
    [Anonymous Symbol]                       0x08001a48   Section        0  stm32f10x_adc.o(.text.ADC_StartCalibration)
    [Anonymous Symbol]                       0x08001a54   Section        0  stm32f10x_it.o(.text.BusFault_Handler)
    [Anonymous Symbol]                       0x08001a58   Section        0  stm32f10x_dma.o(.text.DMA_Cmd)
    [Anonymous Symbol]                       0x08001a70   Section        0  stm32f10x_dma.o(.text.DMA_Init)
    [Anonymous Symbol]                       0x08001ab8   Section        0  stm32f10x_it.o(.text.DebugMon_Handler)
    [Anonymous Symbol]                       0x08001abc   Section        0  delay.o(.text.Delay_ms)
    [Anonymous Symbol]                       0x08001afc   Section        0  stm32f10x_gpio.o(.text.GPIO_Init)
    [Anonymous Symbol]                       0x08001bb8   Section        0  stm32f10x_gpio.o(.text.GPIO_ReadInputDataBit)
    [Anonymous Symbol]                       0x08001bc4   Section        0  stm32f10x_gpio.o(.text.GPIO_ResetBits)
    [Anonymous Symbol]                       0x08001bc8   Section        0  stm32f10x_gpio.o(.text.GPIO_SetBits)
    [Anonymous Symbol]                       0x08001bcc   Section        0  stm32f10x_gpio.o(.text.GPIO_WriteBit)
    [Anonymous Symbol]                       0x08001bd8   Section        0  adc.o(.text.Get_Current_Amps)
    [Anonymous Symbol]                       0x08001c2c   Section        0  stm32f10x_it.o(.text.HardFault_Handler)
    [Anonymous Symbol]                       0x08001c30   Section        0  key.o(.text.Key_GetNum)
    [Anonymous Symbol]                       0x08001c98   Section        0  key.o(.text.Key_Init)
    [Anonymous Symbol]                       0x08001ccc   Section        0  led.o(.text.LED1_OFF)
    [Anonymous Symbol]                       0x08001cdc   Section        0  led.o(.text.LED1_ON)
    [Anonymous Symbol]                       0x08001cec   Section        0  led.o(.text.LED2_OFF)
    [Anonymous Symbol]                       0x08001cfc   Section        0  led.o(.text.LED2_ON)
    [Anonymous Symbol]                       0x08001d0c   Section        0  led.o(.text.LED_Init)
    [Anonymous Symbol]                       0x08001d3c   Section        0  stm32f10x_it.o(.text.MemManage_Handler)
    [Anonymous Symbol]                       0x08001d40   Section        0  stm32f10x_it.o(.text.NMI_Handler)
    [Anonymous Symbol]                       0x08001d44   Section        0  misc.o(.text.NVIC_Init)
    [Anonymous Symbol]                       0x08001da4   Section        0  misc.o(.text.NVIC_PriorityGroupConfig)
    [Anonymous Symbol]                       0x08001db8   Section        0  oled.o(.text.OLED_I2C_SendByte)
    [Anonymous Symbol]                       0x08001e14   Section        0  oled.o(.text.OLED_Init)
    [Anonymous Symbol]                       0x08001f24   Section        0  oled.o(.text.OLED_ShowChar)
    [Anonymous Symbol]                       0x08001fb4   Section        0  oled.o(.text.OLED_ShowString)
    [Anonymous Symbol]                       0x08001fe0   Section        0  oled.o(.text.OLED_WriteCommand)
    [Anonymous Symbol]                       0x08002094   Section        0  oled.o(.text.OLED_WriteData)
    [Anonymous Symbol]                       0x0800210c   Section        0  stm32f10x_it.o(.text.PendSV_Handler)
    [Anonymous Symbol]                       0x08002110   Section        0  stm32f10x_rcc.o(.text.RCC_ADCCLKConfig)
    [Anonymous Symbol]                       0x08002124   Section        0  stm32f10x_rcc.o(.text.RCC_AHBPeriphClockCmd)
    [Anonymous Symbol]                       0x0800213c   Section        0  stm32f10x_rcc.o(.text.RCC_APB2PeriphClockCmd)
    [Anonymous Symbol]                       0x08002154   Section        0  stm32f10x_rcc.o(.text.RCC_GetClocksFreq)
    [Anonymous Symbol]                       0x080021e0   Section        0  stm32f10x_it.o(.text.SVC_Handler)
    [Anonymous Symbol]                       0x080021e4   Section        0  stm32f10x_it.o(.text.SysTick_Handler)
    [Anonymous Symbol]                       0x080021e8   Section        0  system_stm32f10x.o(.text.SystemInit)
    [Anonymous Symbol]                       0x080022f4   Section        0  uart.o(.text.UART1_ClearRxFlag)
    [Anonymous Symbol]                       0x0800230c   Section        0  uart.o(.text.UART1_GetRxFlag)
    [Anonymous Symbol]                       0x08002318   Section        0  uart.o(.text.UART1_GetRxLine)
    [Anonymous Symbol]                       0x08002348   Section        0  uart.o(.text.UART1_Init)
    [Anonymous Symbol]                       0x080023d0   Section        0  uart.o(.text.UART1_SendString)
    [Anonymous Symbol]                       0x08002410   Section        0  uart.o(.text.USART1_IRQHandler)
    [Anonymous Symbol]                       0x08002488   Section        0  stm32f10x_usart.o(.text.USART_ClearITPendingBit)
    [Anonymous Symbol]                       0x08002498   Section        0  stm32f10x_usart.o(.text.USART_Cmd)
    [Anonymous Symbol]                       0x080024ac   Section        0  stm32f10x_usart.o(.text.USART_GetFlagStatus)
    [Anonymous Symbol]                       0x080024b8   Section        0  stm32f10x_usart.o(.text.USART_GetITStatus)
    [Anonymous Symbol]                       0x080024ec   Section        0  stm32f10x_usart.o(.text.USART_ITConfig)
    [Anonymous Symbol]                       0x0800251c   Section        0  stm32f10x_usart.o(.text.USART_Init)
    [Anonymous Symbol]                       0x080025d4   Section        0  stm32f10x_usart.o(.text.USART_ReceiveData)
    [Anonymous Symbol]                       0x080025dc   Section        0  stm32f10x_usart.o(.text.USART_SendData)
    [Anonymous Symbol]                       0x080025e4   Section        0  stm32f10x_it.o(.text.UsageFault_Handler)
    [Anonymous Symbol]                       0x080025e8   Section        0  main.o(.text.main)
    CL$$btod_div_common                      0x08002bd8   Section      824  btod.o(CL$$btod_div_common)
    CL$$btod_e2d                             0x08002f10   Section      132  btod.o(CL$$btod_e2d)
    CL$$btod_e2e                             0x08002f94   Section      220  btod.o(CL$$btod_e2e)
    CL$$btod_ediv                            0x08003070   Section       42  btod.o(CL$$btod_ediv)
    CL$$btod_edivd                           0x0800309a   Section       42  btod.o(CL$$btod_edivd)
    CL$$btod_emul                            0x080030c4   Section       42  btod.o(CL$$btod_emul)
    CL$$btod_emuld                           0x080030ee   Section       42  btod.o(CL$$btod_emuld)
    CL$$btod_mult_common                     0x08003118   Section      580  btod.o(CL$$btod_mult_common)
    i.__mathlib_dbl_overflow                 0x0800335c   Section        0  dunder.o(i.__mathlib_dbl_overflow)
    i.__mathlib_dbl_underflow                0x0800336c   Section        0  dunder.o(i.__mathlib_dbl_underflow)
    i.__mathlib_narrow                       0x0800337c   Section        0  narrow.o(i.__mathlib_narrow)
    i.__mathlib_tofloat                      0x0800338c   Section        0  narrow.o(i.__mathlib_tofloat)
    i.__support_ldexp                        0x08003448   Section        0  ldexp.o(i.__support_ldexp)
    i._is_digit                              0x0800345e   Section        0  __printf_wp.o(i._is_digit)
    i.frexp                                  0x0800346c   Section        0  frexp.o(i.frexp)
    i.ldexp                                  0x080034c4   Section        0  ldexp.o(i.ldexp)
    locale$$code                             0x08003538   Section       44  lc_numeric_c.o(locale$$code)
    locale$$code                             0x08003564   Section       44  lc_ctype_c.o(locale$$code)
    x$fpl$d2f                                0x08003590   Section       98  d2f.o(x$fpl$d2f)
    x$fpl$dcheck1                            0x080035f4   Section       16  dcheck1.o(x$fpl$dcheck1)
    x$fpl$dcmpinf                            0x08003604   Section       24  dcmpi.o(x$fpl$dcmpinf)
    x$fpl$deqf                               0x0800361c   Section      120  deqf.o(x$fpl$deqf)
    x$fpl$dleqf                              0x08003694   Section      120  dleqf.o(x$fpl$dleqf)
    x$fpl$dnaninf                            0x0800370c   Section      156  dnaninf.o(x$fpl$dnaninf)
    x$fpl$drleqf                             0x080037a8   Section      108  drleqf.o(x$fpl$drleqf)
    x$fpl$fadd                               0x08003814   Section      196  faddsub_clz.o(x$fpl$fadd)
    _fadd1                                   0x08003823   Thumb Code     0  faddsub_clz.o(x$fpl$fadd)
    _fdiv1                                   0x080038d9   Thumb Code     0  fdiv.o(x$fpl$fdiv)
    x$fpl$fdiv                               0x080038d8   Section      388  fdiv.o(x$fpl$fdiv)
    x$fpl$ffix                               0x08003a5c   Section       54  ffix.o(x$fpl$ffix)
    x$fpl$fflt                               0x08003a94   Section       48  fflt_clz.o(x$fpl$fflt)
    x$fpl$ffltu                              0x08003ac4   Section       38  fflt_clz.o(x$fpl$ffltu)
    x$fpl$fmul                               0x08003aec   Section      258  fmul.o(x$fpl$fmul)
    x$fpl$fnaninf                            0x08003bee   Section      140  fnaninf.o(x$fpl$fnaninf)
    x$fpl$fretinf                            0x08003c7a   Section       10  fretinf.o(x$fpl$fretinf)
    x$fpl$fsub                               0x08003c84   Section      234  faddsub_clz.o(x$fpl$fsub)
    _fsub1                                   0x08003c93   Thumb Code     0  faddsub_clz.o(x$fpl$fsub)
    x$fpl$ieeestatus                         0x08003d6e   Section        6  istatus.o(x$fpl$ieeestatus)
    x$fpl$retnan                             0x08003d74   Section      100  retnan.o(x$fpl$retnan)
    x$fpl$scalbn                             0x08003dd8   Section       92  scalbn.o(x$fpl$scalbn)
    x$fpl$scanf1                             0x08003e34   Section        4  scanf1.o(x$fpl$scanf1)
    x$fpl$scanf2                             0x08003e38   Section        8  scanf2.o(x$fpl$scanf2)
    x$fpl$trapveneer                         0x08003e40   Section       48  trapv.o(x$fpl$trapveneer)
    maptable                                 0x08003e70   Data          17  __printf_flags_wp.o(.constdata)
    .constdata                               0x08003e70   Section       17  __printf_flags_wp.o(.constdata)
    x$fpl$usenofp                            0x08003e70   Section        0  usenofp.o(x$fpl$usenofp)
    tenpwrs_x                                0x08003e84   Data          60  bigflt0.o(.constdata)
    .constdata                               0x08003e84   Section      148  bigflt0.o(.constdata)
    tenpwrs_i                                0x08003ec0   Data          64  bigflt0.o(.constdata)
    ADCPrescTable                            0x08003f18   Data           4  stm32f10x_rcc.o(.rodata.ADCPrescTable)
    [Anonymous Symbol]                       0x08003f18   Section        0  stm32f10x_rcc.o(.rodata.ADCPrescTable)
    APBAHBPrescTable                         0x08003f1c   Data          16  stm32f10x_rcc.o(.rodata.APBAHBPrescTable)
    [Anonymous Symbol]                       0x08003f1c   Section        0  stm32f10x_rcc.o(.rodata.APBAHBPrescTable)
    .L.str.31                                0x0800451c   Data           9  main.o(.rodata.str1.1)
    [Anonymous Symbol]                       0x0800451c   Section        0  main.o(.rodata.str1.1)
    .L.str.16                                0x08004525   Data          11  main.o(.rodata.str1.1)
    .L.str.20                                0x08004530   Data          12  main.o(.rodata.str1.1)
    .L.str.23                                0x0800453c   Data          17  main.o(.rodata.str1.1)
    .L.str.33                                0x0800454d   Data          17  main.o(.rodata.str1.1)
    .L.str.34                                0x0800455e   Data          17  main.o(.rodata.str1.1)
    .L.str.19                                0x0800456f   Data          17  main.o(.rodata.str1.1)
    .L.str.18                                0x08004580   Data          17  main.o(.rodata.str1.1)
    .L.str.26                                0x08004591   Data          17  main.o(.rodata.str1.1)
    .L.str.28                                0x080045a2   Data          17  main.o(.rodata.str1.1)
    .L.str.2                                 0x080045b3   Data          17  main.o(.rodata.str1.1)
    .L.str.21                                0x080045c4   Data          17  main.o(.rodata.str1.1)
    .L.str.29                                0x080045d5   Data          17  main.o(.rodata.str1.1)
    .L.str.17                                0x080045e6   Data          17  main.o(.rodata.str1.1)
    .L.str.25                                0x080045f7   Data          17  main.o(.rodata.str1.1)
    .L.str.32                                0x08004608   Data          17  main.o(.rodata.str1.1)
    .L.str.1                                 0x08004619   Data          17  main.o(.rodata.str1.1)
    .L.str.30                                0x0800462a   Data          17  main.o(.rodata.str1.1)
    .L.str.22                                0x0800463b   Data          17  main.o(.rodata.str1.1)
    .L.str.27                                0x0800464c   Data          17  main.o(.rodata.str1.1)
    c$$dinf                                  0x0800469c   Section        8  fpconst.o(c$$dinf)
    c$$dmax                                  0x080046a4   Section        8  fpconst.o(c$$dmax)
    locale$$data                             0x080046ac   Section       28  lc_numeric_c.o(locale$$data)
    __lcnum_c_name                           0x080046b0   Data           2  lc_numeric_c.o(locale$$data)
    __lcnum_c_start                          0x080046b8   Data           0  lc_numeric_c.o(locale$$data)
    __lcnum_c_point                          0x080046c4   Data           0  lc_numeric_c.o(locale$$data)
    __lcnum_c_thousands                      0x080046c6   Data           0  lc_numeric_c.o(locale$$data)
    __lcnum_c_grouping                       0x080046c7   Data           0  lc_numeric_c.o(locale$$data)
    __lcnum_c_end                            0x080046c8   Data           0  lc_numeric_c.o(locale$$data)
    locale$$data                             0x080046c8   Section      272  lc_ctype_c.o(locale$$data)
    __lcctype_c_name                         0x080046cc   Data           2  lc_ctype_c.o(locale$$data)
    __lcctype_c_start                        0x080046d4   Data           0  lc_ctype_c.o(locale$$data)
    __lcctype_c_end                          0x080047d8   Data           0  lc_ctype_c.o(locale$$data)
    .bss                                     0x20000000   Section       96  libspace.o(.bss)
    uart1_rx_buf                             0x2000017c   Data          64  uart.o(.bss.uart1_rx_buf)
    [Anonymous Symbol]                       0x2000017c   Section        0  uart.o(.bss.uart1_rx_buf)
    uart1_rx_complete                        0x200001bc   Data           1  uart.o(.bss.uart1_rx_complete)
    [Anonymous Symbol]                       0x200001bc   Section        0  uart.o(.bss.uart1_rx_complete)
    uart1_rx_index                           0x200001bd   Data           1  uart.o(.bss.uart1_rx_index)
    [Anonymous Symbol]                       0x200001bd   Section        0  uart.o(.bss.uart1_rx_index)
    Heap_Mem                                 0x200001c0   Data         512  startup_stm32f10x_md.o(HEAP)
    HEAP                                     0x200001c0   Section      512  startup_stm32f10x_md.o(HEAP)
    Stack_Mem                                0x200003c0   Data        1024  startup_stm32f10x_md.o(STACK)
    STACK                                    0x200003c0   Section     1024  startup_stm32f10x_md.o(STACK)
    __initial_sp                             0x200007c0   Data           0  startup_stm32f10x_md.o(STACK)

    Global Symbols

    Symbol Name                              Value     Ov Type        Size  Object(Section)

    BuildAttributes$$THM_ISAv4$P$D$K$B$S$PE$A:L22UL41UL21$X:L11$S22US41US21$IEEE1$IW$~IW$USESV6$~STKCKD$USESV7$~SHL$OTIME$ROPI$IEEEX$EBA8$UX$STANDARDLIB$REQ8$PRES8$EABIv2 0x00000000   Number         0  anon$$obj.o ABSOLUTE
    __fp_init_empty                          0x00000000   Number         0  fpinit_empty.o ABSOLUTE
    _printf_flags                            0x00000000   Number         0  printf_stubs.o ABSOLUTE
    _printf_return_value                     0x00000000   Number         0  printf_stubs.o ABSOLUTE
    _printf_sizespec                         0x00000000   Number         0  printf_stubs.o ABSOLUTE
    _printf_widthprec                        0x00000000   Number         0  printf_stubs.o ABSOLUTE
    __ARM_exceptions_init                     - Undefined Weak Reference
    __alloca_initialize                       - Undefined Weak Reference
    __arm_preinit_                            - Undefined Weak Reference
    __arm_relocate_pie_                       - Undefined Weak Reference
    __cpp_initialize__aeabi_                  - Undefined Weak Reference
    __cxa_finalize                            - Undefined Weak Reference
    __sigvec_lookup                           - Undefined Weak Reference
    _atexit_init                              - Undefined Weak Reference
    _call_atexit_fns                          - Undefined Weak Reference
    _clock_init                               - Undefined Weak Reference
    _fp_trap_init                             - Undefined Weak Reference
    _fp_trap_shutdown                         - Undefined Weak Reference
    _get_lc_collate                           - Undefined Weak Reference
    _get_lc_monetary                          - Undefined Weak Reference
    _get_lc_time                              - Undefined Weak Reference
    _getenv_init                              - Undefined Weak Reference
    _handle_redirection                       - Undefined Weak Reference
    _init_alloc                               - Undefined Weak Reference
    _init_user_alloc                          - Undefined Weak Reference
    _initio                                   - Undefined Weak Reference
    _printf_mbtowc                            - Undefined Weak Reference
    _printf_truncate_signed                   - Undefined Weak Reference
    _printf_truncate_unsigned                 - Undefined Weak Reference
    _rand_init                                - Undefined Weak Reference
    _scanf_longlong                           - Undefined Weak Reference
    _scanf_mbtowc                             - Undefined Weak Reference
    _scanf_string                             - Undefined Weak Reference
    _scanf_wctomb                             - Undefined Weak Reference
    _scanf_wstring                            - Undefined Weak Reference
    _signal_finish                            - Undefined Weak Reference
    _signal_init                              - Undefined Weak Reference
    _terminate_alloc                          - Undefined Weak Reference
    _terminate_user_alloc                     - Undefined Weak Reference
    _terminateio                              - Undefined Weak Reference
    __Vectors_Size                           0x000000ec   Number         0  startup_stm32f10x_md.o ABSOLUTE
    __Vectors                                0x08000000   Data           4  startup_stm32f10x_md.o(RESET)
    __Vectors_End                            0x080000ec   Data           0  startup_stm32f10x_md.o(RESET)
    __main                                   0x080000ed   Thumb Code     8  __main.o(!!!main)
    __scatterload                            0x080000f5   Thumb Code     0  __scatter.o(!!!scatter)
    __scatterload_rt2                        0x080000f5   Thumb Code    84  __scatter.o(!!!scatter)
    __scatterload_rt2_thumb_only             0x080000f5   Thumb Code     0  __scatter.o(!!!scatter)
    __scatterload_loop                       0x080000ff   Thumb Code     0  __scatter.o(!!!scatter)
    __scatterload_null                       0x08000151   Thumb Code     2  __scatter.o(!!handler_null)
    __scatterload_zeroinit                   0x08000155   Thumb Code    28  __scatter_zi.o(!!handler_zi)
    _printf_d                                0x08000171   Thumb Code     0  _printf_d.o(.ARM.Collect$$_printf_percent$$00000009)
    _printf_percent                          0x08000171   Thumb Code     0  _printf_percent.o(.ARM.Collect$$_printf_percent$$00000000)
    _printf_s                                0x08000177   Thumb Code     0  _printf_s.o(.ARM.Collect$$_printf_percent$$00000014)
    _printf_percent_end                      0x0800017d   Thumb Code     0  _printf_percent_end.o(.ARM.Collect$$_printf_percent$$00000017)
    __rt_lib_init                            0x08000181   Thumb Code     0  libinit.o(.ARM.Collect$$libinit$$00000000)
    __rt_lib_init_fp_1                       0x08000183   Thumb Code     0  libinit2.o(.ARM.Collect$$libinit$$00000002)
    __rt_lib_init_heap_1                     0x08000183   Thumb Code     0  libinit2.o(.ARM.Collect$$libinit$$0000000C)
    __rt_lib_init_lc_common                  0x08000183   Thumb Code     0  libinit2.o(.ARM.Collect$$libinit$$00000011)
    __rt_lib_init_preinit_1                  0x08000183   Thumb Code     0  libinit2.o(.ARM.Collect$$libinit$$00000006)
    __rt_lib_init_rand_1                     0x08000183   Thumb Code     0  libinit2.o(.ARM.Collect$$libinit$$00000010)
    __rt_lib_init_relocate_pie_1             0x08000183   Thumb Code     0  libinit2.o(.ARM.Collect$$libinit$$00000004)
    __rt_lib_init_user_alloc_1               0x08000183   Thumb Code     0  libinit2.o(.ARM.Collect$$libinit$$0000000E)
    __rt_lib_init_lc_collate_1               0x08000189   Thumb Code     0  libinit2.o(.ARM.Collect$$libinit$$00000013)
    __rt_lib_init_lc_ctype_2                 0x08000189   Thumb Code     0  libinit2.o(.ARM.Collect$$libinit$$00000014)
    __rt_lib_init_lc_ctype_1                 0x08000195   Thumb Code     0  libinit2.o(.ARM.Collect$$libinit$$00000015)
    __rt_lib_init_lc_monetary_1              0x08000195   Thumb Code     0  libinit2.o(.ARM.Collect$$libinit$$00000017)
    __rt_lib_init_lc_numeric_2               0x08000195   Thumb Code     0  libinit2.o(.ARM.Collect$$libinit$$00000018)
    __rt_lib_init_alloca_1                   0x0800019f   Thumb Code     0  libinit2.o(.ARM.Collect$$libinit$$00000030)
    __rt_lib_init_argv_1                     0x0800019f   Thumb Code     0  libinit2.o(.ARM.Collect$$libinit$$0000002E)
    __rt_lib_init_atexit_1                   0x0800019f   Thumb Code     0  libinit2.o(.ARM.Collect$$libinit$$0000001D)
    __rt_lib_init_clock_1                    0x0800019f   Thumb Code     0  libinit2.o(.ARM.Collect$$libinit$$00000023)
    __rt_lib_init_cpp_1                      0x0800019f   Thumb Code     0  libinit2.o(.ARM.Collect$$libinit$$00000034)
    __rt_lib_init_exceptions_1               0x0800019f   Thumb Code     0  libinit2.o(.ARM.Collect$$libinit$$00000032)
    __rt_lib_init_fp_trap_1                  0x0800019f   Thumb Code     0  libinit2.o(.ARM.Collect$$libinit$$00000021)
    __rt_lib_init_getenv_1                   0x0800019f   Thumb Code     0  libinit2.o(.ARM.Collect$$libinit$$00000025)
    __rt_lib_init_lc_numeric_1               0x0800019f   Thumb Code     0  libinit2.o(.ARM.Collect$$libinit$$00000019)
    __rt_lib_init_lc_time_1                  0x0800019f   Thumb Code     0  libinit2.o(.ARM.Collect$$libinit$$0000001B)
    __rt_lib_init_return                     0x0800019f   Thumb Code     0  libinit2.o(.ARM.Collect$$libinit$$00000035)
    __rt_lib_init_signal_1                   0x0800019f   Thumb Code     0  libinit2.o(.ARM.Collect$$libinit$$0000001F)
    __rt_lib_init_stdio_1                    0x0800019f   Thumb Code     0  libinit2.o(.ARM.Collect$$libinit$$00000027)
    __rt_lib_shutdown                        0x080001a1   Thumb Code     0  libshutdown.o(.ARM.Collect$$libshutdown$$00000000)
    __rt_lib_shutdown_cpp_1                  0x080001a3   Thumb Code     0  libshutdown2.o(.ARM.Collect$$libshutdown$$00000002)
    __rt_lib_shutdown_fp_trap_1              0x080001a3   Thumb Code     0  libshutdown2.o(.ARM.Collect$$libshutdown$$00000007)
    __rt_lib_shutdown_heap_1                 0x080001a3   Thumb Code     0  libshutdown2.o(.ARM.Collect$$libshutdown$$0000000F)
    __rt_lib_shutdown_return                 0x080001a3   Thumb Code     0  libshutdown2.o(.ARM.Collect$$libshutdown$$00000010)
    __rt_lib_shutdown_signal_1               0x080001a3   Thumb Code     0  libshutdown2.o(.ARM.Collect$$libshutdown$$0000000A)
    __rt_lib_shutdown_stdio_1                0x080001a3   Thumb Code     0  libshutdown2.o(.ARM.Collect$$libshutdown$$00000004)
    __rt_lib_shutdown_user_alloc_1           0x080001a3   Thumb Code     0  libshutdown2.o(.ARM.Collect$$libshutdown$$0000000C)
    __rt_entry                               0x080001a5   Thumb Code     0  __rtentry.o(.ARM.Collect$$rtentry$$00000000)
    __rt_entry_presh_1                       0x080001a5   Thumb Code     0  __rtentry2.o(.ARM.Collect$$rtentry$$00000002)
    __rt_entry_sh                            0x080001a5   Thumb Code     0  __rtentry4.o(.ARM.Collect$$rtentry$$00000004)
    __rt_entry_li                            0x080001ab   Thumb Code     0  __rtentry2.o(.ARM.Collect$$rtentry$$0000000A)
    __rt_entry_postsh_1                      0x080001ab   Thumb Code     0  __rtentry2.o(.ARM.Collect$$rtentry$$00000009)
    __rt_entry_main                          0x080001af   Thumb Code     0  __rtentry2.o(.ARM.Collect$$rtentry$$0000000D)
    __rt_entry_postli_1                      0x080001af   Thumb Code     0  __rtentry2.o(.ARM.Collect$$rtentry$$0000000C)
    __rt_exit                                0x080001b7   Thumb Code     0  rtexit.o(.ARM.Collect$$rtexit$$00000000)
    __rt_exit_ls                             0x080001b9   Thumb Code     0  rtexit2.o(.ARM.Collect$$rtexit$$00000003)
    __rt_exit_prels_1                        0x080001b9   Thumb Code     0  rtexit2.o(.ARM.Collect$$rtexit$$00000002)
    __rt_exit_exit                           0x080001bd   Thumb Code     0  rtexit2.o(.ARM.Collect$$rtexit$$00000004)
    Reset_Handler                            0x080001c5   Thumb Code     8  startup_stm32f10x_md.o(.text)
    ADC1_2_IRQHandler                        0x080001df   Thumb Code     0  startup_stm32f10x_md.o(.text)
    CAN1_RX1_IRQHandler                      0x080001df   Thumb Code     0  startup_stm32f10x_md.o(.text)
    CAN1_SCE_IRQHandler                      0x080001df   Thumb Code     0  startup_stm32f10x_md.o(.text)
    DMA1_Channel1_IRQHandler                 0x080001df   Thumb Code     0  startup_stm32f10x_md.o(.text)
    DMA1_Channel2_IRQHandler                 0x080001df   Thumb Code     0  startup_stm32f10x_md.o(.text)
    DMA1_Channel3_IRQHandler                 0x080001df   Thumb Code     0  startup_stm32f10x_md.o(.text)
    DMA1_Channel4_IRQHandler                 0x080001df   Thumb Code     0  startup_stm32f10x_md.o(.text)
    DMA1_Channel5_IRQHandler                 0x080001df   Thumb Code     0  startup_stm32f10x_md.o(.text)
    DMA1_Channel6_IRQHandler                 0x080001df   Thumb Code     0  startup_stm32f10x_md.o(.text)
    DMA1_Channel7_IRQHandler                 0x080001df   Thumb Code     0  startup_stm32f10x_md.o(.text)
    EXTI0_IRQHandler                         0x080001df   Thumb Code     0  startup_stm32f10x_md.o(.text)
    EXTI15_10_IRQHandler                     0x080001df   Thumb Code     0  startup_stm32f10x_md.o(.text)
    EXTI1_IRQHandler                         0x080001df   Thumb Code     0  startup_stm32f10x_md.o(.text)
    EXTI2_IRQHandler                         0x080001df   Thumb Code     0  startup_stm32f10x_md.o(.text)
    EXTI3_IRQHandler                         0x080001df   Thumb Code     0  startup_stm32f10x_md.o(.text)
    EXTI4_IRQHandler                         0x080001df   Thumb Code     0  startup_stm32f10x_md.o(.text)
    EXTI9_5_IRQHandler                       0x080001df   Thumb Code     0  startup_stm32f10x_md.o(.text)
    FLASH_IRQHandler                         0x080001df   Thumb Code     0  startup_stm32f10x_md.o(.text)
    I2C1_ER_IRQHandler                       0x080001df   Thumb Code     0  startup_stm32f10x_md.o(.text)
    I2C1_EV_IRQHandler                       0x080001df   Thumb Code     0  startup_stm32f10x_md.o(.text)
    I2C2_ER_IRQHandler                       0x080001df   Thumb Code     0  startup_stm32f10x_md.o(.text)
    I2C2_EV_IRQHandler                       0x080001df   Thumb Code     0  startup_stm32f10x_md.o(.text)
    PVD_IRQHandler                           0x080001df   Thumb Code     0  startup_stm32f10x_md.o(.text)
    RCC_IRQHandler                           0x080001df   Thumb Code     0  startup_stm32f10x_md.o(.text)
    RTCAlarm_IRQHandler                      0x080001df   Thumb Code     0  startup_stm32f10x_md.o(.text)
    RTC_IRQHandler                           0x080001df   Thumb Code     0  startup_stm32f10x_md.o(.text)
    SPI1_IRQHandler                          0x080001df   Thumb Code     0  startup_stm32f10x_md.o(.text)
    SPI2_IRQHandler                          0x080001df   Thumb Code     0  startup_stm32f10x_md.o(.text)
    TAMPER_IRQHandler                        0x080001df   Thumb Code     0  startup_stm32f10x_md.o(.text)
    TIM1_BRK_IRQHandler                      0x080001df   Thumb Code     0  startup_stm32f10x_md.o(.text)
    TIM1_CC_IRQHandler                       0x080001df   Thumb Code     0  startup_stm32f10x_md.o(.text)
    TIM1_TRG_COM_IRQHandler                  0x080001df   Thumb Code     0  startup_stm32f10x_md.o(.text)
    TIM1_UP_IRQHandler                       0x080001df   Thumb Code     0  startup_stm32f10x_md.o(.text)
    TIM2_IRQHandler                          0x080001df   Thumb Code     0  startup_stm32f10x_md.o(.text)
    TIM3_IRQHandler                          0x080001df   Thumb Code     0  startup_stm32f10x_md.o(.text)
    TIM4_IRQHandler                          0x080001df   Thumb Code     0  startup_stm32f10x_md.o(.text)
    USART2_IRQHandler                        0x080001df   Thumb Code     0  startup_stm32f10x_md.o(.text)
    USART3_IRQHandler                        0x080001df   Thumb Code     0  startup_stm32f10x_md.o(.text)
    USBWakeUp_IRQHandler                     0x080001df   Thumb Code     0  startup_stm32f10x_md.o(.text)
    USB_HP_CAN1_TX_IRQHandler                0x080001df   Thumb Code     0  startup_stm32f10x_md.o(.text)
    USB_LP_CAN1_RX0_IRQHandler               0x080001df   Thumb Code     0  startup_stm32f10x_md.o(.text)
    WWDG_IRQHandler                          0x080001df   Thumb Code     0  startup_stm32f10x_md.o(.text)
    __user_initial_stackheap                 0x080001e1   Thumb Code     0  startup_stm32f10x_md.o(.text)
    __2sprintf                               0x08000205   Thumb Code    38  __2sprintf.o(.text)
    _printf_pre_padding                      0x08000231   Thumb Code    44  _printf_pad.o(.text)
    _printf_post_padding                     0x0800025d   Thumb Code    34  _printf_pad.o(.text)
    _printf_str                              0x0800027f   Thumb Code    82  _printf_str.o(.text)
    _printf_int_dec                          0x080002d1   Thumb Code   104  _printf_dec.o(.text)
    __printf                                 0x08000349   Thumb Code   308  __printf_flags_wp.o(.text)
    __0sscanf                                0x08000481   Thumb Code    52  __0sscanf.o(.text)
    _scanf_int                               0x080004bd   Thumb Code   332  _scanf_int.o(.text)
    __aeabi_memcpy                           0x08000609   Thumb Code     0  rt_memcpy_v6.o(.text)
    __rt_memcpy                              0x08000609   Thumb Code   138  rt_memcpy_v6.o(.text)
    _memcpy_lastbytes                        0x0800066f   Thumb Code     0  rt_memcpy_v6.o(.text)
    __aeabi_memset                           0x08000693   Thumb Code    16  aeabi_memset.o(.text)
    __aeabi_memclr4                          0x080006a3   Thumb Code     0  rt_memclr_w.o(.text)
    __aeabi_memclr8                          0x080006a3   Thumb Code     0  rt_memclr_w.o(.text)
    __rt_memclr_w                            0x080006a3   Thumb Code     0  rt_memclr_w.o(.text)
    _memset_w                                0x080006a7   Thumb Code    74  rt_memclr_w.o(.text)
    __use_two_region_memory                  0x080006f1   Thumb Code     2  heapauxi.o(.text)
    __rt_heap_escrow$2region                 0x080006f3   Thumb Code     2  heapauxi.o(.text)
    __rt_heap_expand$2region                 0x080006f5   Thumb Code     2  heapauxi.o(.text)
    _printf_int_common                       0x080006f7   Thumb Code   178  _printf_intcommon.o(.text)
    _printf_char_common                      0x080007b3   Thumb Code    32  _printf_char_common.o(.text)
    _sputc                                   0x080007d9   Thumb Code    10  _sputc.o(.text)
    _printf_cs_common                        0x080007e3   Thumb Code    20  _printf_char.o(.text)
    _printf_char                             0x080007f7   Thumb Code    16  _printf_char.o(.text)
    _printf_string                           0x08000807   Thumb Code     8  _printf_char.o(.text)
    _chval                                   0x0800080f   Thumb Code    28  _chval.o(.text)
    _scanf_really_real                       0x08000a79   Thumb Code   684  scanf_fp.o(.text)
    __vfscanf_char                           0x08000d31   Thumb Code    24  scanf_char.o(.text)
    _sgetc                                   0x08000d51   Thumb Code    30  _sgetc.o(.text)
    _sbackspace                              0x08000d6f   Thumb Code    34  _sgetc.o(.text)
    __aeabi_memcpy4                          0x08000d91   Thumb Code     0  rt_memcpy_w.o(.text)
    __aeabi_memcpy8                          0x08000d91   Thumb Code     0  rt_memcpy_w.o(.text)
    __rt_memcpy_w                            0x08000d91   Thumb Code   100  rt_memcpy_w.o(.text)
    _memcpy_lastbytes_aligned                0x08000dd9   Thumb Code     0  rt_memcpy_w.o(.text)
    __aeabi_memclr                           0x08000df5   Thumb Code     0  rt_memclr.o(.text)
    __rt_memclr                              0x08000df5   Thumb Code     0  rt_memclr.o(.text)
    _memset                                  0x08000df9   Thumb Code    64  rt_memclr.o(.text)
    __rt_locale                              0x08000e39   Thumb Code     8  rt_locale_intlibspace.o(.text)
    __aeabi_errno_addr                       0x08000e41   Thumb Code     8  rt_errno_addr_intlibspace.o(.text)
    __errno$intlibspace                      0x08000e41   Thumb Code     0  rt_errno_addr_intlibspace.o(.text)
    __rt_errno_addr$intlibspace              0x08000e41   Thumb Code     0  rt_errno_addr_intlibspace.o(.text)
    __aeabi_llsl                             0x08000e49   Thumb Code     0  llshl.o(.text)
    _ll_shift_l                              0x08000e49   Thumb Code    38  llshl.o(.text)
    isspace                                  0x08000e6f   Thumb Code    18  isspace.o(.text)
    __vfscanf                                0x08000e81   Thumb Code   878  _scanf.o(.text)
    _btod_etento                             0x080011f5   Thumb Code   224  bigflt0.o(.text)
    __user_libspace                          0x080012d9   Thumb Code     8  libspace.o(.text)
    __user_perproc_libspace                  0x080012d9   Thumb Code     0  libspace.o(.text)
    __user_perthread_libspace                0x080012d9   Thumb Code     0  libspace.o(.text)
    __user_setup_stackheap                   0x080012e1   Thumb Code    74  sys_stackheap_outer.o(.text)
    __rt_ctype_table                         0x0800132d   Thumb Code    16  rt_ctype_table.o(.text)
    __read_errno                             0x0800133d   Thumb Code    10  _rserrno.o(.text)
    __set_errno                              0x08001347   Thumb Code    12  _rserrno.o(.text)
    _scanf_really_hex_real                   0x08001355   Thumb Code   786  scanf_hexfp.o(.text)
    _scanf_really_infnan                     0x08001675   Thumb Code   292  scanf_infnan.o(.text)
    exit                                     0x080017a9   Thumb Code    18  exit.o(.text)
    strcmp                                   0x080017bd   Thumb Code   128  strcmpv7m.o(.text)
    _sys_exit                                0x0800183d   Thumb Code     8  sys_exit.o(.text)
    __I$use$semihosting                      0x08001849   Thumb Code     0  use_no_semi.o(.text)
    __use_no_semihosting_swi                 0x08001849   Thumb Code     2  use_no_semi.o(.text)
    __semihosting_library_function           0x0800184b   Thumb Code     0  indicate_semi.o(.text)
    ADCDMA_Init                              0x0800184d   Thumb Code   242  adc.o(.text.ADCDMA_Init)
    ADC_Cmd                                  0x08001941   Thumb Code    16  stm32f10x_adc.o(.text.ADC_Cmd)
    ADC_DMACmd                               0x08001951   Thumb Code    18  stm32f10x_adc.o(.text.ADC_DMACmd)
    ADC_GetCalibrationStatus                 0x08001965   Thumb Code     8  stm32f10x_adc.o(.text.ADC_GetCalibrationStatus)
    ADC_GetResetCalibrationStatus            0x0800196d   Thumb Code     8  stm32f10x_adc.o(.text.ADC_GetResetCalibrationStatus)
    ADC_Init                                 0x08001975   Thumb Code    82  stm32f10x_adc.o(.text.ADC_Init)
    ADC_RegularChannelConfig                 0x080019c9   Thumb Code    96  stm32f10x_adc.o(.text.ADC_RegularChannelConfig)
    ADC_ResetCalibration                     0x08001a29   Thumb Code    10  stm32f10x_adc.o(.text.ADC_ResetCalibration)
    ADC_SoftwareStartConvCmd                 0x08001a35   Thumb Code    18  stm32f10x_adc.o(.text.ADC_SoftwareStartConvCmd)
    ADC_StartCalibration                     0x08001a49   Thumb Code    10  stm32f10x_adc.o(.text.ADC_StartCalibration)
    BusFault_Handler                         0x08001a55   Thumb Code     2  stm32f10x_it.o(.text.BusFault_Handler)
    DMA_Cmd                                  0x08001a59   Thumb Code    22  stm32f10x_dma.o(.text.DMA_Cmd)
    DMA_Init                                 0x08001a71   Thumb Code    72  stm32f10x_dma.o(.text.DMA_Init)
    DebugMon_Handler                         0x08001ab9   Thumb Code     2  stm32f10x_it.o(.text.DebugMon_Handler)
    Delay_ms                                 0x08001abd   Thumb Code    62  delay.o(.text.Delay_ms)
    GPIO_Init                                0x08001afd   Thumb Code   188  stm32f10x_gpio.o(.text.GPIO_Init)
    GPIO_ReadInputDataBit                    0x08001bb9   Thumb Code    10  stm32f10x_gpio.o(.text.GPIO_ReadInputDataBit)
    GPIO_ResetBits                           0x08001bc5   Thumb Code     4  stm32f10x_gpio.o(.text.GPIO_ResetBits)
    GPIO_SetBits                             0x08001bc9   Thumb Code     4  stm32f10x_gpio.o(.text.GPIO_SetBits)
    GPIO_WriteBit                            0x08001bcd   Thumb Code    12  stm32f10x_gpio.o(.text.GPIO_WriteBit)
    Get_Current_Amps                         0x08001bd9   Thumb Code    84  adc.o(.text.Get_Current_Amps)
    HardFault_Handler                        0x08001c2d   Thumb Code     2  stm32f10x_it.o(.text.HardFault_Handler)
    Key_GetNum                               0x08001c31   Thumb Code   102  key.o(.text.Key_GetNum)
    Key_Init                                 0x08001c99   Thumb Code    52  key.o(.text.Key_Init)
    LED1_OFF                                 0x08001ccd   Thumb Code    14  led.o(.text.LED1_OFF)
    LED1_ON                                  0x08001cdd   Thumb Code    14  led.o(.text.LED1_ON)
    LED2_OFF                                 0x08001ced   Thumb Code    14  led.o(.text.LED2_OFF)
    LED2_ON                                  0x08001cfd   Thumb Code    14  led.o(.text.LED2_ON)
    LED_Init                                 0x08001d0d   Thumb Code    48  led.o(.text.LED_Init)
    MemManage_Handler                        0x08001d3d   Thumb Code     2  stm32f10x_it.o(.text.MemManage_Handler)
    NMI_Handler                              0x08001d41   Thumb Code     2  stm32f10x_it.o(.text.NMI_Handler)
    NVIC_Init                                0x08001d45   Thumb Code    94  misc.o(.text.NVIC_Init)
    NVIC_PriorityGroupConfig                 0x08001da5   Thumb Code    20  misc.o(.text.NVIC_PriorityGroupConfig)
    OLED_I2C_SendByte                        0x08001db9   Thumb Code    92  oled.o(.text.OLED_I2C_SendByte)
    OLED_Init                                0x08001e15   Thumb Code   272  oled.o(.text.OLED_Init)
    OLED_ShowChar                            0x08001f25   Thumb Code   142  oled.o(.text.OLED_ShowChar)
    OLED_ShowString                          0x08001fb5   Thumb Code    42  oled.o(.text.OLED_ShowString)
    OLED_WriteCommand                        0x08001fe1   Thumb Code   178  oled.o(.text.OLED_WriteCommand)
    OLED_WriteData                           0x08002095   Thumb Code   118  oled.o(.text.OLED_WriteData)
    PendSV_Handler                           0x0800210d   Thumb Code     2  stm32f10x_it.o(.text.PendSV_Handler)
    RCC_ADCCLKConfig                         0x08002111   Thumb Code    20  stm32f10x_rcc.o(.text.RCC_ADCCLKConfig)
    RCC_AHBPeriphClockCmd                    0x08002125   Thumb Code    24  stm32f10x_rcc.o(.text.RCC_AHBPeriphClockCmd)
    RCC_APB2PeriphClockCmd                   0x0800213d   Thumb Code    24  stm32f10x_rcc.o(.text.RCC_APB2PeriphClockCmd)
    RCC_GetClocksFreq                        0x08002155   Thumb Code   140  stm32f10x_rcc.o(.text.RCC_GetClocksFreq)
    SVC_Handler                              0x080021e1   Thumb Code     2  stm32f10x_it.o(.text.SVC_Handler)
    SysTick_Handler                          0x080021e5   Thumb Code     2  stm32f10x_it.o(.text.SysTick_Handler)
    SystemInit                               0x080021e9   Thumb Code   268  system_stm32f10x.o(.text.SystemInit)
    UART1_ClearRxFlag                        0x080022f5   Thumb Code    24  uart.o(.text.UART1_ClearRxFlag)
    UART1_GetRxFlag                          0x0800230d   Thumb Code    12  uart.o(.text.UART1_GetRxFlag)
    UART1_GetRxLine                          0x08002319   Thumb Code    46  uart.o(.text.UART1_GetRxLine)
    UART1_Init                               0x08002349   Thumb Code   134  uart.o(.text.UART1_Init)
    UART1_SendString                         0x080023d1   Thumb Code    62  uart.o(.text.UART1_SendString)
    USART1_IRQHandler                        0x08002411   Thumb Code   118  uart.o(.text.USART1_IRQHandler)
    USART_ClearITPendingBit                  0x08002489   Thumb Code    14  stm32f10x_usart.o(.text.USART_ClearITPendingBit)
    USART_Cmd                                0x08002499   Thumb Code    20  stm32f10x_usart.o(.text.USART_Cmd)
    USART_GetFlagStatus                      0x080024ad   Thumb Code    10  stm32f10x_usart.o(.text.USART_GetFlagStatus)
    USART_GetITStatus                        0x080024b9   Thumb Code    50  stm32f10x_usart.o(.text.USART_GetITStatus)
    USART_ITConfig                           0x080024ed   Thumb Code    46  stm32f10x_usart.o(.text.USART_ITConfig)
    USART_Init                               0x0800251d   Thumb Code   182  stm32f10x_usart.o(.text.USART_Init)
    USART_ReceiveData                        0x080025d5   Thumb Code     8  stm32f10x_usart.o(.text.USART_ReceiveData)
    USART_SendData                           0x080025dd   Thumb Code     8  stm32f10x_usart.o(.text.USART_SendData)
    UsageFault_Handler                       0x080025e5   Thumb Code     2  stm32f10x_it.o(.text.UsageFault_Handler)
    main                                     0x080025e9   Thumb Code  1360  main.o(.text.main)
    __btod_div_common                        0x08002bd9   Thumb Code   696  btod.o(CL$$btod_div_common)
    _e2d                                     0x08002f11   Thumb Code   122  btod.o(CL$$btod_e2d)
    _e2e                                     0x08002f95   Thumb Code   220  btod.o(CL$$btod_e2e)
    _btod_ediv                               0x08003071   Thumb Code    42  btod.o(CL$$btod_ediv)
    _btod_edivd                              0x0800309b   Thumb Code    42  btod.o(CL$$btod_edivd)
    _btod_emul                               0x080030c5   Thumb Code    42  btod.o(CL$$btod_emul)
    _btod_emuld                              0x080030ef   Thumb Code    42  btod.o(CL$$btod_emuld)
    __btod_mult_common                       0x08003119   Thumb Code   580  btod.o(CL$$btod_mult_common)
    __mathlib_dbl_overflow                   0x0800335d   Thumb Code    14  dunder.o(i.__mathlib_dbl_overflow)
    __mathlib_dbl_underflow                  0x0800336d   Thumb Code    10  dunder.o(i.__mathlib_dbl_underflow)
    __mathlib_narrow                         0x0800337d   Thumb Code    16  narrow.o(i.__mathlib_narrow)
    __mathlib_tofloat                        0x0800338d   Thumb Code   184  narrow.o(i.__mathlib_tofloat)
    __support_ldexp                          0x08003449   Thumb Code    22  ldexp.o(i.__support_ldexp)
    _is_digit                                0x0800345f   Thumb Code    14  __printf_wp.o(i._is_digit)
    frexp                                    0x0800346d   Thumb Code    80  frexp.o(i.frexp)
    ldexp                                    0x080034c5   Thumb Code   116  ldexp.o(i.ldexp)
    _get_lc_numeric                          0x08003539   Thumb Code    44  lc_numeric_c.o(locale$$code)
    _get_lc_ctype                            0x08003565   Thumb Code    44  lc_ctype_c.o(locale$$code)
    __aeabi_d2f                              0x08003591   Thumb Code     0  d2f.o(x$fpl$d2f)
    _d2f                                     0x08003591   Thumb Code    98  d2f.o(x$fpl$d2f)
    __fpl_dcheck_NaN1                        0x080035f5   Thumb Code    10  dcheck1.o(x$fpl$dcheck1)
    __fpl_dcmp_Inf                           0x08003605   Thumb Code    24  dcmpi.o(x$fpl$dcmpinf)
    __aeabi_cdcmpeq                          0x0800361d   Thumb Code     0  deqf.o(x$fpl$deqf)
    _dcmpeq                                  0x0800361d   Thumb Code   120  deqf.o(x$fpl$deqf)
    __aeabi_cdcmple                          0x08003695   Thumb Code     0  dleqf.o(x$fpl$dleqf)
    _dcmple                                  0x08003695   Thumb Code   120  dleqf.o(x$fpl$dleqf)
    __fpl_dcmple_InfNaN                      0x080036f7   Thumb Code     0  dleqf.o(x$fpl$dleqf)
    __fpl_dnaninf                            0x0800370d   Thumb Code   156  dnaninf.o(x$fpl$dnaninf)
    __aeabi_cdrcmple                         0x080037a9   Thumb Code     0  drleqf.o(x$fpl$drleqf)
    _drcmple                                 0x080037a9   Thumb Code   108  drleqf.o(x$fpl$drleqf)
    __aeabi_fadd                             0x08003815   Thumb Code     0  faddsub_clz.o(x$fpl$fadd)
    _fadd                                    0x08003815   Thumb Code   196  faddsub_clz.o(x$fpl$fadd)
    __aeabi_fdiv                             0x080038d9   Thumb Code     0  fdiv.o(x$fpl$fdiv)
    _fdiv                                    0x080038d9   Thumb Code   384  fdiv.o(x$fpl$fdiv)
    __aeabi_f2iz                             0x08003a5d   Thumb Code     0  ffix.o(x$fpl$ffix)
    _ffix                                    0x08003a5d   Thumb Code    54  ffix.o(x$fpl$ffix)
    __aeabi_i2f                              0x08003a95   Thumb Code     0  fflt_clz.o(x$fpl$fflt)
    _fflt                                    0x08003a95   Thumb Code    48  fflt_clz.o(x$fpl$fflt)
    __aeabi_ui2f                             0x08003ac5   Thumb Code     0  fflt_clz.o(x$fpl$ffltu)
    _ffltu                                   0x08003ac5   Thumb Code    38  fflt_clz.o(x$fpl$ffltu)
    __aeabi_fmul                             0x08003aed   Thumb Code     0  fmul.o(x$fpl$fmul)
    _fmul                                    0x08003aed   Thumb Code   258  fmul.o(x$fpl$fmul)
    __fpl_fnaninf                            0x08003bef   Thumb Code   140  fnaninf.o(x$fpl$fnaninf)
    __fpl_fretinf                            0x08003c7b   Thumb Code    10  fretinf.o(x$fpl$fretinf)
    __aeabi_fsub                             0x08003c85   Thumb Code     0  faddsub_clz.o(x$fpl$fsub)
    _fsub                                    0x08003c85   Thumb Code   234  faddsub_clz.o(x$fpl$fsub)
    __ieee_status                            0x08003d6f   Thumb Code     6  istatus.o(x$fpl$ieeestatus)
    __fpl_return_NaN                         0x08003d75   Thumb Code   100  retnan.o(x$fpl$retnan)
    __ARM_scalbn                             0x08003dd9   Thumb Code    92  scalbn.o(x$fpl$scalbn)
    _scanf_real                              0x08003e35   Thumb Code     4  scanf1.o(x$fpl$scanf1)
    _scanf_hex_real                          0x08003e39   Thumb Code     4  scanf2.o(x$fpl$scanf2)
    _scanf_infnan                            0x08003e3d   Thumb Code     4  scanf2.o(x$fpl$scanf2)
    __fpl_cmpreturn                          0x08003e41   Thumb Code    48  trapv.o(x$fpl$trapveneer)
    __I$use$fp                               0x08003e70   Number         0  usenofp.o(x$fpl$usenofp)
    OLED_F8x16                               0x08003f2c   Data        1520  oled.o(.rodata.OLED_F8x16)
    Region$$Table$$Base                      0x0800468c   Number         0  anon$$obj.o(Region$$Table)
    Region$$Table$$Limit                     0x0800469c   Number         0  anon$$obj.o(Region$$Table)
    __aeabi_HUGE_VAL                         0x0800469c   Data           0  fpconst.o(c$$dinf)
    __aeabi_HUGE_VALL                        0x0800469c   Data           0  fpconst.o(c$$dinf)
    __aeabi_INFINITY                         0x0800469c   Data           0  fpconst.o(c$$dinf)
    __dInf                                   0x0800469c   Data           0  fpconst.o(c$$dinf)
    __huge_val                               0x0800469c   Data           0  fpconst.o(c$$dinf)
    __dbl_max                                0x080046a4   Data           0  fpconst.o(c$$dmax)
    __ctype                                  0x080046d5   Data           0  lc_ctype_c.o(locale$$data)
    __libspace_start                         0x20000000   Data          96  libspace.o(.bss)
    ADC_Value                                0x20000060   Data         200  adc.o(.bss.ADC_Value)
    __temporary_stack_top$libspace           0x20000060   Data           0  libspace.o(.bss)
    current_buf                              0x20000128   Data          80  main.o(.bss.current_buf)
    current_filled                           0x20000178   Data           1  main.o(.bss.current_filled)
    current_idx                              0x20000179   Data           1  main.o(.bss.current_idx)



==============================================================================

Memory Map of the image

  Image Entry point : 0x080000ed

  Load Region LR_IROM1 (Base: 0x08000000, Size: 0x000047d8, Max: 0x00010000, ABSOLUTE)

    Execution Region ER_IROM1 (Exec base: 0x08000000, Load base: 0x08000000, Size: 0x000047d8, Max: 0x00010000, ABSOLUTE)

    Exec Addr    Load Addr    Size         Type   Attr      Idx    E Section Name        Object

    0x08000000   0x08000000   0x000000ec   Data   RO            3    RESET               startup_stm32f10x_md.o
    0x080000ec   0x080000ec   0x00000008   Code   RO         1425  * !!!main             c_w.l(__main.o)
    0x080000f4   0x080000f4   0x0000005c   Code   RO         1786    !!!scatter          c_w.l(__scatter.o)
    0x08000150   0x08000150   0x00000002   Code   RO         1787    !!handler_null      c_w.l(__scatter.o)
    0x08000152   0x08000152   0x00000002   PAD
    0x08000154   0x08000154   0x0000001c   Code   RO         1790    !!handler_zi        c_w.l(__scatter_zi.o)
    0x08000170   0x08000170   0x00000000   Code   RO         1412    .ARM.Collect$$_printf_percent$$00000000  c_w.l(_printf_percent.o)
    0x08000170   0x08000170   0x00000006   Code   RO         1411    .ARM.Collect$$_printf_percent$$00000009  c_w.l(_printf_d.o)
    0x08000176   0x08000176   0x00000006   Code   RO         1410    .ARM.Collect$$_printf_percent$$00000014  c_w.l(_printf_s.o)
    0x0800017c   0x0800017c   0x00000004   Code   RO         1460    .ARM.Collect$$_printf_percent$$00000017  c_w.l(_printf_percent_end.o)
    0x08000180   0x08000180   0x00000002   Code   RO         1588    .ARM.Collect$$libinit$$00000000  c_w.l(libinit.o)
    0x08000182   0x08000182   0x00000000   Code   RO         1590    .ARM.Collect$$libinit$$00000002  c_w.l(libinit2.o)
    0x08000182   0x08000182   0x00000000   Code   RO         1592    .ARM.Collect$$libinit$$00000004  c_w.l(libinit2.o)
    0x08000182   0x08000182   0x00000000   Code   RO         1594    .ARM.Collect$$libinit$$00000006  c_w.l(libinit2.o)
    0x08000182   0x08000182   0x00000000   Code   RO         1597    .ARM.Collect$$libinit$$0000000C  c_w.l(libinit2.o)
    0x08000182   0x08000182   0x00000000   Code   RO         1599    .ARM.Collect$$libinit$$0000000E  c_w.l(libinit2.o)
    0x08000182   0x08000182   0x00000000   Code   RO         1601    .ARM.Collect$$libinit$$00000010  c_w.l(libinit2.o)
    0x08000182   0x08000182   0x00000006   Code   RO         1602    .ARM.Collect$$libinit$$00000011  c_w.l(libinit2.o)
    0x08000188   0x08000188   0x00000000   Code   RO         1604    .ARM.Collect$$libinit$$00000013  c_w.l(libinit2.o)
    0x08000188   0x08000188   0x0000000c   Code   RO         1605    .ARM.Collect$$libinit$$00000014  c_w.l(libinit2.o)
    0x08000194   0x08000194   0x00000000   Code   RO         1606    .ARM.Collect$$libinit$$00000015  c_w.l(libinit2.o)
    0x08000194   0x08000194   0x00000000   Code   RO         1608    .ARM.Collect$$libinit$$00000017  c_w.l(libinit2.o)
    0x08000194   0x08000194   0x0000000a   Code   RO         1609    .ARM.Collect$$libinit$$00000018  c_w.l(libinit2.o)
    0x0800019e   0x0800019e   0x00000000   Code   RO         1610    .ARM.Collect$$libinit$$00000019  c_w.l(libinit2.o)
    0x0800019e   0x0800019e   0x00000000   Code   RO         1612    .ARM.Collect$$libinit$$0000001B  c_w.l(libinit2.o)
    0x0800019e   0x0800019e   0x00000000   Code   RO         1614    .ARM.Collect$$libinit$$0000001D  c_w.l(libinit2.o)
    0x0800019e   0x0800019e   0x00000000   Code   RO         1616    .ARM.Collect$$libinit$$0000001F  c_w.l(libinit2.o)
    0x0800019e   0x0800019e   0x00000000   Code   RO         1618    .ARM.Collect$$libinit$$00000021  c_w.l(libinit2.o)
    0x0800019e   0x0800019e   0x00000000   Code   RO         1620    .ARM.Collect$$libinit$$00000023  c_w.l(libinit2.o)
    0x0800019e   0x0800019e   0x00000000   Code   RO         1622    .ARM.Collect$$libinit$$00000025  c_w.l(libinit2.o)
    0x0800019e   0x0800019e   0x00000000   Code   RO         1624    .ARM.Collect$$libinit$$00000027  c_w.l(libinit2.o)
    0x0800019e   0x0800019e   0x00000000   Code   RO         1628    .ARM.Collect$$libinit$$0000002E  c_w.l(libinit2.o)
    0x0800019e   0x0800019e   0x00000000   Code   RO         1630    .ARM.Collect$$libinit$$00000030  c_w.l(libinit2.o)
    0x0800019e   0x0800019e   0x00000000   Code   RO         1632    .ARM.Collect$$libinit$$00000032  c_w.l(libinit2.o)
    0x0800019e   0x0800019e   0x00000000   Code   RO         1634    .ARM.Collect$$libinit$$00000034  c_w.l(libinit2.o)
    0x0800019e   0x0800019e   0x00000002   Code   RO         1635    .ARM.Collect$$libinit$$00000035  c_w.l(libinit2.o)
    0x080001a0   0x080001a0   0x00000002   Code   RO         1714    .ARM.Collect$$libshutdown$$00000000  c_w.l(libshutdown.o)
    0x080001a2   0x080001a2   0x00000000   Code   RO         1739    .ARM.Collect$$libshutdown$$00000002  c_w.l(libshutdown2.o)
    0x080001a2   0x080001a2   0x00000000   Code   RO         1741    .ARM.Collect$$libshutdown$$00000004  c_w.l(libshutdown2.o)
    0x080001a2   0x080001a2   0x00000000   Code   RO         1744    .ARM.Collect$$libshutdown$$00000007  c_w.l(libshutdown2.o)
    0x080001a2   0x080001a2   0x00000000   Code   RO         1747    .ARM.Collect$$libshutdown$$0000000A  c_w.l(libshutdown2.o)
    0x080001a2   0x080001a2   0x00000000   Code   RO         1749    .ARM.Collect$$libshutdown$$0000000C  c_w.l(libshutdown2.o)
    0x080001a2   0x080001a2   0x00000000   Code   RO         1752    .ARM.Collect$$libshutdown$$0000000F  c_w.l(libshutdown2.o)
    0x080001a2   0x080001a2   0x00000002   Code   RO         1753    .ARM.Collect$$libshutdown$$00000010  c_w.l(libshutdown2.o)
    0x080001a4   0x080001a4   0x00000000   Code   RO         1451    .ARM.Collect$$rtentry$$00000000  c_w.l(__rtentry.o)
    0x080001a4   0x080001a4   0x00000000   Code   RO         1481    .ARM.Collect$$rtentry$$00000002  c_w.l(__rtentry2.o)
    0x080001a4   0x080001a4   0x00000006   Code   RO         1493    .ARM.Collect$$rtentry$$00000004  c_w.l(__rtentry4.o)
    0x080001aa   0x080001aa   0x00000000   Code   RO         1483    .ARM.Collect$$rtentry$$00000009  c_w.l(__rtentry2.o)
    0x080001aa   0x080001aa   0x00000004   Code   RO         1484    .ARM.Collect$$rtentry$$0000000A  c_w.l(__rtentry2.o)
    0x080001ae   0x080001ae   0x00000000   Code   RO         1486    .ARM.Collect$$rtentry$$0000000C  c_w.l(__rtentry2.o)
    0x080001ae   0x080001ae   0x00000008   Code   RO         1487    .ARM.Collect$$rtentry$$0000000D  c_w.l(__rtentry2.o)
    0x080001b6   0x080001b6   0x00000002   Code   RO         1646    .ARM.Collect$$rtexit$$00000000  c_w.l(rtexit.o)
    0x080001b8   0x080001b8   0x00000000   Code   RO         1672    .ARM.Collect$$rtexit$$00000002  c_w.l(rtexit2.o)
    0x080001b8   0x080001b8   0x00000004   Code   RO         1673    .ARM.Collect$$rtexit$$00000003  c_w.l(rtexit2.o)
    0x080001bc   0x080001bc   0x00000006   Code   RO         1674    .ARM.Collect$$rtexit$$00000004  c_w.l(rtexit2.o)
    0x080001c2   0x080001c2   0x00000002   PAD
    0x080001c4   0x080001c4   0x00000040   Code   RO            4    .text               startup_stm32f10x_md.o
    0x08000204   0x08000204   0x0000002c   Code   RO         1378    .text               c_w.l(__2sprintf.o)
    0x08000230   0x08000230   0x0000004e   Code   RO         1384    .text               c_w.l(_printf_pad.o)
    0x0800027e   0x0800027e   0x00000052   Code   RO         1386    .text               c_w.l(_printf_str.o)
    0x080002d0   0x080002d0   0x00000078   Code   RO         1388    .text               c_w.l(_printf_dec.o)
    0x08000348   0x08000348   0x00000138   Code   RO         1402    .text               c_w.l(__printf_flags_wp.o)
    0x08000480   0x08000480   0x0000003c   Code   RO         1413    .text               c_w.l(__0sscanf.o)
    0x080004bc   0x080004bc   0x0000014c   Code   RO         1415    .text               c_w.l(_scanf_int.o)
    0x08000608   0x08000608   0x0000008a   Code   RO         1417    .text               c_w.l(rt_memcpy_v6.o)
    0x08000692   0x08000692   0x00000010   Code   RO         1419    .text               c_w.l(aeabi_memset.o)
    0x080006a2   0x080006a2   0x0000004e   Code   RO         1421    .text               c_w.l(rt_memclr_w.o)
    0x080006f0   0x080006f0   0x00000006   Code   RO         1423    .text               c_w.l(heapauxi.o)
    0x080006f6   0x080006f6   0x000000b2   Code   RO         1452    .text               c_w.l(_printf_intcommon.o)
    0x080007a8   0x080007a8   0x00000030   Code   RO         1454    .text               c_w.l(_printf_char_common.o)
    0x080007d8   0x080007d8   0x0000000a   Code   RO         1456    .text               c_w.l(_sputc.o)
    0x080007e2   0x080007e2   0x0000002c   Code   RO         1458    .text               c_w.l(_printf_char.o)
    0x0800080e   0x0800080e   0x0000001c   Code   RO         1461    .text               c_w.l(_chval.o)
    0x0800082a   0x0800082a   0x00000002   PAD
    0x0800082c   0x0800082c   0x000004f8   Code   RO         1463    .text               c_w.l(scanf_fp.o)
    0x08000d24   0x08000d24   0x0000002c   Code   RO         1467    .text               c_w.l(scanf_char.o)
    0x08000d50   0x08000d50   0x00000040   Code   RO         1469    .text               c_w.l(_sgetc.o)
    0x08000d90   0x08000d90   0x00000064   Code   RO         1471    .text               c_w.l(rt_memcpy_w.o)
    0x08000df4   0x08000df4   0x00000044   Code   RO         1473    .text               c_w.l(rt_memclr.o)
    0x08000e38   0x08000e38   0x00000008   Code   RO         1498    .text               c_w.l(rt_locale_intlibspace.o)
    0x08000e40   0x08000e40   0x00000008   Code   RO         1503    .text               c_w.l(rt_errno_addr_intlibspace.o)
    0x08000e48   0x08000e48   0x00000026   Code   RO         1505    .text               c_w.l(llshl.o)
    0x08000e6e   0x08000e6e   0x00000012   Code   RO         1507    .text               c_w.l(isspace.o)
    0x08000e80   0x08000e80   0x00000374   Code   RO         1511    .text               c_w.l(_scanf.o)
    0x080011f4   0x080011f4   0x000000e4   Code   RO         1513    .text               c_w.l(bigflt0.o)
    0x080012d8   0x080012d8   0x00000008   Code   RO         1564    .text               c_w.l(libspace.o)
    0x080012e0   0x080012e0   0x0000004a   Code   RO         1567    .text               c_w.l(sys_stackheap_outer.o)
    0x0800132a   0x0800132a   0x00000002   PAD
    0x0800132c   0x0800132c   0x00000010   Code   RO         1569    .text               c_w.l(rt_ctype_table.o)
    0x0800133c   0x0800133c   0x00000016   Code   RO         1571    .text               c_w.l(_rserrno.o)
    0x08001352   0x08001352   0x00000002   PAD
    0x08001354   0x08001354   0x00000320   Code   RO         1573    .text               c_w.l(scanf_hexfp.o)
    0x08001674   0x08001674   0x00000134   Code   RO         1575    .text               c_w.l(scanf_infnan.o)
    0x080017a8   0x080017a8   0x00000012   Code   RO         1579    .text               c_w.l(exit.o)
    0x080017ba   0x080017ba   0x00000002   PAD
    0x080017bc   0x080017bc   0x00000080   Code   RO         1581    .text               c_w.l(strcmpv7m.o)
    0x0800183c   0x0800183c   0x0000000c   Code   RO         1700    .text               c_w.l(sys_exit.o)
    0x08001848   0x08001848   0x00000002   Code   RO         1729    .text               c_w.l(use_no_semi.o)
    0x0800184a   0x0800184a   0x00000000   Code   RO         1731    .text               c_w.l(indicate_semi.o)
    0x0800184a   0x0800184a   0x00000002   PAD
    0x0800184c   0x0800184c   0x000000f2   Code   RO         1297    .text.ADCDMA_Init   adc.o
    0x0800193e   0x0800193e   0x00000002   PAD
    0x08001940   0x08001940   0x00000010   Code   RO          101    .text.ADC_Cmd       stm32f10x_adc.o
    0x08001950   0x08001950   0x00000012   Code   RO          103    .text.ADC_DMACmd    stm32f10x_adc.o
    0x08001962   0x08001962   0x00000002   PAD
    0x08001964   0x08001964   0x00000008   Code   RO          113    .text.ADC_GetCalibrationStatus  stm32f10x_adc.o
    0x0800196c   0x0800196c   0x00000008   Code   RO          109    .text.ADC_GetResetCalibrationStatus  stm32f10x_adc.o
    0x08001974   0x08001974   0x00000052   Code   RO           97    .text.ADC_Init      stm32f10x_adc.o
    0x080019c6   0x080019c6   0x00000002   PAD
    0x080019c8   0x080019c8   0x00000060   Code   RO          123    .text.ADC_RegularChannelConfig  stm32f10x_adc.o
    0x08001a28   0x08001a28   0x0000000a   Code   RO          107    .text.ADC_ResetCalibration  stm32f10x_adc.o
    0x08001a32   0x08001a32   0x00000002   PAD
    0x08001a34   0x08001a34   0x00000012   Code   RO          115    .text.ADC_SoftwareStartConvCmd  stm32f10x_adc.o
    0x08001a46   0x08001a46   0x00000002   PAD
    0x08001a48   0x08001a48   0x0000000a   Code   RO          111    .text.ADC_StartCalibration  stm32f10x_adc.o
    0x08001a52   0x08001a52   0x00000002   PAD
    0x08001a54   0x08001a54   0x00000002   Code   RO         1358    .text.BusFault_Handler  stm32f10x_it.o
    0x08001a56   0x08001a56   0x00000002   PAD
    0x08001a58   0x08001a58   0x00000016   Code   RO          371    .text.DMA_Cmd       stm32f10x_dma.o
    0x08001a6e   0x08001a6e   0x00000002   PAD
    0x08001a70   0x08001a70   0x00000048   Code   RO          367    .text.DMA_Init      stm32f10x_dma.o
    0x08001ab8   0x08001ab8   0x00000002   Code   RO         1364    .text.DebugMon_Handler  stm32f10x_it.o
    0x08001aba   0x08001aba   0x00000002   PAD
    0x08001abc   0x08001abc   0x0000003e   Code   RO         1200    .text.Delay_ms      delay.o
    0x08001afa   0x08001afa   0x00000002   PAD
    0x08001afc   0x08001afc   0x000000bc   Code   RO          533    .text.GPIO_Init     stm32f10x_gpio.o
    0x08001bb8   0x08001bb8   0x0000000a   Code   RO          537    .text.GPIO_ReadInputDataBit  stm32f10x_gpio.o
    0x08001bc2   0x08001bc2   0x00000002   PAD
    0x08001bc4   0x08001bc4   0x00000004   Code   RO          547    .text.GPIO_ResetBits  stm32f10x_gpio.o
    0x08001bc8   0x08001bc8   0x00000004   Code   RO          545    .text.GPIO_SetBits  stm32f10x_gpio.o
    0x08001bcc   0x08001bcc   0x0000000c   Code   RO          549    .text.GPIO_WriteBit  stm32f10x_gpio.o
    0x08001bd8   0x08001bd8   0x00000054   Code   RO         1299    .text.Get_Current_Amps  adc.o
    0x08001c2c   0x08001c2c   0x00000002   Code   RO         1354    .text.HardFault_Handler  stm32f10x_it.o
    0x08001c2e   0x08001c2e   0x00000002   PAD
    0x08001c30   0x08001c30   0x00000066   Code   RO         1246    .text.Key_GetNum    key.o
    0x08001c96   0x08001c96   0x00000002   PAD
    0x08001c98   0x08001c98   0x00000034   Code   RO         1244    .text.Key_Init      key.o
    0x08001ccc   0x08001ccc   0x0000000e   Code   RO         1227    .text.LED1_OFF      led.o
    0x08001cda   0x08001cda   0x00000002   PAD
    0x08001cdc   0x08001cdc   0x0000000e   Code   RO         1225    .text.LED1_ON       led.o
    0x08001cea   0x08001cea   0x00000002   PAD
    0x08001cec   0x08001cec   0x0000000e   Code   RO         1233    .text.LED2_OFF      led.o
    0x08001cfa   0x08001cfa   0x00000002   PAD
    0x08001cfc   0x08001cfc   0x0000000e   Code   RO         1231    .text.LED2_ON       led.o
    0x08001d0a   0x08001d0a   0x00000002   PAD
    0x08001d0c   0x08001d0c   0x00000030   Code   RO         1223    .text.LED_Init      led.o
    0x08001d3c   0x08001d3c   0x00000002   Code   RO         1356    .text.MemManage_Handler  stm32f10x_it.o
    0x08001d3e   0x08001d3e   0x00000002   PAD
    0x08001d40   0x08001d40   0x00000002   Code   RO         1352    .text.NMI_Handler   stm32f10x_it.o
    0x08001d42   0x08001d42   0x00000002   PAD
    0x08001d44   0x08001d44   0x0000005e   Code   RO           79    .text.NVIC_Init     misc.o
    0x08001da2   0x08001da2   0x00000002   PAD
    0x08001da4   0x08001da4   0x00000014   Code   RO           77    .text.NVIC_PriorityGroupConfig  misc.o
    0x08001db8   0x08001db8   0x0000005c   Code   RO         1262    .text.OLED_I2C_SendByte  oled.o
    0x08001e14   0x08001e14   0x00000110   Code   RO         1286    .text.OLED_Init     oled.o
    0x08001f24   0x08001f24   0x0000008e   Code   RO         1272    .text.OLED_ShowChar  oled.o
    0x08001fb2   0x08001fb2   0x00000002   PAD
    0x08001fb4   0x08001fb4   0x0000002a   Code   RO         1274    .text.OLED_ShowString  oled.o
    0x08001fde   0x08001fde   0x00000002   PAD
    0x08001fe0   0x08001fe0   0x000000b2   Code   RO         1264    .text.OLED_WriteCommand  oled.o
    0x08002092   0x08002092   0x00000002   PAD
    0x08002094   0x08002094   0x00000076   Code   RO         1266    .text.OLED_WriteData  oled.o
    0x0800210a   0x0800210a   0x00000002   PAD
    0x0800210c   0x0800210c   0x00000002   Code   RO         1366    .text.PendSV_Handler  stm32f10x_it.o
    0x0800210e   0x0800210e   0x00000002   PAD
    0x08002110   0x08002110   0x00000014   Code   RO          724    .text.RCC_ADCCLKConfig  stm32f10x_rcc.o
    0x08002124   0x08002124   0x00000018   Code   RO          736    .text.RCC_AHBPeriphClockCmd  stm32f10x_rcc.o
    0x0800213c   0x0800213c   0x00000018   Code   RO          738    .text.RCC_APB2PeriphClockCmd  stm32f10x_rcc.o
    0x08002154   0x08002154   0x0000008c   Code   RO          734    .text.RCC_GetClocksFreq  stm32f10x_rcc.o
    0x080021e0   0x080021e0   0x00000002   Code   RO         1362    .text.SVC_Handler   stm32f10x_it.o
    0x080021e2   0x080021e2   0x00000002   PAD
    0x080021e4   0x080021e4   0x00000002   Code   RO         1368    .text.SysTick_Handler  stm32f10x_it.o
    0x080021e6   0x080021e6   0x00000002   PAD
    0x080021e8   0x080021e8   0x0000010c   Code   RO           63    .text.SystemInit    system_stm32f10x.o
    0x080022f4   0x080022f4   0x00000018   Code   RO         1318    .text.UART1_ClearRxFlag  uart.o
    0x0800230c   0x0800230c   0x0000000c   Code   RO         1316    .text.UART1_GetRxFlag  uart.o
    0x08002318   0x08002318   0x0000002e   Code   RO         1320    .text.UART1_GetRxLine  uart.o
    0x08002346   0x08002346   0x00000002   PAD
    0x08002348   0x08002348   0x00000086   Code   RO         1310    .text.UART1_Init    uart.o
    0x080023ce   0x080023ce   0x00000002   PAD
    0x080023d0   0x080023d0   0x0000003e   Code   RO         1314    .text.UART1_SendString  uart.o
    0x0800240e   0x0800240e   0x00000002   PAD
    0x08002410   0x08002410   0x00000076   Code   RO         1322    .text.USART1_IRQHandler  uart.o
    0x08002486   0x08002486   0x00000002   PAD
    0x08002488   0x08002488   0x0000000e   Code   RO         1164    .text.USART_ClearITPendingBit  stm32f10x_usart.o
    0x08002496   0x08002496   0x00000002   PAD
    0x08002498   0x08002498   0x00000014   Code   RO         1118    .text.USART_Cmd     stm32f10x_usart.o
    0x080024ac   0x080024ac   0x0000000a   Code   RO         1158    .text.USART_GetFlagStatus  stm32f10x_usart.o
    0x080024b6   0x080024b6   0x00000002   PAD
    0x080024b8   0x080024b8   0x00000032   Code   RO         1162    .text.USART_GetITStatus  stm32f10x_usart.o
    0x080024ea   0x080024ea   0x00000002   PAD
    0x080024ec   0x080024ec   0x0000002e   Code   RO         1120    .text.USART_ITConfig  stm32f10x_usart.o
    0x0800251a   0x0800251a   0x00000002   PAD
    0x0800251c   0x0800251c   0x000000b6   Code   RO         1110    .text.USART_Init    stm32f10x_usart.o
    0x080025d2   0x080025d2   0x00000002   PAD
    0x080025d4   0x080025d4   0x00000008   Code   RO         1136    .text.USART_ReceiveData  stm32f10x_usart.o
    0x080025dc   0x080025dc   0x00000008   Code   RO         1134    .text.USART_SendData  stm32f10x_usart.o
    0x080025e4   0x080025e4   0x00000002   Code   RO         1360    .text.UsageFault_Handler  stm32f10x_it.o
    0x080025e6   0x080025e6   0x00000002   PAD
    0x080025e8   0x080025e8   0x000005f0   Code   RO         1337    .text.main          main.o
    0x08002bd8   0x08002bd8   0x00000338   Code   RO         1526    CL$$btod_div_common  c_w.l(btod.o)
    0x08002f10   0x08002f10   0x00000084   Code   RO         1524    CL$$btod_e2d        c_w.l(btod.o)
    0x08002f94   0x08002f94   0x000000dc   Code   RO         1523    CL$$btod_e2e        c_w.l(btod.o)
    0x08003070   0x08003070   0x0000002a   Code   RO         1520    CL$$btod_ediv       c_w.l(btod.o)
    0x0800309a   0x0800309a   0x0000002a   Code   RO         1522    CL$$btod_edivd      c_w.l(btod.o)
    0x080030c4   0x080030c4   0x0000002a   Code   RO         1519    CL$$btod_emul       c_w.l(btod.o)
    0x080030ee   0x080030ee   0x0000002a   Code   RO         1521    CL$$btod_emuld      c_w.l(btod.o)
    0x08003118   0x08003118   0x00000244   Code   RO         1525    CL$$btod_mult_common  c_w.l(btod.o)
    0x0800335c   0x0800335c   0x0000000e   Code   RO         1688    i.__mathlib_dbl_overflow  m_ws.l(dunder.o)
    0x0800336a   0x0800336a   0x00000002   PAD
    0x0800336c   0x0800336c   0x00000010   Code   RO         1690    i.__mathlib_dbl_underflow  m_ws.l(dunder.o)
    0x0800337c   0x0800337c   0x00000010   Code   RO         1558    i.__mathlib_narrow  m_ws.l(narrow.o)
    0x0800338c   0x0800338c   0x000000bc   Code   RO         1559    i.__mathlib_tofloat  m_ws.l(narrow.o)
    0x08003448   0x08003448   0x00000016   Code   RO         1666    i.__support_ldexp   m_ws.l(ldexp.o)
    0x0800345e   0x0800345e   0x0000000e   Code   RO         1400    i._is_digit         c_w.l(__printf_wp.o)
    0x0800346c   0x0800346c   0x00000058   Code   RO         1643    i.frexp             m_ws.l(frexp.o)
    0x080034c4   0x080034c4   0x00000074   Code   RO         1667    i.ldexp             m_ws.l(ldexp.o)
    0x08003538   0x08003538   0x0000002c   Code   RO         1542    locale$$code        c_w.l(lc_numeric_c.o)
    0x08003564   0x08003564   0x0000002c   Code   RO         1651    locale$$code        c_w.l(lc_ctype_c.o)
    0x08003590   0x08003590   0x00000062   Code   RO         1636    x$fpl$d2f           fz_ws.l(d2f.o)
    0x080035f2   0x080035f2   0x00000002   PAD
    0x080035f4   0x080035f4   0x00000010   Code   RO         1682    x$fpl$dcheck1       fz_ws.l(dcheck1.o)
    0x08003604   0x08003604   0x00000018   Code   RO         1655    x$fpl$dcmpinf       fz_ws.l(dcmpi.o)
    0x0800361c   0x0800361c   0x00000078   Code   RO         1638    x$fpl$deqf          fz_ws.l(deqf.o)
    0x08003694   0x08003694   0x00000078   Code   RO         1657    x$fpl$dleqf         fz_ws.l(dleqf.o)
    0x0800370c   0x0800370c   0x0000009c   Code   RO         1659    x$fpl$dnaninf       fz_ws.l(dnaninf.o)
    0x080037a8   0x080037a8   0x0000006c   Code   RO         1640    x$fpl$drleqf        fz_ws.l(drleqf.o)
    0x08003814   0x08003814   0x000000c4   Code   RO         1427    x$fpl$fadd          fz_ws.l(faddsub_clz.o)
    0x080038d8   0x080038d8   0x00000184   Code   RO         1434    x$fpl$fdiv          fz_ws.l(fdiv.o)
    0x08003a5c   0x08003a5c   0x00000036   Code   RO         1437    x$fpl$ffix          fz_ws.l(ffix.o)
    0x08003a92   0x08003a92   0x00000002   PAD
    0x08003a94   0x08003a94   0x00000030   Code   RO         1442    x$fpl$fflt          fz_ws.l(fflt_clz.o)
    0x08003ac4   0x08003ac4   0x00000026   Code   RO         1441    x$fpl$ffltu         fz_ws.l(fflt_clz.o)
    0x08003aea   0x08003aea   0x00000002   PAD
    0x08003aec   0x08003aec   0x00000102   Code   RO         1447    x$fpl$fmul          fz_ws.l(fmul.o)
    0x08003bee   0x08003bee   0x0000008c   Code   RO         1475    x$fpl$fnaninf       fz_ws.l(fnaninf.o)
    0x08003c7a   0x08003c7a   0x0000000a   Code   RO         1477    x$fpl$fretinf       fz_ws.l(fretinf.o)
    0x08003c84   0x08003c84   0x000000ea   Code   RO         1429    x$fpl$fsub          fz_ws.l(faddsub_clz.o)
    0x08003d6e   0x08003d6e   0x00000006   Code   RO         1550    x$fpl$ieeestatus    fz_ws.l(istatus.o)
    0x08003d74   0x08003d74   0x00000064   Code   RO         1727    x$fpl$retnan        fz_ws.l(retnan.o)
    0x08003dd8   0x08003dd8   0x0000005c   Code   RO         1663    x$fpl$scalbn        fz_ws.l(scalbn.o)
    0x08003e34   0x08003e34   0x00000004   Code   RO         1449    x$fpl$scanf1        fz_ws.l(scanf1.o)
    0x08003e38   0x08003e38   0x00000008   Code   RO         1552    x$fpl$scanf2        fz_ws.l(scanf2.o)
    0x08003e40   0x08003e40   0x00000030   Code   RO         1756    x$fpl$trapveneer    fz_ws.l(trapv.o)
    0x08003e70   0x08003e70   0x00000000   Code   RO         1479    x$fpl$usenofp       fz_ws.l(usenofp.o)
    0x08003e70   0x08003e70   0x00000011   Data   RO         1403    .constdata          c_w.l(__printf_flags_wp.o)
    0x08003e81   0x08003e81   0x00000003   PAD
    0x08003e84   0x08003e84   0x00000094   Data   RO         1514    .constdata          c_w.l(bigflt0.o)
    0x08003f18   0x08003f18   0x00000004   Data   RO          759    .rodata.ADCPrescTable  stm32f10x_rcc.o
    0x08003f1c   0x08003f1c   0x00000010   Data   RO          758    .rodata.APBAHBPrescTable  stm32f10x_rcc.o
    0x08003f2c   0x08003f2c   0x000005f0   Data   RO         1288    .rodata.OLED_F8x16  oled.o
    0x0800451c   0x0800451c   0x0000016f   Data   RO         1342    .rodata.str1.1      main.o
    0x0800468b   0x0800468b   0x00000001   PAD
    0x0800468c   0x0800468c   0x00000010   Data   RO         1785    Region$$Table       anon$$obj.o
    0x0800469c   0x0800469c   0x00000008   Data   RO         1546    c$$dinf             fz_ws.l(fpconst.o)
    0x080046a4   0x080046a4   0x00000008   Data   RO         1549    c$$dmax             fz_ws.l(fpconst.o)
    0x080046ac   0x080046ac   0x0000001c   Data   RO         1541    locale$$data        c_w.l(lc_numeric_c.o)
    0x080046c8   0x080046c8   0x00000110   Data   RO         1650    locale$$data        c_w.l(lc_ctype_c.o)


    Execution Region RW_IRAM1 (Exec base: 0x20000000, Load base: 0x080047d8, Size: 0x000007c0, Max: 0x00005000, ABSOLUTE)

    Exec Addr    Load Addr    Size         Type   Attr      Idx    E Section Name        Object

    0x20000000        -       0x00000060   Zero   RW         1565    .bss                c_w.l(libspace.o)
    0x20000060        -       0x000000c8   Zero   RW         1301    .bss.ADC_Value      adc.o
    0x20000128        -       0x00000050   Zero   RW         1339    .bss.current_buf    main.o
    0x20000178        -       0x00000001   Zero   RW         1341    .bss.current_filled  main.o
    0x20000179        -       0x00000001   Zero   RW         1340    .bss.current_idx    main.o
    0x2000017a   0x080047d8   0x00000002   PAD
    0x2000017c        -       0x00000040   Zero   RW         1326    .bss.uart1_rx_buf   uart.o
    0x200001bc        -       0x00000001   Zero   RW         1324    .bss.uart1_rx_complete  uart.o
    0x200001bd        -       0x00000001   Zero   RW         1325    .bss.uart1_rx_index  uart.o
    0x200001be   0x080047d8   0x00000002   PAD
    0x200001c0        -       0x00000200   Zero   RW            2    HEAP                startup_stm32f10x_md.o
    0x200003c0        -       0x00000400   Zero   RW            1    STACK               startup_stm32f10x_md.o


==============================================================================

Image component sizes


      Code (inc. data)   RO Data    RW Data    ZI Data      Debug   Object Name

       326          0          0          0        200       3387   adc.o
        62          0          0          0          0       1484   delay.o
       154          0          0          0          0       1704   key.o
       104          0          0          0          0       2061   led.o
      1520        166        367          0         82       4750   main.o
       114          0          0          0          0       3143   misc.o
       844          0       1520          0          0       7788   oled.o
        64         26        236          0       1536        792   startup_stm32f10x_md.o
       266          0          0          0          0       9303   stm32f10x_adc.o
        94          0          0          0          0       3931   stm32f10x_dma.o
       218          0          0          0          0       5822   stm32f10x_gpio.o
        18          0          0          0          0        981   stm32f10x_it.o
       208          0         20          0          0       8204   stm32f10x_rcc.o
       338          0          0          0          0       8583   stm32f10x_usart.o
       268          0          0          0          0       2547   system_stm32f10x.o
       396          0          0          0         66       4922   uart.o

    ----------------------------------------------------------------------
      5068        192       2160          0       1888      69402   Object Totals
         0          0         16          0          0          0   (incl. Generated)
        74          0          1          0          4          0   (incl. Padding)

    ----------------------------------------------------------------------

      Code (inc. data)   RO Data    RW Data    ZI Data      Debug   Library Member Name

        60          8          0          0          0         84   __0sscanf.o
        44          6          0          0          0         84   __2sprintf.o
         8          0          0          0          0         68   __main.o
       312          4         17          0          0         92   __printf_flags_wp.o
        14          0          0          0          0         68   __printf_wp.o
         0          0          0          0          0          0   __rtentry.o
        12          0          0          0          0          0   __rtentry2.o
         6          0          0          0          0          0   __rtentry4.o
        94          8          0          0          0          0   __scatter.o
        28          0          0          0          0          0   __scatter_zi.o
        28          0          0          0          0         68   _chval.o
        44          0          0          0          0        108   _printf_char.o
        48          6          0          0          0         96   _printf_char_common.o
         6          0          0          0          0          0   _printf_d.o
       120         16          0          0          0         92   _printf_dec.o
       178          0          0          0          0         88   _printf_intcommon.o
        78          0          0          0          0        108   _printf_pad.o
         0          0          0          0          0          0   _printf_percent.o
         4          0          0          0          0          0   _printf_percent_end.o
         6          0          0          0          0          0   _printf_s.o
        82          0          0          0          0         80   _printf_str.o
        22          0          0          0          0        100   _rserrno.o
       884          6          0          0          0        100   _scanf.o
       332          0          0          0          0         96   _scanf_int.o
        64          0          0          0          0         84   _sgetc.o
        10          0          0          0          0         68   _sputc.o
        16          0          0          0          0         68   aeabi_memset.o
       228          4        148          0          0         96   bigflt0.o
      1924        136          0          0          0        752   btod.o
        18          0          0          0          0         80   exit.o
         6          0          0          0          0        152   heapauxi.o
         0          0          0          0          0          0   indicate_semi.o
        18          0          0          0          0         76   isspace.o
        44         10        272          0          0         76   lc_ctype_c.o
        44         10         28          0          0         76   lc_numeric_c.o
         2          0          0          0          0          0   libinit.o
        30          0          0          0          0          0   libinit2.o
         2          0          0          0          0          0   libshutdown.o
         2          0          0          0          0          0   libshutdown2.o
         8          4          0          0         96         68   libspace.o
        38          0          0          0          0         68   llshl.o
        16          4          0          0          0         76   rt_ctype_table.o
         8          4          0          0          0         68   rt_errno_addr_intlibspace.o
         8          4          0          0          0         68   rt_locale_intlibspace.o
        68          0          0          0          0         68   rt_memclr.o
        78          0          0          0          0         80   rt_memclr_w.o
       138          0          0          0          0         68   rt_memcpy_v6.o
       100          0          0          0          0         80   rt_memcpy_w.o
         2          0          0          0          0          0   rtexit.o
        10          0          0          0          0          0   rtexit2.o
        44          8          0          0          0         84   scanf_char.o
      1272         16          0          0          0        168   scanf_fp.o
       800         14          0          0          0        100   scanf_hexfp.o
       308         16          0          0          0        100   scanf_infnan.o
       128          0          0          0          0         68   strcmpv7m.o
        12          4          0          0          0         68   sys_exit.o
        74          0          0          0          0         80   sys_stackheap_outer.o
         2          0          0          0          0         68   use_no_semi.o
        98          4          0          0          0         92   d2f.o
        16          4          0          0          0         68   dcheck1.o
        24          0          0          0          0         68   dcmpi.o
       120          4          0          0          0         92   deqf.o
       120          4          0          0          0         92   dleqf.o
       156          4          0          0          0         92   dnaninf.o
       108          0          0          0          0         80   drleqf.o
       430          8          0          0          0        168   faddsub_clz.o
       388         76          0          0          0         96   fdiv.o
        54          4          0          0          0         84   ffix.o
        86          0          0          0          0        136   fflt_clz.o
       258          4          0          0          0         84   fmul.o
       140          4          0          0          0         84   fnaninf.o
         0          0         16          0          0          0   fpconst.o
        10          0          0          0          0         68   fretinf.o
         6          0          0          0          0         68   istatus.o
       100          0          0          0          0         68   retnan.o
        92          0          0          0          0         68   scalbn.o
         4          0          0          0          0         68   scanf1.o
         8          0          0          0          0         84   scanf2.o
        48          0          0          0          0         68   trapv.o
         0          0          0          0          0          0   usenofp.o
        30          6          0          0          0        136   dunder.o
        88          8          0          0          0         76   frexp.o
       138          0          0          0          0        160   ldexp.o
       204          4          0          0          0        168   narrow.o

    ----------------------------------------------------------------------
     10680        422        484          0         96       6508   Library Totals
        22          0          3          0          0          0   (incl. Padding)

    ----------------------------------------------------------------------

      Code (inc. data)   RO Data    RW Data    ZI Data      Debug   Library Name

      7932        288        465          0         96       4240   c_w.l
      2266        116         16          0          0       1728   fz_ws.l
       460         18          0          0          0        540   m_ws.l

    ----------------------------------------------------------------------
     10680        422        484          0         96       6508   Library Totals

    ----------------------------------------------------------------------

==============================================================================


      Code (inc. data)   RO Data    RW Data    ZI Data      Debug   

     15748        614       2644          0       1984      71830   Grand Totals
     15748        614       2644          0       1984      71830   ELF Image Totals
     15748        614       2644          0          0          0   ROM Totals

==============================================================================

    Total RO  Size (Code + RO Data)                18392 (  17.96kB)
    Total RW  Size (RW Data + ZI Data)              1984 (   1.94kB)
    Total ROM Size (Code + RO Data + RW Data)      18392 (  17.96kB)

==============================================================================

